03-03 09:36:00.292     1     1 I (5)[1:swapper/0]mdss_pll_probe: MDSS pll label = MDSS DSI 0 PLL
03-03 09:36:00.292     1     1 I (5)[1:swapper/0]mdss_pll_probe: mdss_pll_probe default set pll_res->ssc_en = 0
03-03 09:36:00.292     1     1 I (5)[1:swapper/0]mdss_pll 5e94400.qcom,mdss_dsi0_pll: Linked as a consumer to regulator.10
03-03 09:36:00.294     1     1 I (5)[1:swapper/0]dsi_pll_clock_register_14nm: Registered DSI PLL ndx=0 clocks successfully
03-03 09:36:00.294     1     1 I (5)[1:swapper/0]NET: Registered protocol family 2
03-03 09:36:00.295     1     1 I         : (7)[1:swapper/0]tcp_listen_portaddr_hash hash table entries: 4096 (order: 4, 65536 bytes)
03-03 09:36:00.295     1     1 I         : (7)[1:swapper/0]TCP established hash table entries: 65536 (order: 7, 524288 bytes)
03-03 09:36:00.295     1     1 I         : (7)[1:swapper/0]TCP bind hash table entries: 65536 (order: 8, 1048576 bytes)
03-03 09:36:00.295     1     1 I (7)[1:swapper/0]TCP: Hash tables configured (established 65536 bind 65536)
03-03 09:36:00.296     1     1 I         : (7)[1:swapper/0]UDP hash table entries: 4096 (order: 5, 131072 bytes)
03-03 09:36:00.296     1     1 I         : (7)[1:swapper/0]UDP-Lite hash table entries: 4096 (order: 5, 131072 bytes)
03-03 09:36:00.296     1     1 I (7)[1:swapper/0]NET: Registered protocol family 1
03-03 09:36:00.297    86    86 I (7)[86:kworker/7:1]arm-smmu c600000.apps-smmu: non-coherent table walk
03-03 09:36:00.297    86    86 I (7)[86:kworker/7:1]arm-smmu c600000.apps-smmu: (IDR0.CTTW overridden by FW configuration)
03-03 09:36:00.297    86    86 I (7)[86:kworker/7:1]arm-smmu c600000.apps-smmu: stream matching with 50 register groups
03-03 09:36:00.298    86    86 I (7)[86:kworker/7:1]qsmmuv500-tbu c789000.mm_rt_tbu: Linked as a consumer to regulator.8
03-03 09:36:00.299    86    86 I (7)[86:kworker/7:1]qsmmuv500-tbu c78d000.mm_nrt_tbu: Linked as a consumer to regulator.9
03-03 09:36:00.299    86    86 I (7)[86:kworker/7:1]qsmmuv500-tbu c791000.cdsp_tbu: Linked as a consumer to regulator.7
03-03 09:36:00.312    86    86 E (7)[86:kworker/7:1]ipa ipa3_smp2p_probe: 8135 fail to get smp2p clk resp bit -517
03-03 09:36:00.314    86    86 I (7)[86:kworker/7:1]ipa soc: ipa_smmu_ap: Linked as a consumer to c600000.apps-smmu
03-03 09:36:00.334    86    86 I (7)[86:kworker/7:1]iommu: Adding device soc:ipa_smmu_ap to group 0
03-03 09:36:00.336    86    86 I (7)[86:kworker/7:1]ipa soc: ipa_smmu_wlan: Linked as a consumer to c600000.apps-smmu
03-03 09:36:00.338    86    86 I (7)[86:kworker/7:1]iommu: Adding device soc:ipa_smmu_wlan to group 1
03-03 09:36:00.339    86    86 I (7)[86:kworker/7:1]ipa soc: ipa_smmu_uc: Linked as a consumer to c600000.apps-smmu
03-03 09:36:00.341    86    86 I (7)[86:kworker/7:1]iommu: Adding device soc:ipa_smmu_uc to group 2
03-03 09:36:00.342    86    86 I (7)[86:kworker/7:1]qupv3_geni_se 4ac0000.qcom,qupv3_0_geni_se: Linked as a consumer to c600000.apps-smmu
03-03 09:36:00.370    86    86 I (7)[86:kworker/7:1]iommu: Adding device 4ac0000.qcom,qupv3_0_geni_se to group 3
03-03 09:36:00.372    86    86 E (7)[86:kworker/7:1]ipa ipa3_smp2p_probe: 8135 fail to get smp2p clk resp bit -517
03-03 09:36:00.373     1     1 I         : (6)[1:swapper/0]Trying to unpack rootfs image as initramfs...
03-03 09:36:01.122     1     1 I         : (5)[1:swapper/0]Freeing initrd memory: 24552K
03-03 09:36:01.124     1     1 I (5)[1:swapper/0]hw perfevents: enabled with armv8_pmuv3 PMU driver, 7 counters available
03-03 09:36:01.133     1     1 D         : (5)[1:swapper/0]create_panic_flush_control
03-03 09:36:01.134     1     1 I         : (5)[1:swapper/0]Initialise system trusted keyrings
03-03 09:36:01.134     1     1 I (5)[1:swapper/0]workingset: timestamp_bits=45 max_order=21 bucket_order=0
03-03 09:36:01.139     1     1 I         : (5)[1:swapper/0]Registering sdcardfs 0.1
03-03 09:36:01.139     1     1 I         : (5)[1:swapper/0]fuse init (API version 7.27)
03-03 09:36:01.139     1     1 I (5)[1:swapper/0]exFAT: Version 1.2.9
03-03 09:36:01.148     1     1 I         : (5)[1:swapper/0]Key type asymmetric registered
03-03 09:36:01.148     1     1 I         : (5)[1:swapper/0]Asymmetric key parser 'x509' registered
03-03 09:36:01.148     1     1 I         : (5)[1:swapper/0]io scheduler noop registered
03-03 09:36:01.148     1     1 I         : (5)[1:swapper/0]io scheduler cfq registered (default)
03-03 09:36:01.148     1     1 I         : (5)[1:swapper/0]io scheduler mq-deadline registered
03-03 09:36:01.148     1     1 I         : (5)[1:swapper/0]io scheduler kyber registered
03-03 09:36:01.148     1     1 I         : (5)[1:swapper/0]io scheduler bfq registered
03-03 09:36:01.158     1     1 I (5)[1:swapper/0]gpi_dma 4a00000.qcom,gpi-dma: Linked as a consumer to c600000.apps-smmu
03-03 09:36:01.159     1     1 I (5)[1:swapper/0]iommu: Adding device 4a00000.qcom,gpi-dma to group 4
03-03 09:36:01.161     1     1 I (5)[1:swapper/0]subsys-pil-tz ab00000.qcom,lpass: Linked as a consumer to regulator.24
03-03 09:36:01.161     1     1 I (5)[1:swapper/0]subsys-pil-tz ab00000.qcom,lpass: Linked as a consumer to regulator.23
03-03 09:36:01.162     1     1 I (5)[1:swapper/0]subsys-pil-tz b300000.qcom,turing: Linked as a consumer to regulator.13
03-03 09:36:01.163     1     1 I (5)[1:swapper/0]subsys-pil-tz 5ab0000.qcom,venus: Linked as a consumer to regulator.5
03-03 09:36:01.163     1     1 E         : (5)[1:swapper/0]minidump-id not found for venus
03-03 09:36:01.163     1     1 I (5)[1:swapper/0]subsys-pil-tz 5ab0000.qcom,venus: for venus segments only will be dumped.
03-03 09:36:01.163     1     1 I (5)[1:swapper/0]subsys-pil-tz 5ab0000.qcom,venus: for md_venus segments only will be dumped.
03-03 09:36:01.163     1     1 I (5)[1:swapper/0]subsys-pil-tz 6080000.qcom,mss: Linked as a consumer to regulator.13
03-03 09:36:01.164     1     1 E         : (5)[1:swapper/0]minidump-id not found for ipa_fws
03-03 09:36:01.164     1     1 I (5)[1:swapper/0]subsys-pil-tz soc: qcom,ipa_fws: for ipa_fws segments only will be dumped.
03-03 09:36:01.164     1     1 I (5)[1:swapper/0]subsys-pil-tz soc: qcom,ipa_fws: for md_ipa_fws segments only will be dumped.
03-03 09:36:01.164     1     1 E         : (5)[1:swapper/0]minidump-id not found for a610_zap
03-03 09:36:01.164     1     1 I (5)[1:swapper/0]subsys-pil-tz soc: qcom,kgsl-hyp: for a610_zap segments only will be dumped.
03-03 09:36:01.164     1     1 I (5)[1:swapper/0]subsys-pil-tz soc: qcom,kgsl-hyp: for md_a610_zap segments only will be dumped.
03-03 09:36:01.167     1     1 I (5)[1:swapper/0]memshare_child soc: qcom,memshare:qcom,client_1: for memshare_GPS segments only will be dumped.
03-03 09:36:01.167     1     1 I (5)[1:swapper/0]memshare_child soc: qcom,memshare:qcom,client_2: for memshare_FTM segments only will be dumped.
03-03 09:36:01.167     1     1 I (5)[1:swapper/0]memshare_child soc: qcom,memshare:qcom,client_3: for memshare_DIAG segments only will be dumped.
03-03 09:36:01.169     1     1 E (5)[1:swapper/0]scm_call failed: func id 0xc2000502, ret: -2, syscall returns: 0xffffffffffffffff, 0x0, 0x0
03-03 09:36:01.169     1     1 E (5)[1:swapper/0]msm-eud 1610000.qcom,msm-eud: TCSR scm_io_write failed with rc:-22
03-03 09:36:01.172     1     1 I (5)[1:swapper/0]icnss c800000.qcom,icnss: Linked as a consumer to c600000.apps-smmu
03-03 09:36:01.173     1     1 I (5)[1:swapper/0]iommu: Adding device c800000.qcom,icnss to group 5
03-03 09:36:01.173     1     1 I (5)[1:swapper/0]icnss: Recursive recovery allowed for WLAN
03-03 09:36:01.173     1     1 I (5)[1:swapper/0]icnss c800000.qcom,icnss: Linked as a consumer to regulator.29
03-03 09:36:01.173     1     1 I (5)[1:swapper/0]icnss c800000.qcom,icnss: Linked as a consumer to regulator.37
03-03 09:36:01.174     1     1 I (5)[1:swapper/0]icnss c800000.qcom,icnss: Linked as a consumer to regulator.38
03-03 09:36:01.174     1     1 I (5)[1:swapper/0]icnss c800000.qcom,icnss: Linked as a consumer to regulator.44
03-03 09:36:01.174     1     1 I (5)[1:swapper/0]icnss c800000.qcom,icnss: for wcss_msa0 segments only will be dumped.
03-03 09:36:01.174     1     1 E (5)[1:swapper/0]icnss: Unable to create debugfs -19
03-03 09:36:01.174     1     1 I (5)[1:swapper/0]icnss: Platform driver probed successfully
03-03 09:36:01.180     1     1 I (5)[1:swapper/0][OHM_INFO][ohm_para_init]origin list: ctrl 0x5a02301f, logon 0x5a000000, trig 0x5a000000
03-03 09:36:01.180     1     1 I         : (5)[1:swapper/0][OHM_INFO][ohm_action_init]Success !
03-03 09:36:01.180     1     1 W         : (5)[1:swapper/0]Register process_reclaim_enable interface passed.
03-03 09:36:01.180     1     1 W         : (5)[1:swapper/0]Register va_feature interface passed.
03-03 09:36:01.180     1     1 I         : (5)[1:swapper/0][OHM_INFO][oppo_healthinfo_init]Success
03-03 09:36:01.180     1     1 E (5)[1:swapper/0]shutdown_detect: shutdown_detect:register shutdown_detect interface
03-03 09:36:01.180     1     1 W (5)[1:swapper/0][SAUPWK]: sau_pwknum proc entry create success.
03-03 09:36:01.180     1     1 E         : (5)[1:swapper/0]mm_kevent ok
03-03 09:36:01.181     1     1 I (4)[1:swapper/0]ACM: Initialize ACM moudule succeed!
03-03 09:36:01.182     1     1 I (4)[1:swapper/0]logger: created 3072K log 'svelte_log'
03-03 09:36:01.184     1     1 E (4)[1:swapper/0]oplus_charge_id_reconfig: console start get pinctrl
03-03 09:36:01.185     1     1 I (4)[1:swapper/0]msm_geni_serial 4a8c000.qcom,qup_uart: Wakeup byte 0xfd
03-03 09:36:01.185     1     1 I (4)[1:swapper/0]msm_geni_serial 4a8c000.qcom,qup_uart: Serial port0 added.FifoSize 64 is_console0
03-03 09:36:01.185     1     1 E (4)[1:swapper/0]msm_geni_serial 4a8c000.qcom,qup_uart: Failed to create dbg dir
03-03 09:36:01.187     1     1 I (4)[1:swapper/0]4a8c000.qcom,qup_uart: ttyHS0 at MMIO 0x4a8c000 (irq = 143, base_baud = 0) is a MSM
03-03 09:36:01.188     1     1 I (4)[1:swapper/0]msm_geni_serial_init: Driver initialized
03-03 09:36:01.191   218   218 I (2)[218:hwrng]random: crng init done
03-03 09:36:01.209     1     1 I (4)[1:swapper/0]brd: module loaded
03-03 09:36:01.218     1     1 I (4)[1:swapper/0]loop: module loaded
03-03 09:36:01.218     1     1 I (4)[1:swapper/0]zram: Added device: zram0
03-03 09:36:01.219     1     1 I (4)[1:swapper/0]QSEECOM: qseecom_init_control: qseecom.qsee_version = 0x1402000
03-03 09:36:01.219     1     1 W (4)[1:swapper/0]QSEECOM: qseecom_retrieve_ce_data: Device does not support PFE
03-03 09:36:01.224     1     1 I         : (4)[1:swapper/0][line:892][module:oem_qmi][oem_qmi_init] enter
03-03 09:36:01.225     1     1 I         : (4)[1:swapper/0][line:851][module:oem_qmi][oem_qmi_probe] enter
03-03 09:36:01.225     1     1 I         : (4)[1:swapper/0][line:860][module:oem_qmi][oem_qmi_probe] leave
03-03 09:36:01.225     1     1 I         : (4)[1:swapper/0][line:937][module:oem_qmi][oem_qmi_init] leave
03-03 09:36:01.226     1     1 E         : (4)[1:swapper/0]Loading pn544 driver
03-03 09:36:01.226     1     1 I (4)[1:swapper/0]qce 1b20000.qcedev: Linked as a consumer to c600000.apps-smmu
03-03 09:36:01.227     1     1 I (4)[1:swapper/0]iommu: Adding device 1b20000.qcedev to group 6
03-03 09:36:01.230     1     1 I (4)[1:swapper/0]qce 1b20000.qcedev: QTI Crypto 5.5.1 device found @0x1b20000
03-03 09:36:01.231     1     1 I (4)[1:swapper/0]sps: BAM 0x0000000001b04000 is registered.
03-03 09:36:01.231     1     1 I (4)[1:swapper/0]sps: BAM 0x0000000001b04000 (va:0x00000000808f053b) enabled: ver:0x27, number of pipes:16
03-03 09:36:01.231     1     1 I (4)[1:swapper/0]QCE50: qce_sps_init:  QTI MSM CE-BAM at 0x0000000001b04000 irq 14
03-03 09:36:01.234     1     1 I (4)[1:swapper/0]qce 1b20000.qcedev: qcom_cedev_ns_cb: Linked as a consumer to c600000.apps-smmu
03-03 09:36:01.234     1     1 I (4)[1:swapper/0]iommu: Adding device 1b20000.qcedev:qcom_cedev_ns_cb to group 7
03-03 09:36:01.235     1     1 I (4)[1:swapper/0]qce 1b20000.qcedev: qcom_cedev_s_cb: Linked as a consumer to c600000.apps-smmu
03-03 09:36:01.236     1     1 I (4)[1:swapper/0]iommu: Adding device 1b20000.qcedev:qcom_cedev_s_cb to group 8
03-03 09:36:01.238     1     1 E (4)[1:swapper/0]Error: Driver 'qcrypto' is already registered, aborting...
03-03 09:36:01.239     1     1 I (4)[1:swapper/0]ufshcd-qcom 4804000.ufshc: ufshcd_populate_vreg: Unable to find vccq-supply regulator, assuming enabled
03-03 09:36:01.239     1     1 W (4)[1:swapper/0]ufshcd-qcom 4804000.ufshc: no vccq2-voltage-level property.
03-03 09:36:01.239     1     1 I (4)[1:swapper/0]ufshcd-qcom 4804000.ufshc: Linked as a consumer to regulator.2
03-03 09:36:01.239     1     1 I (4)[1:swapper/0]ufshcd-qcom 4804000.ufshc: Linked as a consumer to regulator.45
03-03 09:36:01.239     1     1 I (4)[1:swapper/0]ufshcd-qcom 4804000.ufshc: Linked as a consumer to regulator.32
03-03 09:36:01.241     1     1 I (4)[1:swapper/0]ufshcd-qcom 4804000.ufshc: Linked as a consumer to regulator.39
03-03 09:36:01.241     1     1 I (4)[1:swapper/0]ufs_qcom_phy_qmp_v3_660 4807000.ufsphy_mem: Linked as a consumer to regulator.33
03-03 09:36:01.241     1     1 I (4)[1:swapper/0]ufs_qcom_phy_qmp_v3_660 4807000.ufsphy_mem: Linked as a consumer to regulator.25
03-03 09:36:01.241     1     1 I (4)[1:swapper/0]ufshcd-qcom 4804000.ufshc: ufs_qcom_parse_reg_info: Unable to find qcom,vccq-parent-supply regulator, assuming enabled
03-03 09:36:01.244     1     1 I (4)[1:swapper/0]scsi host0: ufshcd
03-03 09:36:01.254     1     1 I         : (4)[1:swapper/0]SCSI Media Changer driver v0.25
03-03 09:36:01.256     1     1 I         : (4)[1:swapper/0]Ethernet Channel Bonding Driver: v3.7.1 (April 27, 2011)
03-03 09:36:01.257     1     1 I         : (4)[1:swapper/0]IMQ driver loaded successfully. (numdevs = 2, numqueues = 1, imq_dev_accurate_stats = 1)
03-03 09:36:01.258     1     1 I (4)[1:swapper/0]libphy: Fixed MDIO Bus: probed
03-03 09:36:01.258     1     1 I (4)[1:swapper/0]tun: Universal TUN/TAP device driver, 1.6
03-03 09:36:01.258     1     1 I         : (4)[1:swapper/0]PPP generic driver version 2.4.2
03-03 09:36:01.258     1     1 I         : (4)[1:swapper/0]PPP BSD Compression module registered
03-03 09:36:01.258     1     1 I         : (4)[1:swapper/0]PPP Deflate Compression module registered
03-03 09:36:01.258     1     1 I         : (4)[1:swapper/0]PPP MPPE Compression module registered
03-03 09:36:01.258     1     1 I (4)[1:swapper/0]NET: Registered protocol family 24
03-03 09:36:01.258     1     1 I         : (4)[1:swapper/0]PPTP driver version 0.8.5
03-03 09:36:01.259     1     1 E (4)[1:swapper/0]cnss_utils: Unable to create debugfs -19
03-03 09:36:01.259     1     1 E (4)[1:swapper/0]wcnss_pre_alloc_init: Failed to create debugfs dir
03-03 09:36:01.259     1     1 I (4)[1:swapper/0]CLD80211: Initializing
03-03 09:36:01.259     1     1 I (4)[1:swapper/0]usbcore: registered new interface driver r8152
03-03 09:36:01.259     1     1 I (4)[1:swapper/0]usbcore: registered new interface driver asix
03-03 09:36:01.259     1     1 I (4)[1:swapper/0]usbcore: registered new interface driver ax88179_178a
03-03 09:36:01.259     1     1 I (4)[1:swapper/0]usbcore: registered new interface driver cdc_ether
03-03 09:36:01.259     1     1 I (4)[1:swapper/0]usbcore: registered new interface driver net1080
03-03 09:36:01.259     1     1 I (4)[1:swapper/0]usbcore: registered new interface driver cdc_subset
03-03 09:36:01.259     1     1 I (4)[1:swapper/0]usbcore: registered new interface driver zaurus
03-03 09:36:01.259     1     1 I (4)[1:swapper/0]usbcore: registered new interface driver cdc_ncm
03-03 09:36:01.268     1     1 I (4)[1:swapper/0]msm_sharedmem: msm_sharedmem_probe: Device created for client 'rmtfs'
03-03 09:36:01.271   272   272 E (1)[272:kworker/u24:7]ufshcd-qcom 4804000.ufshc: ufshcd_print_pwr_info:[RX, TX]: gear=[1, 1], lane[1, 1], pwr[SLOWAUTO_MODE, SLOWAUTO_MODE], rate = 0
03-03 09:36:01.275     1     1 I (4)[1:swapper/0]msm_sharedmem: msm_sharedmem_probe: Device created for client 'oembackup'
03-03 09:36:01.277     1     1 W (4)[1:swapper/0]msm-qusb-phy 1613000.qusb: 1613000.qusb supply USB3_GDSC not found, using dummy regulator
03-03 09:36:01.277     1     1 I (4)[1:swapper/0]msm-qusb-phy 1613000.qusb: Linked as a consumer to regulator.0
03-03 09:36:01.277     1     1 I (4)[1:swapper/0]msm-qusb-phy 1613000.qusb: Linked as a consumer to regulator.25
03-03 09:36:01.277     1     1 I (4)[1:swapper/0]msm-qusb-phy 1613000.qusb: Linked as a consumer to regulator.36
03-03 09:36:01.277     1     1 I (4)[1:swapper/0]msm-qusb-phy 1613000.qusb: Linked as a consumer to regulator.33
03-03 09:36:01.278     1     1 I (4)[1:swapper/0]msm-usb-ssphy-qmp 1615000.ssphy: Linked as a consumer to regulator.25
03-03 09:36:01.278     1     1 I (4)[1:swapper/0]msm-usb-ssphy-qmp 1615000.ssphy: Linked as a consumer to regulator.33
03-03 09:36:01.280     1     1 I (4)[1:swapper/0]msm-dwc3 4e00000.ssusb: Linked as a consumer to c600000.apps-smmu
03-03 09:36:01.280     1     1 I (4)[1:swapper/0]iommu: Adding device 4e00000.ssusb to group 9
03-03 09:36:01.281     1     1 I (4)[1:swapper/0]msm-dwc3 4e00000.ssusb: Linked as a consumer to regulator.3
03-03 09:36:01.282     1     1 E (4)[1:swapper/0]dwc3 4e00000.dwc3: Failed to get clk 'ref': -2
03-03 09:36:01.282     1     1 I (4)[1:swapper/0]dwc3 4e00000.dwc3: changing max_speed on rev 00000000
03-03 09:36:01.284     1     1 E         : (4)[1:swapper/0]Invalid index Defaulting curr to 0
03-03 09:36:01.286     1     1 I (4)[1:swapper/0]msm-dwc3 4e00000.ssusb: Dropping the link to regulator.3
03-03 09:36:01.288     1     1 I (4)[1:swapper/0]usbcore: registered new interface driver usb-storage
03-03 09:36:01.288     1     1 I (4)[1:swapper/0]usbcore: registered new interface driver usb_ehset_test
03-03 09:36:01.288     1     1 I (4)[1:swapper/0]usbcore: registered new interface driver lvs
03-03 09:36:01.289     1     1 I (4)[1:swapper/0]usbcore: registered new interface driver xpad
03-03 09:36:01.289     1     1 E (4)[1:swapper/0][TP]focaltech,fts: tp_driver_init is called
03-03 09:36:01.289     1     1 E (4)[1:swapper/0][TP]Goodix-gt9886: tp_driver_init is called
03-03 09:36:01.289     1     1 E (4)[1:swapper/0][TP]novatek,nf_nt36525b: nvt_driver_init is called
03-03 09:36:01.289     1     1 E (4)[1:swapper/0][TP]himax,hx83112a_nf: tp_driver_init is called
03-03 09:36:01.289     1     1 E (4)[1:swapper/0][TP]ilitek,ili9881h: tp_driver_init_ili_9881h is called
03-03 09:36:01.289     1     1 E (4)[1:swapper/0][TP]ilitek,ili9881h: platform probe
03-03 09:36:01.290     1     1 E (4)[1:swapper/0][TP]ilitek,ili9881h: spi clock = 7000000
03-03 09:36:01.290     1     1 E (4)[1:swapper/0][TP]ilitek,ili9881h: spi idev->spi->max_speed_hz = 12000000
03-03 09:36:01.290     1     1 E (4)[1:swapper/0][TP]ilitek,ili9881h: name = ilitek, bus_num = 0,cs = 0, mode = 0, speed = 7000000
03-03 09:36:01.290     1     1 E (4)[1:swapper/0][TP]touchpanel: register_common_touch_device  is called
03-03 09:36:01.290     1     1 E (4)[1:swapper/0][TP]touchpanel: project_id not specified
03-03 09:36:01.290     1     1 E (4)[1:swapper/0][TP]touchpanel: platform_support_project_external_name not specified
03-03 09:36:01.290     1     1 E (4)[1:swapper/0][TP]touchpanel: platform_support_project_external_name not specified
03-03 09:36:01.290     1     1 E (4)[1:swapper/0][TP]touchpanel: platform_support_project_external_name not specified
03-03 09:36:01.290     1     1 E (4)[1:swapper/0][TP]touchpanel: platform_support_project_external_name not specified
03-03 09:36:01.290     1     1 E (4)[1:swapper/0][TP]touchpanel: platform_support_project_external_name not specified
03-03 09:36:01.290     1     1 E (4)[1:swapper/0][TP]touchpanel: platform_support_project_external_name not specified
03-03 09:36:01.290     1     1 E         : (4)[1:swapper/0][TP] prj_id = [20671],panel_data->project_num = [6]
03-03 09:36:01.290     1     1 E         : (4)[1:swapper/0][TP] platform_support_commandline = ili9881h
03-03 09:36:01.290     1     1 E         : (4)[1:swapper/0][TP] Driver match the project
03-03 09:36:01.290     1     1 E (4)[1:swapper/0][TP]touchpanel: panel_data.vid_len not specified
03-03 09:36:01.290     1     1 E (4)[1:swapper/0][TP]touchpanel: tp_type not specified
03-03 09:36:01.290     1     1 E (4)[1:swapper/0][TP]touchpanel: smooth_level not specified
03-03 09:36:01.290     1     1 E (4)[1:swapper/0][TP]touchpanel: vdd_2v8_volt not defined
03-03 09:36:01.290     1     1 E (4)[1:swapper/0][TP]touchpanel: init_parse_dts : irq_gpio = 1271, irq_flags = 0x2002, reset_gpio = 1270
03-03 09:36:01.290     1     1 E (4)[1:swapper/0][TP]touchpanel: ts->cs-gpio not specified
03-03 09:36:01.290     1     1 E (4)[1:swapper/0][TP]touchpanel: id1_gpio not specified
03-03 09:36:01.290     1     1 E (4)[1:swapper/0][TP]touchpanel: id2_gpio not specified
03-03 09:36:01.290     1     1 E (4)[1:swapper/0][TP]touchpanel: id3_gpio not specified
03-03 09:36:01.290     1     1 E (4)[1:swapper/0][TP]touchpanel: Failed to get the high state pinctrl handle
03-03 09:36:01.290     1     1 E (4)[1:swapper/0][TP]touchpanel: Failed to get the low state pinctrl handle
03-03 09:36:01.290     1     1 E (4)[1:swapper/0][TP]touchpanel: Failed to get the input state pinctrl handle
03-03 09:36:01.290     1     1 E (4)[1:swapper/0][TP]touchpanel: ts->hw_res.enable2v8_gpio not specified
03-03 09:36:01.290     1     1 E (4)[1:swapper/0][TP]touchpanel: ts->hw_res.enable1v8_gpio not specified
03-03 09:36:01.290     1     1 E (4)[1:swapper/0][TP]touchpanel: int-mode not specified
03-03 09:36:01.290     1     1 E (4)[1:swapper/0][TP]touchpanel: No firmware in dts !
03-03 09:36:01.290     1     1 E (4)[1:swapper/0][TP]touchpanel: ts->irq_need_dev_resume_time = 500
03-03 09:36:01.290     1     1 E (4)[1:swapper/0][TP]touchpanel: TX_NUM = 18, RX_NUM = 32
03-03 09:36:01.290     1     1 E (4)[1:swapper/0][TP]touchpanel: tx-rx-num not set
03-03 09:36:01.290     1     1 E (4)[1:swapper/0][TP]touchpanel: EARSENSE_TX_NUM = 18, EARSENSE_RX_NUM = 16
03-03 09:36:01.290     1     1 E (4)[1:swapper/0][TP]touchpanel: LCD_WIDTH = 720, LCD_HEIGHT = 1600, max_x = 720, max_y = 1600, limit_witdh = 0, limit_height = 54
03-03 09:36:01.290     1     1 E (4)[1:swapper/0][TP]touchpanel: smooth_level_array not specified -22
03-03 09:36:01.290     1     1 E (4)[1:swapper/0][TP]touchpanel: smooth_level_charging_array not specified -22
03-03 09:36:01.290     1     1 E (4)[1:swapper/0][TP]touchpanel: sensitive_level_array not specified -22
03-03 09:36:01.290     1     1 E (4)[1:swapper/0][TP]touchpanel: error:button-type should be setting in dts!
03-03 09:36:01.290     1     1 E (4)[1:swapper/0][TP]touchpanel: error:button-TRx should be setting in dts!
03-03 09:36:01.290     1     1 E (4)[1:swapper/0][TP]touchpanel: panel is incell!
03-03 09:36:01.290     1     1 E (4)[1:swapper/0][TP]touchpanel: ts->curved_size not specified
03-03 09:36:01.290     1     1 E (4)[1:swapper/0][TP]touchpanel: ts->single_optimized_time not specified
03-03 09:36:01.290     1     1 E (4)[1:swapper/0][TP]touchpanel: register_common_touch_device No synaptics ic cancel async work
03-03 09:36:01.290     1     1 W (4)[1:swapper/0]ILITEK_TDDI spi0.0: spi0.0 supply vcc_1v8 not found, using dummy regulator
03-03 09:36:01.290     1     1 I (4)[1:swapper/0]ILITEK_TDDI spi0.0: Linked as a consumer to regulator.0
03-03 09:36:01.290     1     1 W (4)[1:swapper/0]ILITEK_TDDI spi0.0: spi0.0 supply vdd_2v8 not found, using dummy regulator
03-03 09:36:01.290     1     1 E (4)[1:swapper/0][TP]ilitek,ili9881h: set reset pin low
03-03 09:36:01.290     1     1 E (4)[1:swapper/0][TP]touchpanel: init_input_device is called
03-03 09:36:01.291     1     1 I (4)[1:swapper/0]input: touchpanel as /devices/virtual/input/input1
03-03 09:36:01.291     1     1 I (4)[1:swapper/0]input: touchpanel_kpd as /devices/virtual/input/input2
03-03 09:36:01.291     1     1 W         : (4)[1:swapper/0]project is coco-b
03-03 09:36:01.291     1     1 I (4)[1:swapper/0][TP]vendor: OFILM fw:tp/20671/FW_B_NF_ILI9881H_90HZ_BOE.bin limit:tp/20671/LIMIT_B_NF_ILI9881H_90HZ_BOE.ini
03-03 09:36:01.291     1     1 E (4)[1:swapper/0][TP]ilitek,ili9881h: chip_info->tp_type = 0, panel_data->test_limit_name = tp/20671/LIMIT_B_NF_ILI9881H_90HZ_BOE.ini, panel_data->fw_name = tp/20671/FW_B_NF_ILI9881H_90HZ_BOE.bin
03-03 09:36:01.291     1     1 E (4)[1:swapper/0][TP]ilitek,ili9881h:  
03-03 09:36:01.291     1     1 E (4)[1:swapper/0][TP]ilitek,ili9881h: doing other process!
03-03 09:36:01.291     1     1 W (4)[1:swapper/0]genirq: irq_chip msmgpio did not update eff. affinity mask of irq 213
03-03 09:36:01.291     1     1 E (4)[1:swapper/0][TP]touchpanel: Clock ticks for an esd cycle: 500
03-03 09:36:01.291     1     1 E (4)[1:swapper/0][TP]touchpanel: Esd protector started, cycle: 2 s
03-03 09:36:01.292     1     1 E (4)[1:swapper/0][TP]touchpanel: init_touchpanel_proc entry
03-03 09:36:01.292     1     1 E (4)[1:swapper/0][TP]touchpanel: init_debug_info_proc entry
03-03 09:36:01.292     1     1 E (4)[1:swapper/0][TP]touchpanel: Touch panel probe : normal end
03-03 09:36:01.292     1     1 E (4)[1:swapper/0][TP]ilitek,ili9881h: ilitek_fw_update start
03-03 09:36:01.292     1     1 E (4)[1:swapper/0][TP]ilitek,ili9881h: request firmware failed
03-03 09:36:01.292     1     1 E (4)[1:swapper/0][TP]ilitek,ili9881h: TP HW RST
03-03 09:36:01.292     1     1 E (4)[1:swapper/0][TP]ilitek,ili9881h: edge delay = 12
03-03 09:36:01.292     0     0 E (3)[295:irq/213-touchpa][TP]ilitek,ili9881h: ignore interrupt !
03-03 09:36:01.298     0     0 E (3)[295:irq/213-touchpa][TP]ilitek,ili9881h: ignore interrupt !
03-03 09:36:01.310     1     1 E (4)[1:swapper/0][TP]ilitek,ili9881h: Enable ICE mode, mcu on = 0
03-03 09:36:01.312     1     1 I (4)[1:swapper/0]spi_geni 4a88000.spi: tx_fifo 16 rx_fifo 16 tx_width 32
03-03 09:36:01.313     1     1 E (4)[1:swapper/0][TP]ilitek,ili9881h: ILITEK CHIP (98811115, 9881) found.
03-03 09:36:01.313     1     1 E (4)[1:swapper/0][TP]ilitek,ili9881h: CHIP INFO: PID = 98811115, ID = 9881, TYPE = 110015, OTP = 15, ANA = 13
03-03 09:36:01.313     1     1 E (4)[1:swapper/0][TP]ilitek,ili9881h: ILITEK CHIP (98811115, 9881) found.
03-03 09:36:01.314     1     1 E (4)[1:swapper/0]ILITEK: (ilitek_tddi_fw_upgrade, 690): Open file fail, try upgrade from hex file
03-03 09:36:01.314     1     1 E (4)[1:swapper/0][TP]ilitek,ili9881h: p_firmware_headfile->firmware_size = 0x1F040
03-03 09:36:01.314     1     1 E (4)[1:swapper/0][TP]ilitek,ili9881h: Start to parse ILI file, type = 159, block_count = 5
03-03 09:36:01.314     1     1 E (4)[1:swapper/0][TP]ilitek,ili9881h: Block[1]: start_addr = 0, end = ffff
03-03 09:36:01.314     1     1 E (4)[1:swapper/0][TP]ilitek,ili9881h: Block[2]: start_addr = 10000, end = 11fff
03-03 09:36:01.314     1     1 E (4)[1:swapper/0][TP]ilitek,ili9881h: Block[3]: start_addr = 12000, end = 121ff
03-03 09:36:01.314     1     1 E (4)[1:swapper/0][TP]ilitek,ili9881h: Block[4]: start_addr = 1d000, end = 1efff
03-03 09:36:01.314     1     1 E (4)[1:swapper/0][TP]ilitek,ili9881h: Block[5]: start_addr = 13000, end = 1cfff
03-03 09:36:01.314     1     1 E (4)[1:swapper/0][TP]ilitek,ili9881h: Tag 0xB0: change Block[2] to addr = 0x20870
03-03 09:36:01.314     1     1 E (4)[1:swapper/0][TP]ilitek,ili9881h: Tag 0xB0: change Block[3] to addr = 0x20670
03-03 09:36:01.314     1     1 E (4)[1:swapper/0][TP]ilitek,ili9881h: Upgarde = IRAM, Tag = af
03-03 09:36:01.314     1     1 E (4)[1:swapper/0][TP]ilitek,ili9881h: gesture memory start = 0xdf00, upgrade lenth = 0x2000, hex area = 57088, ges_start_addr = 0x1d000, ges_end_addr = 0x1ee2a
03-03 09:36:01.314     1     1 E (4)[1:swapper/0][TP]ilitek,ili9881h: New FW ver = 0x84210b00
03-03 09:36:01.314     1     1 E (4)[1:swapper/0][TP]ilitek,ili9881h: star_addr = 0x000000, end_addr = 0x01F000, Block Num = 5
03-03 09:36:01.314     1     1 E (4)[1:swapper/0][TP]ilitek,ili9881h: Enable ICE mode, mcu on = 0
03-03 09:36:01.314     1     1 E (4)[1:swapper/0][TP]ilitek,ili9881h: ice mode already enabled
03-03 09:36:01.314     1     1 E (4)[1:swapper/0][TP]ilitek,ili9881h: Disable WDT, key = 9881
03-03 09:36:01.315     1     1 E (4)[1:swapper/0][TP]ilitek,ili9881h: WDT turn off succeed
03-03 09:36:01.316     1     1 E (4)[1:swapper/0][TP]ilitek,ili9881h: otp prog_mode = 0x80, prog_done = 0x0
03-03 09:36:01.316     1     1 E (4)[1:swapper/0][TP]ilitek,ili9881h: TP HW RST
03-03 09:36:01.316     1     1 E (4)[1:swapper/0][TP]ilitek,ili9881h: edge delay = 12
03-03 09:36:01.323     0     0 E (3)[295:irq/213-touchpa][TP]ilitek,ili9881h: ignore interrupt !
03-03 09:36:01.335     1     1 E (4)[1:swapper/0][TP]ilitek,ili9881h: Enable ICE mode, mcu on = 0
03-03 09:36:01.335     1     1 E (4)[1:swapper/0][TP]ilitek,ili9881h: ILITEK CHIP (98811115, 9881) found.
03-03 09:36:01.356     1     1 E (4)[1:swapper/0][TP]ilitek,ili9881h: Disable WDT, key = 9881
03-03 09:36:01.357     1     1 E (4)[1:swapper/0][TP]ilitek,ili9881h: WDT turn off succeed
03-03 09:36:01.357     1     1 E (4)[1:swapper/0][TP]ilitek,ili9881h: Download AP code from hex 0x0 to IRAM 0x0, len = 0x10000
03-03 09:36:01.450     1     1 E (0)[1:swapper/0][TP]ilitek,ili9881h: r_len = 4
03-03 09:36:01.450     1     1 E (0)[1:swapper/0][TP]ilitek,ili9881h: AP CRC is Correct ! hex(0xF6CEF907) : dma(0xF6CEF907) : iram(0xF6CEF907), calculation len is 0xFFFC
03-03 09:36:01.450     1     1 E (0)[1:swapper/0][TP]ilitek,ili9881h: Download DATA code from hex 0x10000 to IRAM 0x20870, len = 0x2000
03-03 09:36:01.464     1     1 E (0)[1:swapper/0][TP]ilitek,ili9881h: r_len = 4
03-03 09:36:01.464     1     1 E (0)[1:swapper/0][TP]ilitek,ili9881h: DATA CRC is Correct ! hex(0x23CF2855) : dma(0x23CF2855) : iram(0x23CF2855), calculation len is 0x1FFC
03-03 09:36:01.464     1     1 E (0)[1:swapper/0][TP]ilitek,ili9881h: Download TUNING code from hex 0x12000 to IRAM 0x20670, len = 0x200
03-03 09:36:01.468     1     1 E (0)[1:swapper/0][TP]ilitek,ili9881h: r_len = 4
03-03 09:36:01.468     1     1 E (0)[1:swapper/0][TP]ilitek,ili9881h: TUNING CRC is Correct ! hex(0xBBA73252) : dma(0xBBA73252) : iram(0xBBA73252), calculation len is 0x1FC
03-03 09:36:01.468     1     1 E (0)[1:swapper/0][TP]ilitek,ili9881h: TP IC Code RST
03-03 09:36:01.468     1     1 E (0)[1:swapper/0][TP]ilitek,ili9881h: Disable ICE mode, mcu on = 0
03-03 09:36:01.479     1     1 E (0)[1:swapper/0][TP]ilitek,ili9881h: get protocl version
03-03 09:36:01.479     1     1 E (0)[1:swapper/0][TP]ilitek,ili9881h: cmd = 0x22, len = 5
03-03 09:36:01.480     0     0 E (3)[295:irq/213-touchpa][TP]ilitek,ili9881h: wake_up_interruptible !
03-03 09:36:01.482     1     1 E (0)[1:swapper/0][TP]ilitek,ili9881h: same procotol version, do nothing
03-03 09:36:01.482     1     1 E (0)[1:swapper/0][TP]ilitek,ili9881h: Protocol version = 5.6.0
03-03 09:36:01.482     1     1 E (0)[1:swapper/0][TP]ilitek,ili9881h: cmd = 0x21, len = 10
03-03 09:36:01.484     0     0 E (3)[295:irq/213-touchpa][TP]ilitek,ili9881h: wake_up_interruptible !
03-03 09:36:01.486     1     1 E (0)[1:swapper/0][TP]ilitek,ili9881h: Firmware version = 132.33.11.0
03-03 09:36:01.486     1     1 E (0)[1:swapper/0][TP]ilitek,ili9881h: manufacture_info.version: RA378_B_BOE_0B
03-03 09:36:01.486     1     1 E (0)[1:swapper/0][TP]ilitek,ili9881h: cmd = 0x23, len = 6
03-03 09:36:01.487     0     0 E (3)[295:irq/213-touchpa][TP]ilitek,ili9881h: wake_up_interruptible !
03-03 09:36:01.489     1     1 E (7)[1:swapper/0]ILITEK: (ilitek_thp_slave_mode_send_cmd, 637): THP get Wrong checksum or wrong header, checksum = 0, buf = 1
03-03 09:36:01.489     1     1 E (7)[1:swapper/0][TP]ilitek,ili9881h: Core version = 1.4.5.211
03-03 09:36:01.489     1     1 E (7)[1:swapper/0][TP]ilitek,ili9881h: cmd = 0x20, len = 15
03-03 09:36:01.490     0     0 E (3)[295:irq/213-touchpa][TP]ilitek,ili9881h: wake_up_interruptible !
03-03 09:36:01.492     1     1 E (7)[1:swapper/0][TP]ilitek,ili9881h: TP Info: min_x = 0, min_y = 0, max_x = 2047, max_y = 2047
03-03 09:36:01.492     1     1 E (7)[1:swapper/0][TP]ilitek,ili9881h: TP Info: xch = 18, ych = 32, stx = 18, srx = 32
03-03 09:36:01.493     1     1 E (7)[1:swapper/0][TP]ilitek,ili9881h: cmd = 0x29, len = 7
03-03 09:36:01.494     0     0 E (3)[295:irq/213-touchpa][TP]ilitek,ili9881h: wake_up_interruptible !
03-03 09:36:01.496     1     1 E (7)[1:swapper/0][TP]ilitek,ili9881h: read ic Panel info: width = 720, height = 1600
03-03 09:36:01.496     1     1 E (7)[1:swapper/0][TP]ilitek,ili9881h: Succeed to create ioctl under /proc
03-03 09:36:01.496     1     1 E (7)[1:swapper/0][TP]ilitek,ili9881h: Succeed to create fw_process under /proc
03-03 09:36:01.496     1     1 E (7)[1:swapper/0][TP]ilitek,ili9881h: Succeed to create fw_upgrade under /proc
03-03 09:36:01.496     1     1 E (7)[1:swapper/0][TP]ilitek,ili9881h: Succeed to create debug_level under /proc
03-03 09:36:01.496     1     1 E (7)[1:swapper/0][TP]ilitek,ili9881h: Succeed to create mp_lcm_on_test under /proc
03-03 09:36:01.496     1     1 E (7)[1:swapper/0][TP]ilitek,ili9881h: Succeed to create mp_lcm_off_test under /proc
03-03 09:36:01.496     1     1 E (7)[1:swapper/0][TP]ilitek,ili9881h: Succeed to create debug_message under /proc
03-03 09:36:01.496     1     1 E (7)[1:swapper/0][TP]ilitek,ili9881h: Succeed to create debug_message_switch under /proc
03-03 09:36:01.496     1     1 E (7)[1:swapper/0][TP]ilitek,ili9881h: Succeed to create fw_pc_counter under /proc
03-03 09:36:01.496     1     1 E (7)[1:swapper/0][TP]ilitek,ili9881h: Succeed to create show_delta_data under /proc
03-03 09:36:01.496     1     1 E (7)[1:swapper/0][TP]ilitek,ili9881h: Succeed to create show_raw_data under /proc
03-03 09:36:01.496     1     1 E (7)[1:swapper/0][TP]ilitek,ili9881h: Succeed to create get_debug_mode_data under /proc
03-03 09:36:01.496     1     1 E (7)[1:swapper/0][TP]ilitek,ili9881h: Succeed to create rw_tp_reg under /proc
03-03 09:36:01.496     1     1 E (7)[1:swapper/0][TP]ilitek,ili9881h: Succeed to create change_list under /proc
03-03 09:36:01.496     1     1 E (7)[1:swapper/0][TP]ilitek,ili9881h: Initialise Netlink and create its socket
03-03 09:36:01.496     1     1 E (7)[1:swapper/0][TP]ilitek,ili9881h: ilitek_platform_probe:change esd handle time to 2 s
03-03 09:36:01.496     1     1 E (7)[1:swapper/0][TP]ilitek,ili9881h: Succeed to add driver
03-03 09:36:01.496     1     1 I (7)[1:swapper/0][TP]ILITEK: [INFO](tp_driver_init_ili_9882n, 3732): tp_driver_init_ili_9882n is called
03-03 09:36:01.496     1     1 I (7)[1:swapper/0][TP]ILITEK: [INFO](tp_driver_init_ili_9882n, 3747): Succeed to add driver
03-03 09:36:01.496     1     1 W         : (7)[1:swapper/0][+silead_fp-] SILEAD_FP Driver, Version: v0.3.0.
03-03 09:36:01.498     1     1 E         : (7)[1:swapper/0]ancfp_init, found not jiiov sensor
03-03 09:36:01.499     1     1 I (7)[1:swapper/0]rtc-pm8xxx 1c40000.qcom,spmi: qcom,pm6125@0:qcom,pm6125_rtc: rtc core: registered pm8xxx_rtc as rtc0
03-03 09:36:01.500     1     1 I (7)[1:swapper/0]rtc-pm8xxx 1c40000.qcom,spmi: qcom,pm6125@0:qcom,pm6125_rtc: setting system clock to 1972-03-03 09:36:01 UTC (68463361)
03-03 09:36:01.500     1     1 I         : (7)[1:swapper/0]i2c /dev entries driver
03-03 09:36:01.500     1     1 I (7)[1:swapper/0]i2c_geni 4a84000.i2c: Bus frequency is set to 400000Hz
03-03 09:36:01.506     1     1 I (7)[1:swapper/0]PMIC@SID0: PM8008 v1.0 options: 0, 0, 0, 0
03-03 09:36:01.511     1     1 I (7)[1:swapper/0]I2C PMIC: i2c_pmic_probe: I2C PMIC probe successful
03-03 09:36:01.514     1     1 I (7)[1:swapper/0]qcom,pm8008-regulator 4a84000.i2c: qcom,pm8008@9:qcom,pm8008-regulator: Linked as a consumer to regulator.19
03-03 09:36:01.514     1     1 I (7)[1:swapper/0]qcom,pm8008-regulator 4a84000.i2c: qcom,pm8008@9:qcom,pm8008-regulator: Linked as a consumer to regulator.49
03-03 09:36:01.519     1     1 I (7)[1:swapper/0]pm8008_l5: Bringing 1800000uV into 2800000-2800000uV
03-03 09:36:01.522     1     1 I (7)[1:swapper/0]pm8008_l6: Bringing 2800000uV into 1800000-1800000uV
03-03 09:36:01.524     1     1 I (7)[1:swapper/0]pm8008_l7: Bringing 2800000uV into 3300000-3300000uV
03-03 09:36:01.527     1     1 I (7)[1:swapper/0]I2C PMIC: i2c_pmic_probe: I2C PMIC probe successful
03-03 09:36:01.531     1     1 I (0)[1:swapper/0]PMIC@SID0: SMB1355 v1.1 options: 0, 0, 0, 0
03-03 09:36:01.531     1     1 I (0)[1:swapper/0]I2C PMIC: i2c_pmic_probe: I2C PMIC probe successful
03-03 09:36:01.532   277   277 E (0)[277:kworker/u24:8]nqx_probe: enter
03-03 09:36:01.532   277   277 E         : (0)[277:kworker/u24:8]is_support_chip, nfc not supported, or oplus_nfc has not started
03-03 09:36:01.532   277   277 E         : (0)[277:kworker/u24:8]nqx_probe device not support, exit
03-03 09:36:01.532   277   277 W (0)[277:kworker/u24:8]nq-nci: probe of 0-0028 failed with error -12
03-03 09:36:01.533     1     1 E (0)[1:swapper/0]pn544_probe: enter
03-03 09:36:01.533     1     1 E         : (0)[1:swapper/0]is_support_chip, nfc not supported, or oplus_nfc has not started
03-03 09:36:01.533     1     1 E         : (0)[1:swapper/0]pn544_probe device not support, exit
03-03 09:36:01.533     1     1 W (0)[1:swapper/0]pn553: probe of 0-0029 failed with error -12
03-03 09:36:01.533     1     1 E (0)[1:swapper/0]i2c i2c-0: Failed to register i2c client aw87359_spk_pa at 0x58 (-16)
03-03 09:36:01.533     1     1 E (0)[1:swapper/0]i2c i2c-0: of_i2c: Failure registering /soc/i2c@4a84000/aw87359_spk_i2c@58
03-03 09:36:01.533     1     1 E (0)[1:swapper/0]i2c i2c-0: Failed to create I2C device for /soc/i2c@4a84000/aw87359_spk_i2c@58
03-03 09:36:01.533     1     1 E (0)[1:swapper/0]bengal-pinctrl 400000.pinctrl: pin GPIO_6 already requested by 4a88000.spi; cannot claim for 4a88000.i2c
03-03 09:36:01.533     1     1 E (0)[1:swapper/0]bengal-pinctrl 400000.pinctrl: pin-6 (4a88000.i2c) status -22
03-03 09:36:01.533     1     1 E (0)[1:swapper/0]bengal-pinctrl 400000.pinctrl: could not request pin 6 (GPIO_6) from group gpio6  on device 400000.pinctrl
03-03 09:36:01.533     1     1 E (0)[1:swapper/0]i2c_geni 4a88000.i2c: Error applying setting, reverse things back
03-03 09:36:01.533     1     1 W (0)[1:swapper/0]i2c_geni: probe of 4a88000.i2c failed with error -22
03-03 09:36:01.551     1     1 I (0)[1:swapper/0]SMB1355: smb1355_probe: smb1355 probed successfully pl_mode=USBIN-USBIN batfet_mode=NON-STACKED_BATFET
03-03 09:36:01.554     1     1 E         : (0)[1:swapper/0][OPLUS_CHG][oplus_chg_parse_svooc_dt]oplus_parse_svooc_dt, chip->vbatt_num = 1,chip->vooc_project = 0.
03-03 09:36:01.554     1     1 E         : (0)[1:swapper/0][OPLUS_CHG][smb5_probe]gauge chip null, will do after bettery init.
03-03 09:36:01.577     1     1 I (0)[1:swapper/0]reg-cooling-device soc: qcom,rpm-smd:rpm-regulator-smpa3:cx-cdev-lvl: Linked as a consumer to regulator.14
03-03 09:36:01.578     1     1 I (0)[1:swapper/0]reg-cooling-device soc: qcom,rpm-smd:rpm-regulator-smpa5:mx-cdev-lvl: Linked as a consumer to regulator.16
03-03 09:36:01.586     1     1 I (1)[1:swapper/0]device-mapper: uevent: version 1.0.3
03-03 09:36:01.586     1     1 I (1)[1:swapper/0]device-mapper: ioctl: 4.39.0-ioctl (2018-04-03) initialised: dm-devel@redhat.com
03-03 09:36:01.587     1     1 I (1)[1:swapper/0]bt_power_populate_dt_pinfo: bt-reset-gpio not provided in devicetree
03-03 09:36:01.587     1     1 I (1)[1:swapper/0]bt_power_populate_dt_pinfo: wl-reset-gpio not provided in devicetree
03-03 09:36:01.587     1     1 I (1)[1:swapper/0]bt_dt_parse_vreg_info: qca,bt-vdd-ldo: is not provided in device tree
03-03 09:36:01.587     1     1 I (1)[1:swapper/0]bt_dt_parse_vreg_info: qca,bt-chip-pwd: is not provided in device tree
03-03 09:36:01.587     1     1 I (1)[1:swapper/0]bt_dt_parse_vreg_info: qca,bt-vdd-aon: is not provided in device tree
03-03 09:36:01.587     1     1 I (1)[1:swapper/0]bt_dt_parse_vreg_info: qca,bt-vdd-dig: is not provided in device tree
03-03 09:36:01.587     1     1 I (1)[1:swapper/0]bt_dt_parse_vreg_info: qca,bt-vdd-rfa1: is not provided in device tree
03-03 09:36:01.587     1     1 I (1)[1:swapper/0]bt_dt_parse_vreg_info: qca,bt-vdd-rfa2: is not provided in device tree
03-03 09:36:01.587     1     1 I (1)[1:swapper/0]bt_dt_parse_vreg_info: qca,bt-vdd-asd: is not provided in device tree
03-03 09:36:01.587     1     1 I (1)[1:swapper/0]bt_dt_parse_clk_info: clocks is not provided in device tree
03-03 09:36:01.592     1     1 I (1)[1:swapper/0]sdhci: Secure Digital Host Controller Interface driver
03-03 09:36:01.592     1     1 I (1)[1:swapper/0]sdhci: Copyright(c) Pierre Ossman
03-03 09:36:01.592     1     1 I (1)[1:swapper/0]sdhci-pltfm: SDHCI platform and OF driver helper
03-03 09:36:01.594   277   277 E (0)[277:kworker/u24:8]sdhci_msm 4784000.sdhci: core_reset unavailable,err = -2
03-03 09:36:01.594   277   277 E (0)[277:kworker/u24:8]sdhci_msm 4784000.sdhci: Reset data parsing error
03-03 09:36:01.598   277   277 I (0)[277:kworker/u24:8]sdhci_msm 4784000.sdhci: Linked as a consumer to regulator.43
03-03 09:36:01.598   277   277 I (0)[277:kworker/u24:8]sdhci_msm 4784000.sdhci: Linked as a consumer to regulator.26
03-03 09:36:01.598   277   277 I (0)[277:kworker/u24:8]sdhci_msm 4784000.sdhci: Linked as a consumer to regulator.28
03-03 09:36:01.598     1     1 I (1)[1:swapper/0]qpnp_vibrator_ldo_probe: Vibrator LDO successfully registered: uV = 3000000, overdrive = disabled
03-03 09:36:01.600     1     1 I (1)[1:swapper/0]usbcore: registered new interface driver usbhid
03-03 09:36:01.600     1     1 I (1)[1:swapper/0]usbhid: USB HID core driver
03-03 09:36:01.600     1     1 I (1)[1:swapper/0]ashmem: initialized
03-03 09:36:01.601     1     1 I (1)[1:swapper/0]hans_core_init: -
03-03 09:36:01.604     1     1 I (1)[1:swapper/0]bimc-bwmon 1b8e300.qcom,cpu-cpu-ddr-bwmon: BW HWmon governor registered.
03-03 09:36:01.606     1     1 I (1)[1:swapper/0]arm-memlat-mon soc: qcom,cpu0-cpugrp:qcom,cpu0-cpu-ddr-latmon: Memory Latency governor registered.
03-03 09:36:01.607     1     1 I (1)[1:swapper/0]arm-memlat-mon soc: qcom,cpu0-cpugrp:qcom,cpu0-computemon: Compute governor registered.
03-03 09:36:01.607     1     1 I (1)[1:swapper/0]arm-memlat-mon soc: qcom,cpu4-cpugrp:qcom,cpu4-cpu-ddr-latmon: Memory Latency governor registered.
03-03 09:36:01.607     1     1 I (1)[1:swapper/0]arm-memlat-mon soc: qcom,cpu4-cpugrp:qcom,cpu4-computemon: Compute governor registered.
03-03 09:36:01.611   277   277 I (2)[277:kworker/u24:8]mmc0: SDHCI controller on 4784000.sdhci [4784000.sdhci] using 64-bit ADMA in legacy mode
03-03 09:36:01.614     1     1 I (7)[1:swapper/0][l2 counters error]: Registered L2 cache PMU cluster 0
03-03 09:36:01.614     1     1 I (7)[1:swapper/0][l2 counters error]: Registered L2 cache PMU cluster 1
03-03 09:36:01.614    19    19 I (0)[19:cpuhp/0]l2cache-pmu soc: l2cache_pmu: CPU0 associated with cluster 0
03-03 09:36:01.614    20    20 I (1)[20:cpuhp/1]l2cache-pmu soc: l2cache_pmu: CPU1 associated with cluster 0
03-03 09:36:01.614    29    29 I (2)[29:cpuhp/2]l2cache-pmu soc: l2cache_pmu: CPU2 associated with cluster 0
03-03 09:36:01.614    38    38 I (3)[38:cpuhp/3]l2cache-pmu soc: l2cache_pmu: CPU3 associated with cluster 0
03-03 09:36:01.614    47    47 I (4)[47:cpuhp/4]l2cache-pmu soc: l2cache_pmu: CPU4 associated with cluster 1
03-03 09:36:01.614    56    56 I (5)[56:cpuhp/5]l2cache-pmu soc: l2cache_pmu: CPU5 associated with cluster 1
03-03 09:36:01.614    65    65 I (6)[65:cpuhp/6]l2cache-pmu soc: l2cache_pmu: CPU6 associated with cluster 1
03-03 09:36:01.614    74    74 I (7)[74:cpuhp/7]l2cache-pmu soc: l2cache_pmu: CPU7 associated with cluster 1
03-03 09:36:01.614     1     1 I (7)[1:swapper/0]l2cache-pmu soc: l2cache_pmu: Registered L2 cache PMU using 2 HW PMUs
03-03 09:36:01.615     1     1 E (7)[1:swapper/0]coresight-tmc 8047000.tmc: No csr data
03-03 09:36:01.615     1     1 E (7)[1:swapper/0]coresight-tmc 8047000.tmc: invalid cti data
03-03 09:36:01.615     1     1 I (7)[1:swapper/0]coresight-tmc 8048000.tmc: Linked as a consumer to c600000.apps-smmu
03-03 09:36:01.615     1     1 I (7)[1:swapper/0]iommu: Adding device 8048000.tmc to group 10
03-03 09:36:01.617     1     1 I (7)[1:swapper/0]coresight-stm 8002000.stm: stm_register_device failed, probing deffered
03-03 09:36:01.617     1     1 E (7)[1:swapper/0]OF: graph: no port node found in /soc/cti@8B30000
03-03 09:36:01.617     1     1 E (7)[1:swapper/0]OF: graph: no port node found in /soc/cti@98E0000
03-03 09:36:01.617     1     1 E (7)[1:swapper/0]OF: graph: no port node found in /soc/cti@98F0000
03-03 09:36:01.618     1     1 E (7)[1:swapper/0]OF: graph: no port node found in /soc/cti@8867000
03-03 09:36:01.618     1     1 E (7)[1:swapper/0]OF: graph: no port node found in /soc/cti@8833000
03-03 09:36:01.618     1     1 E (7)[1:swapper/0]OF: graph: no port node found in /soc/cti@8A02000
03-03 09:36:01.618     1     1 E (7)[1:swapper/0]OF: graph: no port node found in /soc/cti@8B59000
03-03 09:36:01.618     1     1 E (7)[1:swapper/0]OF: graph: no port node found in /soc/cti@8B5A000
03-03 09:36:01.618     1     1 E (7)[1:swapper/0]OF: graph: no port node found in /soc/cti@8B5B000
03-03 09:36:01.618     1     1 E (7)[1:swapper/0]OF: graph: no port node found in /soc/cti@8B5C000
03-03 09:36:01.618     1     1 E (7)[1:swapper/0]OF: graph: no port node found in /soc/cti@8010000
03-03 09:36:01.618     1     1 E (7)[1:swapper/0]OF: graph: no port node found in /soc/cti@8011000
03-03 09:36:01.618     1     1 E (7)[1:swapper/0]OF: graph: no port node found in /soc/cti@801a000
03-03 09:36:01.618     1     1 E (7)[1:swapper/0]OF: graph: no port node found in /soc/cti@801b000
03-03 09:36:01.618     1     1 E (7)[1:swapper/0]OF: graph: no port node found in /soc/cti@801c000
03-03 09:36:01.619     1     1 E (7)[1:swapper/0]OF: graph: no port node found in /soc/cti@801d000
03-03 09:36:01.619     1     1 E (7)[1:swapper/0]OF: graph: no port node found in /soc/cti@801e000
03-03 09:36:01.619     1     1 E (7)[1:swapper/0]OF: graph: no port node found in /soc/cti@801f000
03-03 09:36:01.619     1     1 E (7)[1:swapper/0]OF: graph: no port node found in /soc/cti@8012000
03-03 09:36:01.619     1     1 E (7)[1:swapper/0]OF: graph: no port node found in /soc/cti@8013000
03-03 09:36:01.619     1     1 E (7)[1:swapper/0]OF: graph: no port node found in /soc/cti@8014000
03-03 09:36:01.619     1     1 E (7)[1:swapper/0]OF: graph: no port node found in /soc/cti@8015000
03-03 09:36:01.619     1     1 E (7)[1:swapper/0]OF: graph: no port node found in /soc/cti@8016000
03-03 09:36:01.619     1     1 E (7)[1:swapper/0]OF: graph: no port node found in /soc/cti@8017000
03-03 09:36:01.619     1     1 E (7)[1:swapper/0]OF: graph: no port node found in /soc/cti@8018000
03-03 09:36:01.619     1     1 E (7)[1:swapper/0]OF: graph: no port node found in /soc/cti@8019000
03-03 09:36:01.623     1     1 E (7)[1:swapper/0]OF: graph: no port node found in /soc/csr@8001000
03-03 09:36:01.623     1     1 I (7)[1:swapper/0]coresight-csr 8001000.csr: CSR initialized: coresight-csr
03-03 09:36:01.623     1     1 E (7)[1:swapper/0]OF: graph: no port node found in /soc/csr@8a03000
03-03 09:36:01.623     1     1 I (7)[1:swapper/0]coresight-csr 8a03000.csr: CSR initialized: coresight-swao-csr
03-03 09:36:01.623     1     1 E (7)[1:swapper/0]OF: graph: no port node found in /soc/hwevent
03-03 09:36:01.623     1     1 I (7)[1:swapper/0]coresight-hwevent soc: hwevent: Hardware Event driver initialized
03-03 09:36:01.624     1     1 I (7)[1:swapper/0]coresight-dummy soc: modem_rfxe: Dummy device initialized
03-03 09:36:01.624     1     1 I (7)[1:swapper/0]coresight-dummy soc: snoc: Dummy device initialized
03-03 09:36:01.624     1     1 I (7)[1:swapper/0]coresight-dummy soc: tpdm@8a26000: Dummy device initialized
03-03 09:36:01.624     1     1 I (7)[1:swapper/0]coresight-dummy soc: tpdm@899c000: Dummy device initialized
03-03 09:36:01.625     1     1 I (7)[1:swapper/0]coresight-remote-etm soc: audio_etm0: Remote ETM initialized
03-03 09:36:01.625     1     1 I (7)[1:swapper/0]coresight-remote-etm soc: turing_etm0: Remote ETM initialized
03-03 09:36:01.625     1     1 I (7)[1:swapper/0]coresight-remote-etm soc: modem_etm0: Remote ETM initialized
03-03 09:36:01.625     1     1 E (7)[1:swapper/0]OF: graph: no port node found in /soc/tgu@9900000
03-03 09:36:01.626     1     1 I (7)[1:swapper/0]usbcore: registered new interface driver snd-usb-audio
03-03 09:36:01.626     1     1 I (7)[1:swapper/0]uaudio-qmi soc: usb_audio_qmi_dev: Linked as a consumer to c600000.apps-smmu
03-03 09:36:01.626     1     1 I (7)[1:swapper/0]iommu: Adding device soc:usb_audio_qmi_dev to group 11
03-03 09:36:01.628     1     1 W (7)[1:swapper/0]dsi_phy 5e94400.qcom,mdss_dsi_phy0: 5e94400.qcom,mdss_dsi_phy0 supply gdsc not found, using dummy regulator
03-03 09:36:01.628     1     1 I (7)[1:swapper/0]dsi_phy 5e94400.qcom,mdss_dsi_phy0: Linked as a consumer to regulator.0
03-03 09:36:01.628     1     1 I (7)[1:swapper/0]dsi_phy 5e94400.qcom,mdss_dsi_phy0: Linked as a consumer to regulator.16
03-03 09:36:01.628     1     1 I (7)[1:swapper/0][drm:dsi_phy_driver_probe] [msm-dsi-info]: DSI_0: Probe successful
03-03 09:36:01.628     1     1 W (7)[1:swapper/0]drm_dsi_ctrl 5e94000.qcom,mdss_dsi0_ctrl: 5e94000.qcom,mdss_dsi0_ctrl supply refgen not found, using dummy regulator
03-03 09:36:01.628     1     1 I (7)[1:swapper/0]drm_dsi_ctrl 5e94000.qcom,mdss_dsi0_ctrl: Linked as a consumer to regulator.0
03-03 09:36:01.628     1     1 I (7)[1:swapper/0]drm_dsi_ctrl 5e94000.qcom,mdss_dsi0_ctrl: Linked as a consumer to regulator.39
03-03 09:36:01.628     1     1 E (7)[1:swapper/0]AXI: get_pdata(): Error: Client name not found
03-03 09:36:01.628     1     1 E (7)[1:swapper/0]AXI: msm_bus_cl_get_pdata(): client has to provide missing entry for successful registration
03-03 09:36:01.628     1     1 I (7)[1:swapper/0][drm:dsi_ctrl_dev_probe] [msm-dsi-info]: dsi-ctrl-0: Probe successful
03-03 09:36:01.629     1     1 E (7)[1:swapper/0]OF: graph: no port node found in /soc/qcom,dsi-display-primary
