03-03 09:36:05.626   505   505 I (6)[505:recovery]EXT4-fs (dm-0): mounted filesystem without journal. Opts: barrier=1
03-03 09:36:05.627   505   505 E (6)[505:recovery]ufshcd-qcom 4804000.ufshc: ufshcd_ioctl: User buffer is NULL!
03-03 09:36:05.643   505   505 I (0)[505:recovery]EXT4-fs (dm-1): mounted filesystem without journal. Opts: barrier=1
03-03 09:36:05.645   505   505 E (3)[505:recovery]ufshcd-qcom 4804000.ufshc: ufshcd_ioctl: User buffer is NULL!
03-03 09:36:05.652   505   505 I (3)[505:recovery]EXT4-fs (dm-2): mounted filesystem without journal. Opts: barrier=1
03-03 09:36:05.692     1     1 E (2)[1:init]: Control message: Could not find 'android.hardware.keymaster@4.0::IKeymasterDevice/default' for ctl.interface_start from pid: 498 (/system/bin/hwservicemanager)
03-03 09:36:05.756   505   505 I (7)[505:recovery]F2FS-fs (sda12): Mounted with checkpoint version = 63bd8f96
03-03 09:36:05.759     1     1 I (3)[1:init]: processing action (ro.boot.dynamic_partitions=true && ro.crypto.state=encrypted) from (/init.recovery.qcom_decrypt.rc:15)
03-03 09:36:05.759     1     1 I (3)[1:init]: starting service 'prepdecrypt'...
03-03 09:36:05.763     1     1 I (3)[1:init]: processing action (ro.crypto.state=encrypted && ro.crypto.type=file) from (/init.recovery.qcom_decrypt.fbe.rc:3)
03-03 09:36:05.763     1     1 I (3)[1:init]: Keyring created with id 77856588 in process 1
03-03 09:36:05.763     1     1 I (3)[1:init]: processing action (ro.crypto.state=encrypted && ro.crypto.type=file) from (/init.recovery.qcom_decrypt.fbe.rc:3)
03-03 09:36:05.763     1     1 I (3)[1:init]: Keyring is already created
03-03 09:36:06.693     1     1 E (1)[1:init]: Control message: Could not find 'android.hardware.keymaster@4.0::IKeymasterDevice/default' for ctl.interface_start from pid: 498 (/system/bin/hwservicemanager)
03-03 09:36:06.768   505   505 I (3)[505:recovery]binder: 505:505 ioctl 40046210 7fc7254fc4 returned -22
03-03 09:36:06.770     1     1 E (3)[1:init]: Control message: Could not find 'aidl/android.system.keystore2.IKeystoreService/default' for ctl.interface_start from pid: 499 (/system/bin/servicemanager)
03-03 09:36:07.091     1     1 I (1)[1:init]: processing action (crypto.ready=1 && hwservicemanager.ready=true) from (/init.recovery.qcom_decrypt.rc:20)
03-03 09:36:07.091     1     1 I (1)[1:init]: starting service 'qseecomd'...
03-03 09:36:07.103     1     1 I (1)[1:init]: Service 'prepdecrypt' (pid 541) exited with status 0 oneshot service took 1.341000 seconds in background
03-03 09:36:07.103     1     1 I (1)[1:init]: Sending signal 9 to service 'prepdecrypt' (pid 541) process group...
03-03 09:36:07.103     1     1 I (1)[1:init]libprocessgroup: Successfully killed process cgroup uid 0 pid 541 in 0ms
03-03 09:36:07.116   562   562 E (3)[562:qseecomd]ufshcd-qcom 4804000.ufshc: ufshcd_query_ioctl: hba->dev_info.w_manufacturer_id 1ad
03-03 09:36:07.116   562   562 E (3)[562:qseecomd]ufshcd-qcom 4804000.ufshc: ufshcd_query_ioctl:selector 0
03-03 09:36:07.123   562   562 E (3)[562:qseecomd]ufshcd-qcom 4804000.ufshc: ufshcd_query_ioctl: hba->dev_info.w_manufacturer_id 1ad
03-03 09:36:07.123   562   562 E (3)[562:qseecomd]ufshcd-qcom 4804000.ufshc: ufshcd_query_ioctl:selector 0
03-03 09:36:07.123   562   562 E (3)[562:qseecomd]ufshcd-qcom 4804000.ufshc: ufshcd_query_ioctl: hba->dev_info.w_manufacturer_id 1ad
03-03 09:36:07.123   562   562 E (3)[562:qseecomd]ufshcd-qcom 4804000.ufshc: ufshcd_query_ioctl:selector 0
03-03 09:36:07.136   562   562 I (3)[562:qseecomd]binder: 562:562 ioctl 40046210 7fc7480a04 returned -22
--------- beginning of system
04-30 15:08:13.740   562   569 I QISL    : QSEE Interrupt Service Listener Thread is started
04-30 15:08:13.741   562   569 I QISL    : QSEE Interrupt Service Listener was activated successfully
04-30 15:08:13.742   562   562 D SPL     : Call QSEECom_register_listener()
04-30 15:08:13.743   562   562 D SPL     : Registered listener sucessfully!
04-30 15:08:13.743   562   562 D SPL     : pipe read-fd [33] write-fd [34]
04-30 15:08:13.743   562   562 D SPL     : Create thread
04-30 15:08:13.743   562   562 D SPL     : Thread created sucessfully.
04-30 15:08:13.743   562   570 D SPL     : spl_dispatch() started
04-30 15:08:13.744   562   570 D SPL     : ==== Wait For Request ======
03-03 09:36:07.160     1     1 I (3)[1:init]: processing action (vendor.sys.listeners.registered=true) from (/init.recovery.qcom_decrypt.rc:26)
03-03 09:36:07.160     1     1 I (3)[1:init]: starting service 'keymaster-4-0-qti'...
03-03 09:36:07.164     1     1 I (1)[1:init]: processing action (vendor.sys.listeners.registered=true) from (/init.recovery.qcom_decrypt.fbe.rc:6)
03-03 09:36:07.164     1     1 I (1)[1:init]: starting service 'gatekeeper-1-0-qti'...
03-03 09:36:07.179   573   573 I (3)[573:android.hardwar]binder: 573:573 ioctl 40046210 7fe54cb944 returned -22
03-03 09:36:07.183     1     1 I (1)[1:init]: Service 'gatekeeper-1-0-qti' (pid 573) exited with status 1
03-03 09:36:07.183     1     1 I (1)[1:init]: Sending signal 9 to service 'gatekeeper-1-0-qti' (pid 573) process group...
03-03 09:36:07.183     1     1 I (1)[1:init]libprocessgroup: Successfully killed process cgroup uid 0 pid 573 in 0ms
03-03 09:36:07.210   572   572 I (7)[572:android.hardwar]binder: 572:572 ioctl 40046210 7fe4057e14 returned -22
03-03 09:36:07.737   416   416 E (3)[416:tbatt_pwroff]QG-K: qg_get_battery_temp: pre_voltage_0 = 541
03-03 09:36:07.737   416   416 E (3)[416:tbatt_pwroff]QG-K: qg_get_battery_temp: v_temp = 543, ichg = 334, temp_before = 345, temp_after = 342
03-03 09:36:07.740   381   381 E (1)[381:kworker/1:9]QG-K: qg_get_battery_temp: pre_voltage_0 = 541
03-03 09:36:07.740   381   381 E (1)[381:kworker/1:9]QG-K: qg_get_battery_temp: v_temp = 543, ichg = 334, temp_before = 345, temp_after = 342
03-03 09:36:07.767   381   381 I         : (1)[381:kworker/1:9][OPLUS_CHG][oplus_chg_print_log] CHGR[ 0 / 0 / 3 / 3 / 2 ], 			BAT[ 1 / 0 / 0 / 0 / 1 / 0 ], 			GAUGE[ 342 / 3750 / 3750 / 334 / -1 / 34 / 34 / 34 / 1700 ], STATUS[ 0x0 / 0 / 0 / 0 / 0 / 0x0 ], 			OTHER[ 1 / 1 / 101 / 2 / 0/ 0 / -2740], 			DEVICETREE[ 4100 / 0 / 0 / 0]
03-03 09:36:07.770   381   381 E (1)[381:kworker/1:9]QG-K: qg_get_parallel_current_now: parallel_isense = -1373
03-03 09:36:07.770   381   381 E         : (1)[381:kworker/1:9]get prop 249 is not supported in batt
03-03 09:36:07.774    89    89 I (1)[89:kworker/1:1]QG-K: is_batt_id_valid: id_batt_id_valid project number=20671, battery id voltage=303
03-03 09:36:07.778    89    89 E (1)[89:kworker/1:1]QG-K: qg_get_battery_temp: pre_voltage_0 = 539
03-03 09:36:07.778    89    89 E (1)[89:kworker/1:1]QG-K: qg_get_battery_temp: v_temp = 541, ichg = 339, temp_before = 347, temp_after = 345
03-03 09:36:07.901   505   505 I (3)[505:recovery]fscrypt: AES-256-CTS-CBC using implementation "cts(cbc-aes-ce)"
03-03 09:36:08.225   505   505 I (0)[505:recovery]EXT4-fs (sda7): recovery complete
03-03 09:36:08.226   505   505 I (0)[505:recovery]EXT4-fs (sda7): mounted filesystem with ordered data mode. Opts:
03-03 09:36:08.246   505   505 I (0)[505:recovery]EXT4-fs (dm-0): mounted filesystem without journal. Opts: barrier=1
03-03 09:36:08.247   505   505 E (0)[505:recovery]ufshcd-qcom 4804000.ufshc: ufshcd_ioctl: User buffer is NULL!
03-03 09:36:08.262   505   505 I (0)[505:recovery]EXT4-fs (dm-1): mounted filesystem without journal. Opts: barrier=1
03-03 09:36:08.294   505   505 I (0)[505:recovery]EXT4-fs (loop0): mounted filesystem without journal. Opts: (null)
03-03 09:36:08.334   505   505 I (0)[505:recovery]EXT4-fs (loop1): mounted filesystem without journal. Opts: (null)
03-03 09:36:08.678   505   505 I (2)[505:recovery]EXT4-fs (loop2): mounted filesystem without journal. Opts: (null)
03-03 09:36:08.774   505   505 I (2)[505:recovery]EXT4-fs (loop3): mounted filesystem without journal. Opts: (null)
03-03 09:36:08.826   505   505 I (7)[505:recovery]EXT4-fs (dm-0): mounted filesystem without journal. Opts: barrier=1
03-03 09:36:08.827   505   505 E (7)[505:recovery]ufshcd-qcom 4804000.ufshc: ufshcd_ioctl: User buffer is NULL!
03-03 09:36:08.837   505   505 I (3)[505:recovery]EXT4-fs (dm-1): mounted filesystem without journal. Opts: barrier=1
03-03 09:36:08.838   505   505 E (3)[505:recovery]ufshcd-qcom 4804000.ufshc: ufshcd_ioctl: User buffer is NULL!
03-03 09:36:08.843   505   505 I (3)[505:recovery]EXT4-fs (dm-2): mounted filesystem without journal. Opts: barrier=1
03-03 09:36:08.912   505   505 I (7)[505:recovery]F2FS-fs (sda12): recover fsync data on readonly fs
03-03 09:36:08.912   505   505 I (7)[505:recovery]F2FS-fs (sda12): Mounted with checkpoint version = 63bd8f99
03-03 09:36:09.525    95    95 I         : (3)[95:msm_watchdog][wdog_util]cpu avail mask: 0xff; ping mask: 0xff; irqs since last: 10290
03-03 09:36:09.538   505   505 I (1)[505:recovery]SELinux: Context u:object_r:wifi_rus_data_file:s0 is not valid (left unmapped).
03-03 09:36:09.550   505   505 I (1)[505:recovery]SELinux: Context u:object_r:vendor_qvrd_data_file:s0 is not valid (left unmapped).
03-03 09:36:09.550   505   505 I (1)[505:recovery]SELinux: Context u:object_r:vendor_sys_sxrd_data_file:s0 is not valid (left unmapped).
03-03 09:36:09.550   505   505 I (1)[505:recovery]SELinux: Context u:object_r:vendor_qcc_data_file:s0 is not valid (left unmapped).
03-03 09:36:09.551   505   505 I (1)[505:recovery]SELinux: Context u:object_r:magisk_file:s0 is not valid (left unmapped).
03-03 09:36:09.560   505   505 I (1)[505:recovery]SELinux: Context u:object_r:vendor_tombstone_data_file:s0 is not valid (left unmapped).
03-03 09:36:09.562   505   505 I (1)[505:recovery]SELinux: Context u:object_r:vendor_ramdump_vendor_data_file:s0 is not valid (left unmapped).
03-03 09:36:09.562   505   505 I (1)[505:recovery]SELinux: Context u:object_r:vendor_display_vendor_data_file:s0 is not valid (left unmapped).
03-03 09:36:09.562   505   505 I (1)[505:recovery]SELinux: Context u:object_r:vendor_lm_data_file:s0 is not valid (left unmapped).
03-03 09:36:09.566   505   505 I (1)[505:recovery]SELinux: Context u:object_r:vendor_media_data_file:s0 is not valid (left unmapped).
03-03 09:36:09.567   505   505 I (1)[505:recovery]SELinux: Context u:object_r:vendor_data_tzstorage_file:s0 is not valid (left unmapped).
03-03 09:36:09.567   505   505 I (1)[505:recovery]SELinux: Context u:object_r:vendor_camera_data_file:s0 is not valid (left unmapped).
03-03 09:36:09.592   505   505 I (1)[505:recovery]SELinux: Context u:object_r:vendor_bt_data_file:s0 is not valid (left unmapped).
03-03 09:36:09.593   505   505 I (1)[505:recovery]SELinux: Context u:object_r:vendor_wifi_vendor_data_file:s0 is not valid (left unmapped).
03-03 09:36:09.593   505   505 I (1)[505:recovery]SELinux: Context u:object_r:vendor_wifi_vendor_wpa_socket:s0 is not valid (left unmapped).
03-03 09:36:09.595   505   505 I (1)[505:recovery]SELinux: Context u:object_r:vendor_wigig_hostapd_socket:s0 is not valid (left unmapped).
03-03 09:36:09.640     1     1 I (3)[1:init]: starting service 'adbd'...
03-03 09:36:09.641     1     1 I (3)[1:init]: Created socket '/dev/socket/adbd', mode 660, user 1000, group 1000
03-03 09:36:09.669   505   505 I (1)[505:recovery]SELinux: Context u:object_r:vendor_sensing_vendor_data_file:s0 is not valid (left unmapped).
03-03 09:36:09.669   505   505 I (1)[505:recovery]SELinux: Context u:object_r:vendor_cnd_data_file:s0 is not valid (left unmapped).
03-03 09:36:09.669   505   505 I (1)[505:recovery]SELinux: Context u:object_r:vendor_audio_data_file:s0 is not valid (left unmapped).
03-03 09:36:09.672   505   505 I (1)[505:recovery]SELinux: Context u:object_r:vendor_radio_vendor_data_file:s0 is not valid (left unmapped).
03-03 09:36:09.673   505   505 I (1)[505:recovery]SELinux: Context u:object_r:vendor_mbn_data_file:s0 is not valid (left unmapped).
03-03 09:36:09.694     0     0 I         : (3)[606:usb ffs open]read descriptors
03-03 09:36:09.694     0     0 I         : (3)[606:usb ffs open]read strings
03-03 09:36:09.695     1     1 I (3)[1:init]: processing action (sys.usb.config=adb && sys.usb.configfs=1 && sys.usb.ffs.ready=1) from (/system/etc/init/hw/init.rc:201)
03-03 09:36:09.698     1     1 I (3)[1:init]: processing action (sys.usb.config=adb && sys.usb.configfs=1 && sys.usb.ffs.ready=1) from (/init.recovery.usb.rc:79)
03-03 09:36:09.699     1     1 I (3)[1:init]: Command 'symlink /config/usb_gadget/g1/functions/ffs.adb /config/usb_gadget/g1/configs/b.1/f1' action=sys.usb.config=adb && sys.usb.configfs=1 && sys.usb.ffs.ready=1 (/init.recovery.usb.rc:81) took 0ms and failed: symlink() failed: File exists
03-03 09:36:09.699     1     1 I (3)[1:init]: Command 'write /config/usb_gadget/g1/UDC ${sys.usb.controller}' action=sys.usb.config=adb && sys.usb.configfs=1 && sys.usb.ffs.ready=1 (/init.recovery.usb.rc:82) took 0ms and failed: Unable to write to file '/config/usb_gadget/g1/UDC': Unable to write file contents: Device or resource busy
03-03 09:36:09.701   456   456 I (3)[456:kworker/3:2]android_work: did not send uevent (0 0 0000000000000000)
03-03 09:36:09.856   505   505 I (5)[505:recovery]SELinux: Context u:object_r:vendor_location_data_file:s0 is not valid (left unmapped).
03-03 09:36:09.857   505   505 I (5)[505:recovery]SELinux: Context u:object_r:vendor_time_data_file:s0 is not valid (left unmapped).
03-03 09:36:09.858   505   505 I (5)[505:recovery]SELinux: Context u:object_r:vendor_mpctl_data_file:s0 is not valid (left unmapped).
03-03 09:36:09.858   505   505 I (5)[505:recovery]SELinux: Context u:object_r:vendor_secure_element_vendor_data_file:s0 is not valid (left unmapped).
03-03 09:36:09.859   505   505 I (5)[505:recovery]SELinux: Context u:object_r:vendor_iop_data_file:s0 is not valid (left unmapped).
03-03 09:36:09.860   505   505 I (5)[505:recovery]SELinux: Context u:object_r:vendor_vpp_data_file:s0 is not valid (left unmapped).
03-03 09:36:09.860   505   505 I (5)[505:recovery]SELinux: Context u:object_r:vendor_tui_data_file:s0 is not valid (left unmapped).
03-03 09:36:09.862   505   505 I (5)[505:recovery]SELinux: Context u:object_r:oppo_fingerprint_file:s0 is not valid (left unmapped).
03-03 09:36:09.863   505   505 I (5)[505:recovery]SELinux: Context u:object_r:vendor_hal_neuralnetworks_data_file:s0 is not valid (left unmapped).
03-03 09:36:09.864   505   505 I (5)[505:recovery]SELinux: Context u:object_r:vendor_log_wifi_data_file:s0 is not valid (left unmapped).
03-03 09:36:09.864   505   505 I (5)[505:recovery]SELinux: Context u:object_r:vendor_qti_data_file:s0 is not valid (left unmapped).
03-03 09:36:09.864   505   505 I (5)[505:recovery]SELinux: Context u:object_r:vendor_qcc_trd_data_file:s0 is not valid (left unmapped).
03-03 09:36:09.865   505   505 I (5)[505:recovery]SELinux: Context u:object_r:vendor_ipa_vendor_data_file:s0 is not valid (left unmapped).
03-03 09:36:09.866   505   505 I (5)[505:recovery]SELinux: Context u:object_r:vendor_netmgr_data_file:s0 is not valid (left unmapped).
03-03 09:36:09.866   505   505 I (5)[505:recovery]SELinux: Context u:object_r:vendor_netmgr_recovery_data_file:s0 is not valid (left unmapped).
03-03 09:36:09.867   505   505 I (5)[505:recovery]SELinux: Context u:object_r:vendor_port_bridge_data_file:s0 is not valid (left unmapped).
03-03 09:36:09.867   505   505 I (5)[505:recovery]SELinux: Context u:object_r:vendor_qwes_data_file:s0 is not valid (left unmapped).
03-03 09:36:09.867   505   505 I (5)[505:recovery]SELinux: Context u:object_r:vendor_tlocd_data_file:s0 is not valid (left unmapped).
03-03 09:36:09.867   505   505 I (5)[505:recovery]SELinux: Context u:object_r:vendor_qspmhal_data_file:s0 is not valid (left unmapped).
03-03 09:36:09.867   505   505 I (5)[505:recovery]SELinux: Context u:object_r:vendor_pddump_data_file:s0 is not valid (left unmapped).
03-03 09:36:09.867   505   505 I (5)[505:recovery]SELinux: Context u:object_r:vendor_mediadrm_vendor_data_file:s0 is not valid (left unmapped).
03-03 09:36:09.880   505   505 I (5)[505:recovery]SELinux: Context u:object_r:face_picture_file:s0 is not valid (left unmapped).
03-03 09:36:09.880   505   505 I (5)[505:recovery]SELinux: Context u:object_r:cryptoeng_data_file:s0 is not valid (left unmapped).
03-03 09:36:09.881   505   505 I (5)[505:recovery]SELinux: Context u:object_r:vendor_lii_file:s0 is not valid (left unmapped).
03-03 09:36:12.170     1     1 I (3)[1:init]: starting service 'gatekeeper-1-0-qti'...
03-03 09:36:12.184   608   608 I (1)[608:android.hardwar]binder: 608:608 ioctl 40046210 7fe0d0dc94 returned -22
03-03 09:36:12.188     1     1 I (2)[1:init]: Service 'gatekeeper-1-0-qti' (pid 608) exited with status 1
03-03 09:36:12.189     1     1 I (2)[1:init]: Sending signal 9 to service 'gatekeeper-1-0-qti' (pid 608) process group...
03-03 09:36:12.189     1     1 I (2)[1:init]libprocessgroup: Successfully killed process cgroup uid 0 pid 608 in 0ms
03-03 09:36:12.855   416   416 E (3)[416:tbatt_pwroff]QG-K: qg_get_battery_temp: pre_voltage_0 = 539
03-03 09:36:12.855   416   416 E (3)[416:tbatt_pwroff]QG-K: qg_get_battery_temp: v_temp = 543, ichg = 580, temp_before = 347, temp_after = 342
03-03 09:36:12.858    89    89 E (1)[89:kworker/1:1]QG-K: qg_get_battery_temp: pre_voltage_0 = 539
03-03 09:36:12.858    89    89 E (1)[89:kworker/1:1]QG-K: qg_get_battery_temp: v_temp = 543, ichg = 580, temp_before = 347, temp_after = 342
03-03 09:36:12.887    89    89 I         : (1)[89:kworker/1:1][OPLUS_CHG][oplus_chg_print_log] CHGR[ 0 / 0 / 5 / 3 / 2 ], 			BAT[ 1 / 0 / 0 / 0 / 1 / 0 ], 			GAUGE[ 342 / 3733 / 3733 / 580 / -1 / 34 / 34 / 34 / 1700 ], STATUS[ 0x0 / 0 / 0 / 0 / 0 / 0x0 ], 			OTHER[ 1 / 1 / 101 / 2 / 0/ 0 / -2740], 			DEVICETREE[ 4100 / 0 / 0 / 0]
03-03 09:36:12.890    89    89 E (1)[89:kworker/1:1]QG-K: qg_get_parallel_current_now: parallel_isense = -1525
03-03 09:36:12.890    89    89 E         : (1)[89:kworker/1:1]get prop 249 is not supported in batt
03-03 09:36:12.894   381   381 I (1)[381:kworker/1:9]QG-K: is_batt_id_valid: id_batt_id_valid project number=20671, battery id voltage=301
03-03 09:36:12.897   381   381 E (1)[381:kworker/1:9]QG-K: qg_get_battery_temp: pre_voltage_0 = 539
03-03 09:36:12.897   381   381 E (1)[381:kworker/1:9]QG-K: qg_get_battery_temp: v_temp = 542, ichg = 583, temp_before = 347, temp_after = 343
03-03 09:36:17.178     1     1 I (2)[1:init]: starting service 'gatekeeper-1-0-qti'...
03-03 09:36:17.192   609   609 I (3)[609:android.hardwar]binder: 609:609 ioctl 40046210 7ffcf881b4 returned -22
03-03 09:36:17.197     1     1 I (2)[1:init]: Service 'gatekeeper-1-0-qti' (pid 609) exited with status 1
03-03 09:36:17.197     1     1 I (2)[1:init]: Sending signal 9 to service 'gatekeeper-1-0-qti' (pid 609) process group...
03-03 09:36:17.197     1     1 I (2)[1:init]libprocessgroup: Successfully killed process cgroup uid 0 pid 609 in 0ms
03-03 09:36:17.725   416   416 E (3)[416:tbatt_pwroff]QG-K: qg_get_battery_temp: pre_voltage_0 = 540
03-03 09:36:17.725   416   416 E (3)[416:tbatt_pwroff]QG-K: qg_get_battery_temp: v_temp = 543, ichg = 583, temp_before = 346, temp_after = 342
03-03 09:36:18.745   381   381 E (1)[381:kworker/1:9]QG-K: qg_get_battery_temp: pre_voltage_0 = 539
03-03 09:36:18.745   381   381 E (1)[381:kworker/1:9]QG-K: qg_get_battery_temp: v_temp = 543, ichg = 551, temp_before = 347, temp_after = 342
03-03 09:36:18.775   381   381 I         : (1)[381:kworker/1:9][OPLUS_CHG][oplus_chg_print_log] CHGR[ 0 / 0 / 3 / 3 / 2 ], 			BAT[ 1 / 0 / 0 / 0 / 1 / 0 ], 			GAUGE[ 342 / 3722 / 3722 / 551 / -1 / 34 / 34 / 34 / 1700 ], STATUS[ 0x0 / 0 / 0 / 0 / 0 / 0x0 ], 			OTHER[ 1 / 1 / 101 / 2 / 0/ 0 / -2740], 			DEVICETREE[ 4100 / 0 / 0 / 0]
03-03 09:36:18.778   381   381 E (1)[381:kworker/1:9]QG-K: qg_get_parallel_current_now: parallel_isense = -1373
03-03 09:36:18.778   381   381 E         : (1)[381:kworker/1:9]get prop 249 is not supported in batt
03-03 09:36:18.781    89    89 I (1)[89:kworker/1:1]QG-K: is_batt_id_valid: id_batt_id_valid project number=20671, battery id voltage=301
03-03 09:36:18.784    89    89 E (1)[89:kworker/1:1]QG-K: qg_get_battery_temp: pre_voltage_0 = 540
03-03 09:36:18.784    89    89 E (1)[89:kworker/1:1]QG-K: qg_get_battery_temp: v_temp = 543, ichg = 556, temp_before = 346, temp_after = 342
03-03 09:36:18.997    95    95 I         : (3)[95:msm_watchdog][wdog_util]cpu avail mask: 0xff; ping mask: 0xff; irqs since last: 52808
03-03 09:36:22.185     1     1 I (2)[1:init]: starting service 'gatekeeper-1-0-qti'...
03-03 09:36:22.199   610   610 I (3)[610:android.hardwar]binder: 610:610 ioctl 40046210 7fe3268944 returned -22
03-03 09:36:22.203     1     1 I (2)[1:init]: Service 'gatekeeper-1-0-qti' (pid 610) exited with status 1
03-03 09:36:22.203     1     1 I (2)[1:init]: Sending signal 9 to service 'gatekeeper-1-0-qti' (pid 610) process group...
03-03 09:36:22.203     1     1 I (2)[1:init]libprocessgroup: Successfully killed process cgroup uid 0 pid 610 in 0ms
03-03 09:36:22.840   416   416 E (3)[416:tbatt_pwroff]QG-K: qg_get_battery_temp: pre_voltage_0 = 539
03-03 09:36:22.840   416   416 E (3)[416:tbatt_pwroff]QG-K: qg_get_battery_temp: v_temp = 542, ichg = 556, temp_before = 347, temp_after = 343
03-03 09:36:23.862    89    89 E (1)[89:kworker/1:1]QG-K: qg_get_battery_temp: pre_voltage_0 = 540
03-03 09:36:23.862    89    89 E (1)[89:kworker/1:1]QG-K: qg_get_battery_temp: v_temp = 543, ichg = 550, temp_before = 346, temp_after = 342
03-03 09:36:23.891    89    89 I         : (1)[89:kworker/1:1][OPLUS_CHG][oplus_chg_print_log] CHGR[ 0 / 0 / 7 / 3 / 2 ], 			BAT[ 1 / 0 / 0 / 0 / 1 / 0 ], 			GAUGE[ 342 / 3721 / 3721 / 550 / -1 / 34 / 34 / 34 / 1700 ], STATUS[ 0x0 / 0 / 0 / 0 / 0 / 0x0 ], 			OTHER[ 1 / 1 / 101 / 2 / 0/ 0 / -2740], 			DEVICETREE[ 4100 / 0 / 0 / 0]
03-03 09:36:23.894    89    89 E (1)[89:kworker/1:1]QG-K: qg_get_parallel_current_now: parallel_isense = -2441
03-03 09:36:23.894    89    89 E         : (1)[89:kworker/1:1]get prop 249 is not supported in batt
03-03 09:36:23.897   381   381 I (1)[381:kworker/1:9]QG-K: is_batt_id_valid: id_batt_id_valid project number=20671, battery id voltage=301
03-03 09:36:23.901   381   381 E (1)[381:kworker/1:9]QG-K: qg_get_battery_temp: pre_voltage_0 = 539
03-03 09:36:23.901   381   381 E (1)[381:kworker/1:9]QG-K: qg_get_battery_temp: v_temp = 542, ichg = 550, temp_before = 347, temp_after = 343
03-03 09:36:27.192     1     1 I (2)[1:init]: starting service 'gatekeeper-1-0-qti'...
03-03 09:36:27.207   611   611 I (3)[611:android.hardwar]binder: 611:611 ioctl 40046210 7ffa17d174 returned -22
03-03 09:36:27.211     1     1 I (2)[1:init]: Service 'gatekeeper-1-0-qti' (pid 611) exited with status 1
03-03 09:36:27.211     1     1 I (2)[1:init]: Sending signal 9 to service 'gatekeeper-1-0-qti' (pid 611) process group...
03-03 09:36:27.211     1     1 I (2)[1:init]libprocessgroup: Successfully killed process cgroup uid 0 pid 611 in 0ms
03-03 09:36:27.712   416   416 E (3)[416:tbatt_pwroff]QG-K: qg_get_battery_temp: pre_voltage_0 = 539
03-03 09:36:27.713   416   416 E (3)[416:tbatt_pwroff]QG-K: qg_get_battery_temp: v_temp = 542, ichg = 550, temp_before = 347, temp_after = 343
03-03 09:36:28.469    95    95 I         : (3)[95:msm_watchdog][wdog_util]cpu avail mask: 0xff; ping mask: 0xff; irqs since last: 48820
03-03 09:36:29.753   381   381 E (1)[381:kworker/1:9]QG-K: qg_get_battery_temp: pre_voltage_0 = 540
03-03 09:36:29.753   381   381 E (1)[381:kworker/1:9]QG-K: qg_get_battery_temp: v_temp = 543, ichg = 578, temp_before = 346, temp_after = 342
03-03 09:36:29.781   381   381 I         : (1)[381:kworker/1:9][OPLUS_CHG][oplus_chg_print_log] CHGR[ 0 / 0 / 6 / 3 / 2 ], 			BAT[ 1 / 0 / 0 / 0 / 1 / 0 ], 			GAUGE[ 342 / 3730 / 3730 / 578 / -1 / 34 / 34 / 34 / 1700 ], STATUS[ 0x0 / 0 / 0 / 0 / 0 / 0x0 ], 			OTHER[ 1 / 1 / 101 / 2 / 0/ 0 / -2740], 			DEVICETREE[ 4100 / 0 / 0 / 0]
03-03 09:36:29.784   381   381 E (1)[381:kworker/1:9]QG-K: qg_get_parallel_current_now: parallel_isense = -1068
03-03 09:36:29.784   381   381 E         : (1)[381:kworker/1:9]get prop 249 is not supported in batt
03-03 09:36:29.788    89    89 I (1)[89:kworker/1:1]QG-K: is_batt_id_valid: id_batt_id_valid project number=20671, battery id voltage=301
03-03 09:36:29.791    89    89 E (1)[89:kworker/1:1]QG-K: qg_get_battery_temp: pre_voltage_0 = 539
03-03 09:36:29.791    89    89 E (1)[89:kworker/1:1]QG-K: qg_get_battery_temp: v_temp = 542, ichg = 578, temp_before = 347, temp_after = 343
03-03 09:36:32.200     1     1 I (2)[1:init]: starting service 'gatekeeper-1-0-qti'...
03-03 09:36:32.216   612   612 I (0)[612:android.hardwar]binder: 612:612 ioctl 40046210 7fc7b0ea94 returned -22
03-03 09:36:32.220     1     1 I (2)[1:init]: Service 'gatekeeper-1-0-qti' (pid 612) exited with status 1
03-03 09:36:32.220     1     1 I (2)[1:init]: Sending signal 9 to service 'gatekeeper-1-0-qti' (pid 612) process group...
03-03 09:36:32.220     1     1 I (2)[1:init]libprocessgroup: Successfully killed process cgroup uid 0 pid 612 in 0ms
03-03 09:36:32.828   416   416 E (3)[416:tbatt_pwroff]QG-K: qg_get_battery_temp: pre_voltage_0 = 540
03-03 09:36:32.828   416   416 E (3)[416:tbatt_pwroff]QG-K: qg_get_battery_temp: v_temp = 543, ichg = 578, temp_before = 346, temp_after = 342
--------- beginning of main
04-30 15:08:40.043   505   505 I recovery: type=1400 audit(0.0:1511): avc: denied { getattr } for path="/data/data/tvHSqDAAAAAwyAL7adZyYWK+hh+3VnuFXrrgKC" dev="sda12" ino=601970 scontext=u:r:recovery:s0 tcontext=u:object_r:app_data_file:s0:c96,c258,c512,c768 tclass=dir permissive=1
04-30 15:08:40.043   505   505 I recovery: type=1400 audit(0.0:1512): avc: denied { read } for name="tvHSqDAAAAAwyAL7adZyYWK+hh+3VnuFXrrgKC" dev="sda12" ino=601970 scontext=u:r:recovery:s0 tcontext=u:object_r:app_data_file:s0:c96,c258,c512,c768 tclass=dir permissive=1
04-30 15:08:40.043   505   505 I recovery: type=1400 audit(0.0:1513): avc: denied { open } for path="/data/data/tvHSqDAAAAAwyAL7adZyYWK+hh+3VnuFXrrgKC" dev="sda12" ino=601970 scontext=u:r:recovery:s0 tcontext=u:object_r:app_data_file:s0:c96,c258,c512,c768 tclass=dir permissive=1
04-30 15:08:40.043   505   505 I recovery: type=1400 audit(0.0:1514): avc: denied { search } for name="tvHSqDAAAAAwyAL7adZyYWK+hh+3VnuFXrrgKC" dev="sda12" ino=601970 scontext=u:r:recovery:s0 tcontext=u:object_r:app_data_file:s0:c96,c258,c512,c768 tclass=dir permissive=1
04-30 15:08:40.047   505   505 I recovery: type=1400 audit(0.0:1515): avc: denied { getattr } for path="/data/data/tvHSqDAAAAAwyAL7adZyYWK+hh+3VnuFXrrgKC/Lwn7TDAAAAQCCFzy3ItnD1DIwGkM2v3t/4WwCJCAAAAg6O4e8,Hj5I+Rc7jlX2GKO/A+YVrBAAAAQ8YYkFVBQHDJhjQ41NGymG/t3C4YDAAAAAn7U6n5VmnJ,gM6ioTN8xa/XMuf1BAAAAgB28yIIprvl+D5avAm9BeO/qf6DwCAAAAQFHkD42xrcGGO3un6edjQi" dev="sda12" ino=644302 scontext=u:r:recovery:s0 tcontext=u:object_r:app_data_file:s0:c96,c258,c512,c768 tclass=file permissive=1
04-30 15:08:40.063   505   505 I recovery: type=1400 audit(0.0:1516): avc: denied { getattr } for path="/data/data/h9+ATDAAAAAwY5oY2oXXDF,HaigqW,7i6NqUiA" dev="sda12" ino=692539 scontext=u:r:recovery:s0 tcontext=u:object_r:app_data_file:s0:c112,c258,c512,c768 tclass=dir permissive=1
04-30 15:08:40.063   505   505 I recovery: type=1400 audit(0.0:1517): avc: denied { read } for name="h9+ATDAAAAAwY5oY2oXXDF,HaigqW,7i6NqUiA" dev="sda12" ino=692539 scontext=u:r:recovery:s0 tcontext=u:object_r:app_data_file:s0:c112,c258,c512,c768 tclass=dir permissive=1
04-30 15:08:40.063   505   505 I recovery: type=1400 audit(0.0:1518): avc: denied { open } for path="/data/data/h9+ATDAAAAAwY5oY2oXXDF,HaigqW,7i6NqUiA" dev="sda12" ino=692539 scontext=u:r:recovery:s0 tcontext=u:object_r:app_data_file:s0:c112,c258,c512,c768 tclass=dir permissive=1
04-30 15:08:40.063   505   505 I recovery: type=1400 audit(0.0:1519): avc: denied { search } for name="h9+ATDAAAAAwY5oY2oXXDF,HaigqW,7i6NqUiA" dev="sda12" ino=692539 scontext=u:r:recovery:s0 tcontext=u:object_r:app_data_file:s0:c112,c258,c512,c768 tclass=dir permissive=1
04-30 15:08:40.067   505   505 I recovery: type=1400 audit(0.0:1520): avc: denied { getattr } for path="/data/data/h9+ATDAAAAAwY5oY2oXXDF,HaigqW,7i6NqUiA/PqnDDBAAAAAY+7JvVIHhFsYp8MgxUrty/Y2QO0DAAAAAX89QiiK59Thy4t63a9vub/NesuaBAAAAQ+abeuL+CA+zVxwqKu8ejX" dev="sda12" ino=495408 scontext=u:r:recovery:s0 tcontext=u:object_r:app_data_file:s0:c112,c258,c512,c768 tclass=file permissive=1
04-30 15:08:40.091   505   505 I recovery: type=1400 audit(0.0:1521): avc: denied { getattr } for path="/data/data/lA3uQBAAAAgR+X0eLWtuN7UXvigEW3y0cAsHtD" dev="sda12" ino=172829 scontext=u:r:recovery:s0 tcontext=u:object_r:app_data_file:s0:c22,c257,c512,c768 tclass=dir permissive=1
04-30 15:08:40.091   505   505 I recovery: type=1400 audit(0.0:1522): avc: denied { read } for name="lA3uQBAAAAgR+X0eLWtuN7UXvigEW3y0cAsHtD" dev="sda12" ino=172829 scontext=u:r:recovery:s0 tcontext=u:object_r:app_data_file:s0:c22,c257,c512,c768 tclass=dir permissive=1
04-30 15:08:40.091   505   505 I recovery: type=1400 audit(0.0:1523): avc: denied { open } for path="/data/data/lA3uQBAAAAgR+X0eLWtuN7UXvigEW3y0cAsHtD" dev="sda12" ino=172829 scontext=u:r:recovery:s0 tcontext=u:object_r:app_data_file:s0:c22,c257,c512,c768 tclass=dir permissive=1
04-30 15:08:40.091   505   505 I recovery: type=1400 audit(0.0:1524): avc: denied { search } for name="lA3uQBAAAAgR+X0eLWtuN7UXvigEW3y0cAsHtD" dev="sda12" ino=172829 scontext=u:r:recovery:s0 tcontext=u:object_r:app_data_file:s0:c22,c257,c512,c768 tclass=dir permissive=1
04-30 15:08:40.091   505   505 I recovery: type=1400 audit(0.0:1525): avc: denied { getattr } for path="/data/data/lA3uQBAAAAgR+X0eLWtuN7UXvigEW3y0cAsHtD/Dqs9VCAAAAgTHgaGNQIwKoiHRbS1xj8l/u5,FmBAAAAQNfyzoY27TwnUPLUUZIQ49/asI3JAAAAAAAYh6MxD0uqIKyAwyjSs7X" dev="sda12" ino=226126 scontext=u:r:recovery:s0 tcontext=u:object_r:app_data_file:s0:c22,c257,c512,c768 tclass=file permissive=1
04-30 15:08:40.283   505   505 I recovery: type=1400 audit(0.0:1526): avc: denied { getattr } for path="/data/data/hAlcCDAAAAwQsEWVzVMP5EPFLzRZmwPXEgdzfHTu4mO" dev="sda12" ino=20344 scontext=u:r:recovery:s0 tcontext=u:object_r:app_data_file:s0:c250,c256,c512,c768 tclass=dir permissive=1
04-30 15:08:40.283   505   505 I recovery: type=1400 audit(0.0:1527): avc: denied { read } for name="hAlcCDAAAAwQsEWVzVMP5EPFLzRZmwPXEgdzfHTu4mO" dev="sda12" ino=20344 scontext=u:r:recovery:s0 tcontext=u:object_r:app_data_file:s0:c250,c256,c512,c768 tclass=dir permissive=1
04-30 15:08:40.283   505   505 I recovery: type=1400 audit(0.0:1528): avc: denied { open } for path="/data/data/hAlcCDAAAAwQsEWVzVMP5EPFLzRZmwPXEgdzfHTu4mO" dev="sda12" ino=20344 scontext=u:r:recovery:s0 tcontext=u:object_r:app_data_file:s0:c250,c256,c512,c768 tclass=dir permissive=1
04-30 15:08:40.283   505   505 I recovery: type=1400 audit(0.0:1529): avc: denied { search } for name="hAlcCDAAAAwQsEWVzVMP5EPFLzRZmwPXEgdzfHTu4mO" dev="sda12" ino=20344 scontext=u:r:recovery:s0 tcontext=u:object_r:app_data_file:s0:c250,c256,c512,c768 tclass=dir permissive=1
04-30 15:08:40.283   505   505 I recovery: type=1400 audit(0.0:1530): avc: denied { getattr } for path="/data/data/hAlcCDAAAAwQsEWVzVMP5EPFLzRZmwPXEgdzfHTu4mO/LnPcrDAAAAwJrkS67zlglw7D0DXe+GbC/SDdr1BAAAAQW4zCHuX7u16Ck0mCIgbW+/uDVELAAAAAAXhymVPe9N2PU8IBPSxVpJ/bnINbAAAAAwvpcfL9qeN81YkEXBXmmxC" dev="sda12" ino=618473 scontext=u:r:recovery:s0 tcontext=u:object_r:app_data_file:s0:c250,c256,c512,c768 tclass=file permissive=1
04-30 15:08:40.435   505   505 I recovery: type=1400 audit(0.0:1531): avc: denied { getattr } for path="/data/data/pYMEyBAAAAQ5xMmcFZiT6pbjEW0iqAUg" dev="sda12" ino=380962 scontext=u:r:recovery:s0 tcontext=u:object_r:app_data_file:s0:c124,c258,c512,c768 tclass=dir permissive=1
04-30 15:08:40.435   505   505 I recovery: type=1400 audit(0.0:1532): avc: denied { read } for name="pYMEyBAAAAQ5xMmcFZiT6pbjEW0iqAUg" dev="sda12" ino=380962 scontext=u:r:recovery:s0 tcontext=u:object_r:app_data_file:s0:c124,c258,c512,c768 tclass=dir permissive=1
04-30 15:08:40.435   505   505 I recovery: type=1400 audit(0.0:1533): avc: denied { open } for path="/data/data/pYMEyBAAAAQ5xMmcFZiT6pbjEW0iqAUg" dev="sda12" ino=380962 scontext=u:r:recovery:s0 tcontext=u:object_r:app_data_file:s0:c124,c258,c512,c768 tclass=dir permissive=1
04-30 15:08:40.435   505   505 I recovery: type=1400 audit(0.0:1534): avc: denied { search } for name="pYMEyBAAAAQ5xMmcFZiT6pbjEW0iqAUg" dev="sda12" ino=380962 scontext=u:r:recovery:s0 tcontext=u:object_r:app_data_file:s0:c124,c258,c512,c768 tclass=dir permissive=1
04-30 15:08:40.439   505   505 I recovery: type=1400 audit(0.0:1535): avc: denied { getattr } for path="/data/data/pYMEyBAAAAQ5xMmcFZiT6pbjEW0iqAUg/7DIjDCAAAAw+cQQHPnMRu7aV2mum3jij/C6V9,CAAAAA6wolrQlIRTXRuZntY9Sw5/+bjXZBAAAAQdIHpt2UHT52y,nSYJyzwuFyFHPD/6IeiICAAAAgckcocfAP6fOPe4CszbN87aUk031ApX8H" dev="sda12" ino=1310931 scontext=u:r:recovery:s0 tcontext=u:object_r:app_data_file:s0:c124,c258,c512,c768 tclass=file permissive=1
04-30 15:08:40.535   505   505 I recovery: type=1400 audit(0.0:1536): avc: denied { getattr } for path="/data/data/FhvhkAAAAAQFkE4IFFPsnGrWl450i2kllm2xQD" dev="sda12" ino=1287835 scontext=u:r:recovery:s0 tcontext=u:object_r:app_data_file:s0:c196,c258,c512,c768 tclass=dir permissive=1
04-30 15:08:40.535   505   505 I recovery: type=1400 audit(0.0:1537): avc: denied { read } for name="FhvhkAAAAAQFkE4IFFPsnGrWl450i2kllm2xQD" dev="sda12" ino=1287835 scontext=u:r:recovery:s0 tcontext=u:object_r:app_data_file:s0:c196,c258,c512,c768 tclass=dir permissive=1
04-30 15:08:40.535   505   505 I recovery: type=1400 audit(0.0:1538): avc: denied { open } for path="/data/data/FhvhkAAAAAQFkE4IFFPsnGrWl450i2kllm2xQD" dev="sda12" ino=1287835 scontext=u:r:recovery:s0 tcontext=u:object_r:app_data_file:s0:c196,c258,c512,c768 tclass=dir permissive=1
04-30 15:08:40.535   505   505 I recovery: type=1400 audit(0.0:1539): avc: denied { search } for name="FhvhkAAAAAQFkE4IFFPsnGrWl450i2kllm2xQD" dev="sda12" ino=1287835 scontext=u:r:recovery:s0 tcontext=u:object_r:app_data_file:s0:c196,c258,c512,c768 tclass=dir permissive=1
04-30 15:08:40.539   505   505 I recovery: type=1400 audit(0.0:1540): avc: denied { getattr } for path="/data/data/FhvhkAAAAAQFkE4IFFPsnGrWl450i2kllm2xQD/55ZU,AAAAAQa7oih65pcjotBk4yK+2FK/CpP7ADAAAAQbiEomode4QETW,pDR+RIp/JG6pUCAAAAQSppYeuGpEZkBrqSAfz7oZWI9Wo4HwhFVdEZY5" dev="sda12" ino=233452 scontext=u:r:recovery:s0 tcontext=u:object_r:app_data_file:s0:c196,c258,c512,c768 tclass=file permissive=1
03-03 09:36:34.871    89    89 E (1)[89:kworker/1:1]QG-K: qg_get_battery_temp: pre_voltage_0 = 539
03-03 09:36:34.871    89    89 E (1)[89:kworker/1:1]QG-K: qg_get_battery_temp: v_temp = 542, ichg = 563, temp_before = 347, temp_after = 343
03-03 09:36:34.907    89    89 I         : (1)[89:kworker/1:1][OPLUS_CHG][oplus_chg_print_log] CHGR[ 0 / 0 / 3 / 3 / 2 ], 			BAT[ 1 / 0 / 0 / 0 / 1 / 0 ], 			GAUGE[ 342 / 3730 / 3730 / 563 / -1 / 34 / 34 / 34 / 1700 ], STATUS[ 0x0 / 0 / 0 / 0 / 0 / 0x0 ], 			OTHER[ 1 / 1 / 101 / 2 / 0/ 0 / -2740], 			DEVICETREE[ 4100 / 0 / 0 / 0]
03-03 09:36:34.910    89    89 E (1)[89:kworker/1:1]QG-K: qg_get_parallel_current_now: parallel_isense = -1373
03-03 09:36:34.910    89    89 E         : (1)[89:kworker/1:1]get prop 249 is not supported in batt
03-03 09:36:34.926   381   381 I (1)[381:kworker/1:9]QG-K: is_batt_id_valid: id_batt_id_valid project number=20671, battery id voltage=302
03-03 09:36:34.929   381   381 E (1)[381:kworker/1:9]QG-K: qg_get_battery_temp: pre_voltage_0 = 539
03-03 09:36:34.929   381   381 E (1)[381:kworker/1:9]QG-K: qg_get_battery_temp: v_temp = 542, ichg = 563, temp_before = 347, temp_after = 343
03-03 09:36:37.207     1     1 I (2)[1:init]: starting service 'gatekeeper-1-0-qti'...
04-30 15:08:43.809   613   613 D hw-ProcessState: Binder ioctl to enable oneway spam detection failed: Invalid argument
04-30 15:08:43.810   613   613 E cutils-trace: Error opening trace file: No such file or directory (2)
04-30 15:08:43.811   613   613 D vndksupport: Loading /vendor/lib64/hw/android.hardware.gatekeeper@1.0-impl-qti.so from current namespace instead of sphal namespace.
04-30 15:08:43.812   613   613 E HidlServiceManagement: Failed to dlopen android.hardware.gatekeeper@1.0-impl-qti.so: dlopen failed: library "libqcbor.so" not found: needed by /vendor/lib64/hw/android.hardware.gatekeeper@1.0-impl-qti.so in namespace (default)
04-30 15:08:43.812   613   613 E LegacySupport: Could not get passthrough implementation for android.hardware.gatekeeper@1.0::IGatekeeper/default.
03-03 09:36:37.222   613   613 I (1)[613:android.hardwar]binder: 613:613 ioctl 40046210 7ffc80cfd4 returned -22
03-03 09:36:37.226     1     1 I (2)[1:init]: Service 'gatekeeper-1-0-qti' (pid 613) exited with status 1
03-03 09:36:37.226     1     1 I (2)[1:init]: Sending signal 9 to service 'gatekeeper-1-0-qti' (pid 613) process group...
03-03 09:36:37.226     1     1 I (2)[1:init]libprocessgroup: Successfully killed process cgroup uid 0 pid 613 in 0ms
03-03 09:36:37.701   416   416 E (3)[416:tbatt_pwroff]QG-K: qg_get_battery_temp: pre_voltage_0 = 538
03-03 09:36:37.701   416   416 E (3)[416:tbatt_pwroff]QG-K: qg_get_battery_temp: v_temp = 542, ichg = 563, temp_before = 348, temp_after = 343
03-03 09:36:37.941    95    95 I         : (3)[95:msm_watchdog][wdog_util]cpu avail mask: 0xff; ping mask: 0xff; irqs since last: 48117
03-03 09:36:37.941    95    95 W (3)[95:msm_watchdog]!@WatchDog: 2023-04-30 15:08:44.528667654 UTC
03-03 09:36:40.759   381   381 E (1)[381:kworker/1:9]QG-K: qg_get_battery_temp: pre_voltage_0 = 539
03-03 09:36:40.759   381   381 E (1)[381:kworker/1:9]QG-K: qg_get_battery_temp: v_temp = 543, ichg = 685, temp_before = 347, temp_after = 342
03-03 09:36:40.797   381   381 I         : (1)[381:kworker/1:9][OPLUS_CHG][oplus_chg_print_log] CHGR[ 0 / 0 / 1 / 3 / 2 ], 			BAT[ 1 / 0 / 0 / 0 / 1 / 0 ], 			GAUGE[ 342 / 3712 / 3712 / 685 / -1 / 34 / 34 / 34 / 1700 ], STATUS[ 0x0 / 0 / 0 / 0 / 0 / 0x0 ], 			OTHER[ 1 / 1 / 101 / 2 / 0/ 0 / -2740], 			DEVICETREE[ 4100 / 0 / 0 / 0]
03-03 09:36:40.800   381   381 E (1)[381:kworker/1:9]QG-K: qg_get_parallel_current_now: parallel_isense = -1068
03-03 09:36:40.801   381   381 E         : (1)[381:kworker/1:9]get prop 249 is not supported in batt
03-03 09:36:40.804    89    89 I (1)[89:kworker/1:1]QG-K: is_batt_id_valid: id_batt_id_valid project number=20671, battery id voltage=301
03-03 09:36:40.820    89    89 E (1)[89:kworker/1:1]QG-K: qg_get_battery_temp: pre_voltage_0 = 538
03-03 09:36:40.820    89    89 E (1)[89:kworker/1:1]QG-K: qg_get_battery_temp: v_temp = 542, ichg = 685, temp_before = 348, temp_after = 343
04-30 15:08:47.419   505   505 I recovery: type=1400 audit(0.0:1541): avc: denied { getattr } for path="/data/data/BHLK7DAAAAQ7UrxjiaMub9NXsu9i2f8PbBMy+1rwvK+ZfDvCY32y2qO,x,pALvRQ" dev="sda12" ino=74538 scontext=u:r:recovery:s0 tcontext=u:object_r:app_data_file:s0:c42,c257,c512,c768 tclass=dir permissive=1
04-30 15:08:47.419   505   505 I recovery: type=1400 audit(0.0:1542): avc: denied { read } for name="BHLK7DAAAAQ7UrxjiaMub9NXsu9i2f8PbBMy+1rwvK+ZfDvCY32y2qO,x,pALvRQ" dev="sda12" ino=74538 scontext=u:r:recovery:s0 tcontext=u:object_r:app_data_file:s0:c42,c257,c512,c768 tclass=dir permissive=1
04-30 15:08:47.419   505   505 I recovery: type=1400 audit(0.0:1543): avc: denied { open } for path="/data/data/BHLK7DAAAAQ7UrxjiaMub9NXsu9i2f8PbBMy+1rwvK+ZfDvCY32y2qO,x,pALvRQ" dev="sda12" ino=74538 scontext=u:r:recovery:s0 tcontext=u:object_r:app_data_file:s0:c42,c257,c512,c768 tclass=dir permissive=1
04-30 15:08:47.419   505   505 I recovery: type=1400 audit(0.0:1544): avc: denied { search } for name="BHLK7DAAAAQ7UrxjiaMub9NXsu9i2f8PbBMy+1rwvK+ZfDvCY32y2qO,x,pALvRQ" dev="sda12" ino=74538 scontext=u:r:recovery:s0 tcontext=u:object_r:app_data_file:s0:c42,c257,c512,c768 tclass=dir permissive=1
04-30 15:08:47.419   505   505 I recovery: type=1400 audit(0.0:1545): avc: denied { getattr } for path="/data/data/BHLK7DAAAAQ7UrxjiaMub9NXsu9i2f8PbBMy+1rwvK+ZfDvCY32y2qO,x,pALvRQ/sFDKJAAAAAg3eJ6KGEI6iLdxWPhE6whs/gSt6nAAAAAw,W+kNBLIugeFMeTl3DQNr" dev="sda12" ino=232035 scontext=u:r:recovery:s0 tcontext=u:object_r:app_data_file:s0:c42,c257,c512,c768 tclass=file permissive=1
04-30 15:08:47.423   505   505 I recovery: type=1400 audit(0.0:1546): avc: denied { getattr } for path="/data/data/dD2h4DAAAAQiYEeyJnkblBQvzRQg4cNqjWVBAGyNKZfrP2Zrlxdu1PnsnsJ" dev="sda12" ino=633814 scontext=u:r:recovery:s0 tcontext=u:object_r:app_data_file:s0:c113,c258,c512,c768 tclass=dir permissive=1
04-30 15:08:47.423   505   505 I recovery: type=1400 audit(0.0:1547): avc: denied { read } for name="dD2h4DAAAAQiYEeyJnkblBQvzRQg4cNqjWVBAGyNKZfrP2Zrlxdu1PnsnsJ" dev="sda12" ino=633814 scontext=u:r:recovery:s0 tcontext=u:object_r:app_data_file:s0:c113,c258,c512,c768 tclass=dir permissive=1
04-30 15:08:47.423   505   505 I recovery: type=1400 audit(0.0:1548): avc: denied { open } for path="/data/data/dD2h4DAAAAQiYEeyJnkblBQvzRQg4cNqjWVBAGyNKZfrP2Zrlxdu1PnsnsJ" dev="sda12" ino=633814 scontext=u:r:recovery:s0 tcontext=u:object_r:app_data_file:s0:c113,c258,c512,c768 tclass=dir permissive=1
04-30 15:08:47.423   505   505 I recovery: type=1400 audit(0.0:1549): avc: denied { search } for name="dD2h4DAAAAQiYEeyJnkblBQvzRQg4cNqjWVBAGyNKZfrP2Zrlxdu1PnsnsJ" dev="sda12" ino=633814 scontext=u:r:recovery:s0 tcontext=u:object_r:app_data_file:s0:c113,c258,c512,c768 tclass=dir permissive=1
04-30 15:08:47.427   505   505 I recovery: type=1400 audit(0.0:1550): avc: denied { getattr } for path="/data/data/dD2h4DAAAAQiYEeyJnkblBQvzRQg4cNqjWVBAGyNKZfrP2Zrlxdu1PnsnsJ/jmThDCAAAAgv4dJtxdpsbYJoSfC+i9L8/K4ZieBAAAAgcl4bUSfOvIESS5,8AZ2bn/48YhSBAAAAgNNRQKFAzSz+vRIJnRS47x/NZw2pCAAAAAdNhcA981PQdiJPOll0e6M" dev="sda12" ino=235910 scontext=u:r:recovery:s0 tcontext=u:object_r:app_data_file:s0:c113,c258,c512,c768 tclass=file permissive=1
04-30 15:08:47.563   505   505 I recovery: type=1400 audit(0.0:1551): avc: denied { getattr } for path="/data/data/t36,7AAAAAgnNE9ojv2EbtBwONvOp0qh" dev="sda12" ino=650701 scontext=u:r:recovery:s0 tcontext=u:object_r:app_data_file:s0:c120,c258,c512,c768 tclass=dir permissive=1
04-30 15:08:47.563   505   505 I recovery: type=1400 audit(0.0:1552): avc: denied { read } for name="t36,7AAAAAgnNE9ojv2EbtBwONvOp0qh" dev="sda12" ino=650701 scontext=u:r:recovery:s0 tcontext=u:object_r:app_data_file:s0:c120,c258,c512,c768 tclass=dir permissive=1
04-30 15:08:47.563   505   505 I recovery: type=1400 audit(0.0:1553): avc: denied { open } for path="/data/data/t36,7AAAAAgnNE9ojv2EbtBwONvOp0qh" dev="sda12" ino=650701 scontext=u:r:recovery:s0 tcontext=u:object_r:app_data_file:s0:c120,c258,c512,c768 tclass=dir permissive=1
04-30 15:08:47.563   505   505 I recovery: type=1400 audit(0.0:1554): avc: denied { search } for name="t36,7AAAAAgnNE9ojv2EbtBwONvOp0qh" dev="sda12" ino=650701 scontext=u:r:recovery:s0 tcontext=u:object_r:app_data_file:s0:c120,c258,c512,c768 tclass=dir permissive=1
04-30 15:08:47.567   505   505 I recovery: type=1400 audit(0.0:1555): avc: denied { getattr } for path="/data/data/t36,7AAAAAgnNE9ojv2EbtBwONvOp0qh/cNNYFAAAAAgxTSWqJYh1Eob,RdK02NdH/mp+XVAAAAAQ,MrB8v0GJEx5CFkNdc2jw/4CHWaBAAAAgIZQ8xZAJvLKYH8,y4YCLf/3v3fRBAAAAAtLqF,QHywkGarE,I6T8XO" dev="sda12" ino=216002 scontext=u:r:recovery:s0 tcontext=u:object_r:app_data_file:s0:c120,c258,c512,c768 tclass=file permissive=1
04-30 15:08:47.575   505   505 I recovery: type=1400 audit(0.0:1556): avc: denied { getattr } for path="/data/data/t36,7AAAAAgnNE9ojv2EbtBwONvOp0qh/nBNr2BAAAAwciUkvM,NZP5WOyMvXJBXi" dev="sda12" ino=1384327 scontext=u:r:recovery:s0 tcontext=u:object_r:app_data_file:s0:c120,c258,c512,c768 tclass=lnk_file permissive=1
04-30 15:08:47.587   505   505 I recovery: type=1400 audit(0.0:1557): avc: denied { getattr } for path="/data/data/VPgXCAAAAAAP9UfxY7DCYouQ,yHwyFXFHsZ+wGvylo+q1,oM" dev="sda12" ino=1485900 scontext=u:r:recovery:s0 tcontext=u:object_r:app_data_file:s0:c205,c258,c512,c768 tclass=dir permissive=1
04-30 15:08:47.587   505   505 I recovery: type=1400 audit(0.0:1558): avc: denied { read } for name="VPgXCAAAAAAP9UfxY7DCYouQ,yHwyFXFHsZ+wGvylo+q1,oM" dev="sda12" ino=1485900 scontext=u:r:recovery:s0 tcontext=u:object_r:app_data_file:s0:c205,c258,c512,c768 tclass=dir permissive=1
04-30 15:08:47.587   505   505 I recovery: type=1400 audit(0.0:1559): avc: denied { open } for path="/data/data/VPgXCAAAAAAP9UfxY7DCYouQ,yHwyFXFHsZ+wGvylo+q1,oM" dev="sda12" ino=1485900 scontext=u:r:recovery:s0 tcontext=u:object_r:app_data_file:s0:c205,c258,c512,c768 tclass=dir permissive=1
04-30 15:08:47.587   505   505 I recovery: type=1400 audit(0.0:1560): avc: denied { search } for name="VPgXCAAAAAAP9UfxY7DCYouQ,yHwyFXFHsZ+wGvylo+q1,oM" dev="sda12" ino=1485900 scontext=u:r:recovery:s0 tcontext=u:object_r:app_data_file:s0:c205,c258,c512,c768 tclass=dir permissive=1
04-30 15:08:47.587   505   505 I recovery: type=1400 audit(0.0:1561): avc: denied { getattr } for path="/data/data/VPgXCAAAAAAP9UfxY7DCYouQ,yHwyFXFHsZ+wGvylo+q1,oM/oz12gAAAAAgsXRgv2N3EZP2mWRzb2ENQ/xTpckDAAAAAae6l,e8wQ2a,MVjKi1Jm1/Ksm8DCAAAAQm1TiRk1Jv3PUe1w,0I9zkjHZAJph8edbRaMt,pQKs31z4j2v3MPH+/ya1+MCAAAAwDukh7hALQBXJImq9c1DLi/eFudhAAAAAQE5BL+FRVgWY9Cp2mMdYZg7USt3EhqAuHXoh1EKREk+xD2bxqz2qscTkcz3nyoWYJ" dev="sda12" ino=1462289 scontext=u:r:recovery:s0 tcontext=u:object_r:app_data_file:s0:c205,c258,c512,c768 tclass=file permissive=1
04-30 15:08:47.767   505   505 I recovery: type=1400 audit(0.0:1562): avc: denied { getattr } for path="/data/data/1EiDgDAAAAgCfZhfzf7GEptm9pEGuUVJaEI30C" dev="sda12" ino=115928 scontext=u:r:recovery:s0 tcontext=u:object_r:app_data_file:s0:c55,c257,c512,c768 tclass=dir permissive=1
04-30 15:08:47.767   505   505 I recovery: type=1400 audit(0.0:1563): avc: denied { read } for name="1EiDgDAAAAgCfZhfzf7GEptm9pEGuUVJaEI30C" dev="sda12" ino=115928 scontext=u:r:recovery:s0 tcontext=u:object_r:app_data_file:s0:c55,c257,c512,c768 tclass=dir permissive=1
04-30 15:08:47.767   505   505 I recovery: type=1400 audit(0.0:1564): avc: denied { open } for path="/data/data/1EiDgDAAAAgCfZhfzf7GEptm9pEGuUVJaEI30C" dev="sda12" ino=115928 scontext=u:r:recovery:s0 tcontext=u:object_r:app_data_file:s0:c55,c257,c512,c768 tclass=dir permissive=1
04-30 15:08:47.767   505   505 I recovery: type=1400 audit(0.0:1565): avc: denied { search } for name="1EiDgDAAAAgCfZhfzf7GEptm9pEGuUVJaEI30C" dev="sda12" ino=115928 scontext=u:r:recovery:s0 tcontext=u:object_r:app_data_file:s0:c55,c257,c512,c768 tclass=dir permissive=1
04-30 15:08:47.771   505   505 I recovery: type=1400 audit(0.0:1566): avc: denied { getattr } for path="/data/data/1EiDgDAAAAgCfZhfzf7GEptm9pEGuUVJaEI30C/,kPCcCAAAAQiHdkpg8e1b8AZu6QfmvKx/CANloAAAAAw84Yv+wEgtzfP07MR84wl0/cdxWlCAAAAg9+KmcRUtvt9tSlX0sEKZPPujzdA" dev="sda12" ino=246399 scontext=u:r:recovery:s0 tcontext=u:object_r:app_data_file:s0:c55,c257,c512,c768 tclass=file permissive=1
04-30 15:08:47.811   505   505 I recovery: type=1400 audit(0.0:1567): avc: denied { getattr } for path="/data/data/VCYuNCAAAAg1aKYJOS6FqT87gPlauYBPkmrH12HsQ4ZXvcaa" dev="sda12" ino=1446868 scontext=u:r:recovery:s0 tcontext=u:object_r:app_data_file:s0:c203,c258,c512,c768 tclass=dir permissive=1
04-30 15:08:47.811   505   505 I recovery: type=1400 audit(0.0:1568): avc: denied { read } for name="VCYuNCAAAAg1aKYJOS6FqT87gPlauYBPkmrH12HsQ4ZXvcaa" dev="sda12" ino=1446868 scontext=u:r:recovery:s0 tcontext=u:object_r:app_data_file:s0:c203,c258,c512,c768 tclass=dir permissive=1
04-30 15:08:47.811   505   505 I recovery: type=1400 audit(0.0:1569): avc: denied { open } for path="/data/data/VCYuNCAAAAg1aKYJOS6FqT87gPlauYBPkmrH12HsQ4ZXvcaa" dev="sda12" ino=1446868 scontext=u:r:recovery:s0 tcontext=u:object_r:app_data_file:s0:c203,c258,c512,c768 tclass=dir permissive=1
04-30 15:08:47.811   505   505 I recovery: type=1400 audit(0.0:1570): avc: denied { search } for name="VCYuNCAAAAg1aKYJOS6FqT87gPlauYBPkmrH12HsQ4ZXvcaa" dev="sda12" ino=1446868 scontext=u:r:recovery:s0 tcontext=u:object_r:app_data_file:s0:c203,c258,c512,c768 tclass=dir permissive=1
04-30 15:08:47.811   505   505 I recovery: type=1400 audit(0.0:1571): avc: denied { getattr } for path="/data/data/VCYuNCAAAAg1aKYJOS6FqT87gPlauYBPkmrH12HsQ4ZXvcaa/CRqCWDAAAAw9hCkQ5VxvEO3aWMNFEPl8/5VENjBAAAAwtDQDmsoPjRFyR5SAw8XZqWop337cJr2uk0lgBkTXq0T1zdpXRB4MMz9k0dtABzkG" dev="sda12" ino=1446593 scontext=u:r:recovery:s0 tcontext=u:object_r:app_data_file:s0:c203,c258,c512,c768 tclass=file permissive=1
04-30 15:08:47.815   505   505 I recovery: type=1400 audit(0.0:1572): avc: denied { getattr } for path="/data/data/ZBUcWBAAAAQTTe2QsHWn,2wvE85wds9EwzE8GD" dev="sda12" ino=240021 scontext=u:r:recovery:s0 tcontext=u:object_r:app_data_file:s0:c78,c257,c512,c768 tclass=dir permissive=1
04-30 15:08:47.815   505   505 I recovery: type=1400 audit(0.0:1573): avc: denied { read } for name="ZBUcWBAAAAQTTe2QsHWn,2wvE85wds9EwzE8GD" dev="sda12" ino=240021 scontext=u:r:recovery:s0 tcontext=u:object_r:app_data_file:s0:c78,c257,c512,c768 tclass=dir permissive=1
04-30 15:08:47.815   505   505 I recovery: type=1400 audit(0.0:1574): avc: denied { open } for path="/data/data/ZBUcWBAAAAQTTe2QsHWn,2wvE85wds9EwzE8GD" dev="sda12" ino=240021 scontext=u:r:recovery:s0 tcontext=u:object_r:app_data_file:s0:c78,c257,c512,c768 tclass=dir permissive=1
04-30 15:08:47.815   505   505 I recovery: type=1400 audit(0.0:1575): avc: denied { search } for name="ZBUcWBAAAAQTTe2QsHWn,2wvE85wds9EwzE8GD" dev="sda12" ino=240021 scontext=u:r:recovery:s0 tcontext=u:object_r:app_data_file:s0:c78,c257,c512,c768 tclass=dir permissive=1
04-30 15:08:47.815   505   505 I recovery: type=1400 audit(0.0:1576): avc: denied { getattr } for path="/data/data/VMUvlAAAAAg9ziBLIfBCFrLB7snFOzwp" dev="sda12" ino=1326153 scontext=u:r:recovery:s0 tcontext=u:object_r:app_data_file:s0:c219,c258,c512,c768 tclass=dir permissive=1
04-30 15:08:47.815   505   505 I recovery: type=1400 audit(0.0:1577): avc: denied { read } for name="VMUvlAAAAAg9ziBLIfBCFrLB7snFOzwp" dev="sda12" ino=1326153 scontext=u:r:recovery:s0 tcontext=u:object_r:app_data_file:s0:c219,c258,c512,c768 tclass=dir permissive=1
