03-03 09:36:01.991    89    89 I (1)[89:kworker/1:1]usb_bam_init: setting SPS_BAM_SMMU_EN flag with (4f04000.qcom,usbbam)
03-03 09:36:01.992    89    89 I (1)[89:kworker/1:1]sps: BAM 0x0000000004f04000 is registered.
03-03 09:36:01.992    89    89 I (1)[89:kworker/1:1]msm-dwc3 4e00000.ssusb: Linked as a consumer to regulator.48
03-03 09:36:01.993    89    89 E (1)[89:kworker/1:1]i2c_geni 4a84000.i2c: i2c error :-107
03-03 09:36:01.993    89    89 E (1)[89:kworker/1:1]i2c_geni 4a84000.i2c: i2c error :-107
03-03 09:36:01.993    89    89 E (1)[89:kworker/1:1]i2c_geni 4a84000.i2c: i2c error :-107
03-03 09:36:01.993    89    89 E (1)[89:kworker/1:1]i2c_geni 4a84000.i2c: i2c error :-107
03-03 09:36:01.993    89    89 E (1)[89:kworker/1:1]i2c_geni 4a84000.i2c: i2c error :-107
03-03 09:36:01.994    89    89 E (1)[89:kworker/1:1]i2c_geni 4a84000.i2c: i2c error :-107
03-03 09:36:01.994    89    89 E (1)[89:kworker/1:1]i2c_geni 4a84000.i2c: i2c error :-107
03-03 09:36:01.994    89    89 E (1)[89:kworker/1:1]i2c_geni 4a84000.i2c: i2c error :-107
03-03 09:36:01.994    89    89 E (1)[89:kworker/1:1]i2c_geni 4a84000.i2c: i2c error :-107
03-03 09:36:01.994    89    89 E (1)[89:kworker/1:1]i2c_geni 4a84000.i2c: i2c error :-107
03-03 09:36:01.995     1     1 I (0)[1:swapper/0]core_ctl: Creating CPU group 0
03-03 09:36:01.995     1     1 I (0)[1:swapper/0]core_ctl: Init CPU0 state
03-03 09:36:01.995     1     1 I (0)[1:swapper/0]core_ctl: Init CPU1 state
03-03 09:36:01.995     1     1 I (0)[1:swapper/0]core_ctl: Init CPU2 state
03-03 09:36:01.995     1     1 I (0)[1:swapper/0]core_ctl: Init CPU3 state
03-03 09:36:01.995     1     1 I (0)[1:swapper/0]core_ctl: Creating CPU group 4
03-03 09:36:01.995     1     1 I (0)[1:swapper/0]core_ctl: Init CPU4 state
03-03 09:36:01.995     1     1 I (0)[1:swapper/0]core_ctl: Init CPU5 state
03-03 09:36:01.995     1     1 I (0)[1:swapper/0]core_ctl: Init CPU6 state
03-03 09:36:01.995     1     1 I (0)[1:swapper/0]core_ctl: Init CPU7 state
03-03 09:36:01.995     1     1 I         : (0)[1:swapper/0]registered taskstats version 1
03-03 09:36:01.995     1     1 I         : (0)[1:swapper/0]Loading compiled-in X.509 certificates
03-03 09:36:01.996   272   272 E (1)[272:kworker/u24:7]ufshcd-qcom 4804000.ufshc: ufshcd_print_pwr_info:[RX, TX]: gear=[3, 3], lane[1, 1], pwr[FAST MODE, FAST MODE], rate = 2
03-03 09:36:01.996   272   272 I (1)[272:kworker/u24:7]scsi 0: 0:0:49488: Well-known LUN    SKhynix  H9HQ16AECMMDAR   A110 PQ: 0 ANSI: 6
03-03 09:36:01.996   277   277 E (3)[277:kworker/u24:8]Seq count: 22
03-03 09:36:01.996   277   277 E         : (3)[277:kworker/u24:8]read 0x80 to 0xf8f8f8f8
03-03 09:36:01.996   277   277 E         : (3)[277:kworker/u24:8]read 0x84 to 0xb3b3b3b3
03-03 09:36:01.996   277   277 E         : (3)[277:kworker/u24:8]read 0x88 to 0x81818181
03-03 09:36:01.996   277   277 E         : (3)[277:kworker/u24:8]read 0x8c to 0xc0c0c0c0
03-03 09:36:01.996   277   277 E         : (3)[277:kworker/u24:8]read 0x08 to 0x30303030
03-03 09:36:01.996   277   277 E         : (3)[277:kworker/u24:8]read 0x0c to 0x79797979
03-03 09:36:01.996   277   277 E         : (3)[277:kworker/u24:8]read 0x10 to 0x21212121
03-03 09:36:01.996   277   277 E         : (3)[277:kworker/u24:8]read 0x9c to 0x14141414
03-03 09:36:01.996   277   277 E         : (3)[277:kworker/u24:8]read 0x04 to 0x80808080
03-03 09:36:01.996   277   277 E         : (3)[277:kworker/u24:8]read 0x1c to 0x9f9f9f9f
03-03 09:36:01.996   277   277 E         : (3)[277:kworker/u24:8]read 0x18 to 0x00
03-03 09:36:01.996   277   277 I (3)[277:kworker/u24:8]msm-dwc3 4e00000.ssusb: DWC3 exited from low power mode
03-03 09:36:01.997   272   272 I (1)[272:kworker/u24:7]scsi 0: 0:0:49476: Well-known LUN    SKhynix  H9HQ16AECMMDAR   A110 PQ: 0 ANSI: 6
03-03 09:36:01.998   277   277 I (3)[277:kworker/u24:8]msm-dwc3 4e00000.ssusb: DWC3 in low power mode
03-03 09:36:01.998   272   272 I (1)[272:kworker/u24:7]scsi 0: 0:0:49456: Well-known LUN    SKhynix  H9HQ16AECMMDAR   A110 PQ: 0 ANSI: 6
03-03 09:36:01.998     1     1 I         : (0)[1:swapper/0]Loaded X.509 cert 'Build time autogenerated kernel key: b0e9bd71d8f47a5ac741b7b63a7b1ab6de53d1a5'
03-03 09:36:01.998     1     1 I         : (0)[1:swapper/0]Key type ._fscrypt registered
03-03 09:36:01.998     1     1 I         : (0)[1:swapper/0]Key type .fscrypt registered
03-03 09:36:01.998     1     1 I         : (0)[1:swapper/0]Key type fscrypt-provisioning registered
03-03 09:36:01.998     1     1 I (0)[1:swapper/0]pstore: Using compression: deflate
03-03 09:36:01.999   272   272 E (1)[272:kworker/u24:7]ufsf_device_check: 328 err: ufsf_device_check: hba->dev_info.w_manufacturer_id 1ad
03-03 09:36:01.999   272   272 E (1)[272:kworker/u24:7]ufsf_device_check: 342 err: ufsf_device_check:selector 0
03-03 09:36:01.999   272   272 I (0)[272:kworker/u24:7]ufsf_read_dev_desc: 239 info: device lu count 6
03-03 09:36:01.999   272   272 I (0)[272:kworker/u24:7]ufsf_read_dev_desc: 246 info: sel=0 length=64(0x40) bSupport=0x00, extend=0x97_8d
03-03 09:36:01.999   302   302 I (1)[302:kworker/u24:9]scsi 0: 0:0:0: Direct-Access     SKhynix  H9HQ16AECMMDAR   A110 PQ: 0 ANSI: 6
03-03 09:36:01.999   302   302 I (1)[302:kworker/u24:9]ufsf_slave_configure: 582 info: lun[0] sdev(00000000bd046cc5) q(00000000aac77667) slave_conf_cnt(1/6)
03-03 09:36:02.000   302   302 I (1)[302:kworker/u24:9]scsi 0: 0:0:1: Direct-Access     SKhynix  H9HQ16AECMMDAR   A110 PQ: 0 ANSI: 6
03-03 09:36:02.000   302   302 I (1)[302:kworker/u24:9]ufsf_slave_configure: 582 info: lun[1] sdev(000000003dc4a6f4) q(000000002362fe02) slave_conf_cnt(2/6)
03-03 09:36:02.000   302   302 I (1)[302:kworker/u24:9]scsi 0: 0:0:2: Direct-Access     SKhynix  H9HQ16AECMMDAR   A110 PQ: 0 ANSI: 6
03-03 09:36:02.000   302   302 I (1)[302:kworker/u24:9]ufsf_slave_configure: 582 info: lun[2] sdev(0000000005a401b1) q(00000000bfae62a8) slave_conf_cnt(3/6)
03-03 09:36:02.001   302   302 I (1)[302:kworker/u24:9]scsi 0: 0:0:3: Direct-Access     SKhynix  H9HQ16AECMMDAR   A110 PQ: 0 ANSI: 6
03-03 09:36:02.001   302   302 I (1)[302:kworker/u24:9]ufsf_slave_configure: 582 info: lun[3] sdev(00000000c2102681) q(00000000a16e5ea2) slave_conf_cnt(4/6)
03-03 09:36:02.001   302   302 I (1)[302:kworker/u24:9]scsi 0: 0:0:4: Direct-Access     SKhynix  H9HQ16AECMMDAR   A110 PQ: 0 ANSI: 6
03-03 09:36:02.001   302   302 I (1)[302:kworker/u24:9]ufsf_slave_configure: 582 info: lun[4] sdev(0000000039a954ad) q(000000001ecaa7d0) slave_conf_cnt(5/6)
03-03 09:36:02.002   302   302 I (1)[302:kworker/u24:9]scsi 0: 0:0:5: Direct-Access     SKhynix  H9HQ16AECMMDAR   A110 PQ: 0 ANSI: 6
03-03 09:36:02.002   302   302 I (1)[302:kworker/u24:9]ufsf_slave_configure: 582 info: lun[5] sdev(00000000f8224e66) q(00000000e6447a21) slave_conf_cnt(6/6)
03-03 09:36:02.002     1     1 E (0)[1:swapper/0]uboot_log: Failed to add UBOOTLOG in Minidump
03-03 09:36:02.004   429   429 I (2)[429:kworker/u24:11]sd 0: 0:0:0: [sda] Write Protect is off
03-03 09:36:02.004     1     1 W (0)[1:swapper/0]Error: swapper/0: fastrpc_device_init: failed to create debugfs root dir
03-03 09:36:02.004   429   429 D (2)[429:kworker/u24:11]sd 0: 0:0:0: [sda] Mode Sense: 00 32 00 10
03-03 09:36:02.005     1     1 I (0)[1:swapper/0]fastrpc soc: qcom,msm-adsprpc-mem: for adsp_rh segments only will be dumped.
03-03 09:36:02.005     1     1 I (0)[1:swapper/0]adsprpc: init_secure_vmid_list: secure VMID = 22
03-03 09:36:02.005     1     1 I (0)[1:swapper/0]adsprpc: init_secure_vmid_list: secure VMID = 37
03-03 09:36:02.005     1     1 I (0)[1:swapper/0]adsprpc: fastrpc_probe: service location enabled for avs/audio (audio_pdr_adsprpc)
03-03 09:36:02.006   429   429 I (1)[429:kworker/u24:11]sd 0: 0:0:0: [sda] Optimal transfer size 786432 bytes
03-03 09:36:02.006   320   320 I (3)[320:kworker/u24:10]sd 0: 0:0:2: [sdc] Write Protect is off
03-03 09:36:02.006   320   320 D (3)[320:kworker/u24:10]sd 0: 0:0:2: [sdc] Mode Sense: 00 32 00 10
03-03 09:36:02.006   320   320 I (3)[320:kworker/u24:10]sd 0: 0:0:2: [sdc] Optimal transfer size 786432 bytes
03-03 09:36:02.006   302   302 I (2)[302:kworker/u24:9]sd 0: 0:0:3: [sdd] Write Protect is off
03-03 09:36:02.006   302   302 D (2)[302:kworker/u24:9]sd 0: 0:0:3: [sdd] Mode Sense: 00 32 00 10
03-03 09:36:02.006   434   434 I (3)[434:kworker/u24:12]sd 0: 0:0:5: [sdf] Write Protect is off
03-03 09:36:02.006   434   434 D (3)[434:kworker/u24:12]sd 0: 0:0:5: [sdf] Mode Sense: 00 32 00 10
03-03 09:36:02.006   277   277 I (3)[277:kworker/u24:8]sd 0: 0:0:4: [sde] Write Protect is off
03-03 09:36:02.006   277   277 D (3)[277:kworker/u24:8]sd 0: 0:0:4: [sde] Mode Sense: 00 32 00 10
03-03 09:36:02.007   302   302 I (2)[302:kworker/u24:9]sd 0: 0:0:3: [sdd] Optimal transfer size 786432 bytes
03-03 09:36:02.007   434   434 I (3)[434:kworker/u24:12]sd 0: 0:0:5: [sdf] Optimal transfer size 786432 bytes
03-03 09:36:02.007     1     1 I (0)[1:swapper/0]adsprpc: fastrpc_probe: service location enabled for tms/servreg (sensors_pdr_adsprpc)
03-03 09:36:02.007   277   277 I (3)[277:kworker/u24:8]sd 0: 0:0:4: [sde] Optimal transfer size 786432 bytes
03-03 09:36:02.007   272   272 I (1)[272:kworker/u24:7]sd 0: 0:0:1: [sdb] Write Protect is off
03-03 09:36:02.007   272   272 D (1)[272:kworker/u24:7]sd 0: 0:0:1: [sdb] Mode Sense: 00 32 00 10
03-03 09:36:02.007   272   272 I (1)[272:kworker/u24:7]sd 0: 0:0:1: [sdb] Optimal transfer size 786432 bytes
03-03 09:36:02.008   429   429 I (1)[429:kworker/u24:11] sda: sda1 sda2 sda3 sda4 sda5 sda6 sda7 sda8 sda9 sda10 sda11 sda12
03-03 09:36:02.009   320   320 I (3)[320:kworker/u24:10] sdc:  
03-03 09:36:02.009     1     1 I (0)[1:swapper/0]fastrpc soc: qcom,msm_fastrpc:qcom,msm_fastrpc_compute_cb1: Linked as a consumer to c600000.apps-smmu
03-03 09:36:02.009   302   302 I (2)[302:kworker/u24:9] sdd: sdd1 sdd2 sdd3 sdd4 sdd5
03-03 09:36:02.009   434   434 I (3)[434:kworker/u24:12] sdf: sdf1 sdf2 sdf3 sdf4 sdf5 sdf6 sdf7 sdf8 sdf9 sdf10 sdf11 sdf12 sdf13
03-03 09:36:02.010     1     1 I (0)[1:swapper/0]iommu: Adding device soc:qcom,msm_fastrpc:qcom,msm_fastrpc_compute_cb1 to group 23
03-03 09:36:02.010   272   272 I (1)[272:kworker/u24:7] sdb: sdb1 sdb2
03-03 09:36:02.011   277   277 I (3)[277:kworker/u24:8] sde: sde1 sde2 sde3 sde4 sde5 sde6 sde7 sde8 sde9 sde10 sde11 sde12 sde13 sde14 sde15 sde16 sde17 sde18 sde19 sde20 sde21 sde22 sde23 sde24 sde25 sde26 sde27 sde28 sde29 sde30 sde31 sde32 sde33 sde34 sde35 sde36 sde37 sde38 sde39 sde40 sde41 sde42 sde43
03-03 09:36:02.011     1     1 I (0)[1:swapper/0]fastrpc soc: qcom,msm_fastrpc:qcom,msm_fastrpc_compute_cb2: Linked as a consumer to c600000.apps-smmu
03-03 09:36:02.012     1     1 I (0)[1:swapper/0]iommu: Adding device soc:qcom,msm_fastrpc:qcom,msm_fastrpc_compute_cb2 to group 24
03-03 09:36:02.012     1     1 I (0)[1:swapper/0]fastrpc soc: qcom,msm_fastrpc:qcom,msm_fastrpc_compute_cb3: Linked as a consumer to c600000.apps-smmu
03-03 09:36:02.013     1     1 I (0)[1:swapper/0]iommu: Adding device soc:qcom,msm_fastrpc:qcom,msm_fastrpc_compute_cb3 to group 25
03-03 09:36:02.013     1     1 I (0)[1:swapper/0]fastrpc soc: qcom,msm_fastrpc:qcom,msm_fastrpc_compute_cb4: Linked as a consumer to c600000.apps-smmu
03-03 09:36:02.014     1     1 I (0)[1:swapper/0]iommu: Adding device soc:qcom,msm_fastrpc:qcom,msm_fastrpc_compute_cb4 to group 26
03-03 09:36:02.015     1     1 I (0)[1:swapper/0]fastrpc soc: qcom,msm_fastrpc:qcom,msm_fastrpc_compute_cb5: Linked as a consumer to c600000.apps-smmu
03-03 09:36:02.015     1     1 I (0)[1:swapper/0]iommu: Adding device soc:qcom,msm_fastrpc:qcom,msm_fastrpc_compute_cb5 to group 27
03-03 09:36:02.015     1     1 I (0)[1:swapper/0]fastrpc soc: qcom,msm_fastrpc:qcom,msm_fastrpc_compute_cb6: Linked as a consumer to c600000.apps-smmu
03-03 09:36:02.016     1     1 I (0)[1:swapper/0]iommu: Adding device soc:qcom,msm_fastrpc:qcom,msm_fastrpc_compute_cb6 to group 28
03-03 09:36:02.016     1     1 I (0)[1:swapper/0]fastrpc soc: qcom,msm_fastrpc:qcom,msm_fastrpc_compute_cb9: Linked as a consumer to c600000.apps-smmu
03-03 09:36:02.016     1     1 I (0)[1:swapper/0]iommu: Adding device soc:qcom,msm_fastrpc:qcom,msm_fastrpc_compute_cb9 to group 29
03-03 09:36:02.017     1     1 I (0)[1:swapper/0]fastrpc soc: qcom,msm_fastrpc:qcom,msm_fastrpc_compute_cb10: Linked as a consumer to c600000.apps-smmu
03-03 09:36:02.017     1     1 I (0)[1:swapper/0]iommu: Adding device soc:qcom,msm_fastrpc:qcom,msm_fastrpc_compute_cb10 to group 30
03-03 09:36:02.017     1     1 I (0)[1:swapper/0]fastrpc soc: qcom,msm_fastrpc:qcom,msm_fastrpc_compute_cb11: Linked as a consumer to c600000.apps-smmu
03-03 09:36:02.018     1     1 I (0)[1:swapper/0]iommu: Adding device soc:qcom,msm_fastrpc:qcom,msm_fastrpc_compute_cb11 to group 31
03-03 09:36:02.018     1     1 I (0)[1:swapper/0]fastrpc soc: qcom,msm_fastrpc:qcom,msm_fastrpc_compute_cb12: Linked as a consumer to c600000.apps-smmu
03-03 09:36:02.018     1     1 I (0)[1:swapper/0]iommu: Adding device soc:qcom,msm_fastrpc:qcom,msm_fastrpc_compute_cb12 to group 32
03-03 09:36:02.019     1     1 I (0)[1:swapper/0]fastrpc soc: qcom,msm_fastrpc:qcom,msm_fastrpc_compute_cb13: Linked as a consumer to c600000.apps-smmu
03-03 09:36:02.019     1     1 I (0)[1:swapper/0]iommu: Adding device soc:qcom,msm_fastrpc:qcom,msm_fastrpc_compute_cb13 to group 33
03-03 09:36:02.019     1     1 I (0)[1:swapper/0]fastrpc soc: qcom,msm_fastrpc:qcom,msm_fastrpc_compute_cb14: Linked as a consumer to c600000.apps-smmu
03-03 09:36:02.020     1     1 I (0)[1:swapper/0]iommu: Adding device soc:qcom,msm_fastrpc:qcom,msm_fastrpc_compute_cb14 to group 34
03-03 09:36:02.021     1     1 I (0)[1:swapper/0]adsprpc: fastrpc_device_init: SSR notifier registered for adsp
03-03 09:36:02.021     1     1 I (0)[1:swapper/0]adsprpc: fastrpc_device_init: SSR notifier registered for modem
03-03 09:36:02.021     1     1 I (0)[1:swapper/0]adsprpc: fastrpc_device_init: SSR notifier registered for slpi
03-03 09:36:02.021     1     1 I (0)[1:swapper/0]adsprpc: fastrpc_device_init: SSR notifier registered for cdsp
03-03 09:36:02.021     1     1 E         : (3)[1:swapper/0]op_rf_cable_probe enter!
03-03 09:36:02.021     1     1 E (3)[1:swapper/0]op_rf_cable_probe: get rf_pds__support_num error.
03-03 09:36:02.027     1     1 E (3)[1:swapper/0]op_rf_cable_probe: probe ok, rf_cable, SMEM_RF_INFO:136, sts:-256, [0_gpio:1206, 0_val:0], [1_gpio:-2, 1_val:255], [2_gpio:-2, 2_val:255], [3_gpio:-2, 3_val:255], 0_irq:286, 1_irq:0, 2_irq:0, 3_irq:0.
03-03 09:36:02.027     1     1 E (3)[1:swapper/0]op_rf_cable_probe: probe ok, rf_pds, SMEM_RF_INFO:136, sts:-1, [0_gpio:-2, 0_val:255], [1_gpio:-2, 1_val:255], [2_gpio:-2, 2_val:255], [3_gpio:-2, 3_val:255], 0_irq:0, 1_irq:0, 2_irq:0, 3_irq:0.
03-03 09:36:02.029     1     1 I (2)[1:swapper/0]input: gpio-keys as /devices/platform/soc/soc:gpio_keys/input/input3
03-03 09:36:02.030     1     1 E         : (2)[1:swapper/0]et523_init  enter
03-03 09:36:02.030     1     1 E         : (2)[1:swapper/0]etspi_probe initial
03-03 09:36:02.030     1     1 E         : (2)[1:swapper/0]etspi_probe, found not egis sensor
03-03 09:36:02.030     1     1 W (2)[1:swapper/0]et520: probe of soc:egis failed with error -22
03-03 09:36:02.030     1     1 E         : (2)[1:swapper/0]et523_init  done
03-03 09:36:02.031     1     1 E (2)[1:swapper/0]gf_spi: gf_init, found not goodix sensor
03-03 09:36:02.032     1     1 I (2)[1:swapper/0]lpm_levels: Cluster (system) stats not registered
03-03 09:36:02.032     1     1 I (2)[1:swapper/0]lpm_levels: Cluster (perf) stats not registered
03-03 09:36:02.032     1     1 I (2)[1:swapper/0]lpm_levels: Cluster (pwr) stats not registered
03-03 09:36:02.035     1     1 I         : (2)[1:swapper/0]rmnet_ipa3 started initialization
03-03 09:36:02.036     1     1 I         : (2)[1:swapper/0]RNDIS_IPA module is loaded.
03-03 09:36:02.036     1     1 I         : (2)[1:swapper/0]msm notifier probed successfully
03-03 09:36:02.037     1     1 E (2)[1:swapper/0]OF: /soc/qcom,mdss_rotator: could not get #list-cells for /soc/qcom,mdss_mdp
03-03 09:36:02.037     1     1 I (2)[1:swapper/0]sde_mdp_parse_dt_prop_len: <SDEROT_INFO> prop qcom,mdss-rot-vbif-memtype : doesn't exist in device tree
03-03 09:36:02.037     1     1 I (2)[1:swapper/0]sde_mdp_parse_dt_prop_len: <SDEROT_INFO> prop qcom,mdss-inline-rot-qos-lut : doesn't exist in device tree
03-03 09:36:02.037     1     1 I (2)[1:swapper/0]sde_mdp_parse_dt_prop_len: <SDEROT_INFO> prop qcom,mdss-inline-rot-danger-lut : doesn't exist in device tree
03-03 09:36:02.037     1     1 I (2)[1:swapper/0]sde_mdp_parse_dt_prop_len: <SDEROT_INFO> prop qcom,mdss-inline-rot-safe-lut : doesn't exist in device tree
03-03 09:36:02.037     1     1 I (2)[1:swapper/0]sde_smmu 5e00000.qcom,mdss_rotator: qcom,smmu_rot_unsec_cb: Linked as a consumer to c600000.apps-smmu
03-03 09:36:02.038     1     1 I (2)[1:swapper/0]iommu: Adding device 5e00000.qcom,mdss_rotator:qcom,smmu_rot_unsec_cb to group 35
03-03 09:36:02.038     1     1 I (2)[1:swapper/0]sde_smmu_probe: <SDEROT_INFO> iommu v2 domain[0] mapping and clk register successful!
03-03 09:36:02.038     1     1 I (2)[1:swapper/0]sde_smmu 5e00000.qcom,mdss_rotator: qcom,smmu_rot_sec_cb: Linked as a consumer to c600000.apps-smmu
03-03 09:36:02.039     1     1 I (2)[1:swapper/0]iommu: Adding device 5e00000.qcom,mdss_rotator:qcom,smmu_rot_sec_cb to group 36
03-03 09:36:02.039     1     1 I (2)[1:swapper/0]sde_smmu_probe: <SDEROT_INFO> iommu v2 domain[1] mapping and clk register successful!
03-03 09:36:02.039     1     1 E         : (2)[1:swapper/0]No change in context(0==0), skip
03-03 09:36:02.042     1     1 I (2)[1:swapper/0]sde_rotator 5e00000.qcom,mdss_rotator: <SDEROT_INFO> SDE v4l2 rotator probe success
03-03 09:36:02.043     1     1 I (2)[1:swapper/0]CAM_ERR: CAM-CCI: cam_cci_assign_fops: 637 Invalid dev node:00000000ca77a283 offset: 0
03-03 09:36:02.043     1     1 I (2)[1:swapper/0]cfg80211: Loading compiled-in X.509 certificates for regulatory database
03-03 09:36:02.043     1     1 I (2)[1:swapper/0]cfg80211: Loaded X.509 cert 'sforshee: 00b28ddf47aef9cea7'
03-03 09:36:02.047     1     1 I (2)[1:swapper/0]regulator_proxy_consumer_remove_all: removing regulator proxy consumer requests
03-03 09:36:02.047     1     1 I         : (2)[1:swapper/0]ALSA device list:
03-03 09:36:02.047     1     1 I         : (2)[1:swapper/0]  No soundcards found.
03-03 09:36:02.047     1     1 I (2)[1:swapper/0][PHOENIX] phx_klog_bootstage: KERNEL_DO_INITCALLS_DONE
03-03 09:36:02.047     1     1 I (2)[1:swapper/0][PHOENIX] phx_klog_bootstage: KERNEL_DO_BASIC_SETUP_DONE
03-03 09:36:02.047     1     1 E (2)[1:swapper/0]Warning: unable to open an initial console.
03-03 09:36:02.048     1     1 I         : (2)[1:swapper/0]Freeing unused kernel memory: 3328K
03-03 09:36:02.048     1     1 I (2)[1:swapper/0][PHOENIX] phx_klog_bootstage: KERNEL_INIT_DONE
03-03 09:36:02.048     1     1 I         : (2)[1:swapper/0]Run /init as init process
03-03 09:36:02.098     1     1 I (7)[1:init]: init first stage started!
03-03 09:36:02.098     1     1 I (7)[1:init]: Unable to open /lib/modules, skipping module loading.
03-03 09:36:02.098     1     1 I (7)[1:init]: First stage mount skipped (recovery mode)
03-03 09:36:02.098     1     1 I (7)[1:init]: [libfs_mgr]dt_fstab: Skip disabled entry for partition vendor
03-03 09:36:02.098     1     1 I (7)[1:init]: [libfs_mgr]ReadFstabFromDt(): failed to read fstab from dt
03-03 09:36:02.098     1     1 I (7)[1:init]: [libfs_mgr]dt_fstab: Skip disabled entry for partition vendor
03-03 09:36:02.099     1     1 W (7)[1:init]: [libfs_mgr]Warning: unknown flag: first_stage_mount
03-03 09:36:02.099     1     1 W (7)[1:init]: [libfs_mgr]Warning: unknown flag: first_stage_mount
03-03 09:36:02.099     1     1 W (7)[1:init]: [libfs_mgr]Warning: unknown flag: first_stage_mount
03-03 09:36:02.099     1     1 W (7)[1:init]: [libfs_mgr]Warning: unknown flag: resize
03-03 09:36:02.099     1     1 W (7)[1:init]: [libfs_mgr]Warning: unknown flag: checkpoint=fs
03-03 09:36:02.099     1     1 W (7)[1:init]: [libfs_mgr]Warning: unknown flag: defaults
03-03 09:36:02.099     1     1 I (7)[1:init]: Using Android DT directory /proc/device-tree/firmware/android/
03-03 09:36:02.645    89    89 E         : (1)[89:kworker/1:1][OPLUS_CHG][oplus_qc_detach_unexpectly_work]qc_break_unexpeactly = 0 keep_ui = 0 cputime = 2816
03-03 09:36:02.645    89    89 I         : (1)[89:kworker/1:1][OPLUS_CHG][opluschg_set_fcc]opluschg_set_fcc = 2200
03-03 09:36:02.701    89    89 I         : (1)[89:kworker/1:1][OPLUS_CHG][opluschg_set_fcc]opluschg_set_fcc = 350
03-03 09:36:02.764    89    89 E (1)[89:kworker/1:1]QG-K: qg_get_battery_temp: pre_voltage_0 = 540
03-03 09:36:02.764    89    89 E (1)[89:kworker/1:1]QG-K: qg_get_battery_temp: v_temp = 543, ichg = 432, temp_before = 346, temp_after = 342
03-03 09:36:02.791    89    89 E         : (1)[89:kworker/1:1][OPLUS_CHG][oplus_chg_debug_info_reset]enter
03-03 09:36:02.791    89    89 I         : (1)[89:kworker/1:1][OPLUS_CHG][oplus_chg_print_log] CHGR[ 0 / 0 / 5 / 3 / 2 ], 			BAT[ 1 / 0 / 0 / 0 / 1 / 0 ], 			GAUGE[ 342 / 3738 / 3738 / 432 / -1 / 34 / 34 / 34 / 1700 ], STATUS[ 0x0 / 0 / 0 / 0 / 0 / 0x0 ], 			OTHER[ 0 / 1 / 101 / 2 / 0/ 0 / -2740], 			DEVICETREE[ 4100 / 0 / 0 / 0]
03-03 09:36:02.794    89    89 E (1)[89:kworker/1:1]QG-K: qg_get_parallel_current_now: parallel_isense = -2136
03-03 09:36:02.794    89    89 E         : (1)[89:kworker/1:1]get prop 249 is not supported in batt
03-03 09:36:02.797   381   381 I (1)[381:kworker/1:9]QG-K: is_batt_id_valid: id_batt_id_valid project number=20671, battery id voltage=302
03-03 09:36:02.801   381   381 E (1)[381:kworker/1:9]QG-K: qg_get_battery_temp: pre_voltage_0 = 540
03-03 09:36:02.801   381   381 E (1)[381:kworker/1:9]QG-K: qg_get_battery_temp: v_temp = 543, ichg = 433, temp_before = 346, temp_after = 342
03-03 09:36:03.102     1     1 E (1)[1:init]: [libfs_avb]Device path not found: /dev/block/by-name/vbmeta
03-03 09:36:03.102     1     1 I (1)[1:init]: [libfs_mgr]dt_fstab: Skip disabled entry for partition vendor
03-03 09:36:03.102     1     1 W (1)[1:init]: [libfs_mgr]Warning: unknown flag: first_stage_mount
03-03 09:36:03.102     1     1 W (1)[1:init]: [libfs_mgr]Warning: unknown flag: first_stage_mount
03-03 09:36:03.102     1     1 W (1)[1:init]: [libfs_mgr]Warning: unknown flag: first_stage_mount
03-03 09:36:03.102     1     1 W (1)[1:init]: [libfs_mgr]Warning: unknown flag: resize
03-03 09:36:03.102     1     1 W (1)[1:init]: [libfs_mgr]Warning: unknown flag: checkpoint=fs
03-03 09:36:03.102     1     1 W (1)[1:init]: [libfs_mgr]Warning: unknown flag: defaults
03-03 09:36:03.765   381   381 E (1)[381:kworker/1:9]of_batterydata_get_best_profile: delta = 13, limit = 0, set limit to 1
03-03 09:36:03.765   381   381 I (1)[381:kworker/1:9]of_batterydata_get_best_profile: Coslight_May25th2020 found
03-03 09:36:03.765   381   381 E (1)[381:kworker/1:9]QCOM-STEPCHG: read_range_data_from_node: Count qcom,step-chg-ranges failed, rc=-22
03-03 09:36:03.765   381   381 E (1)[381:kworker/1:9]QCOM-STEPCHG: read_range_data_from_node: Count qcom,jeita-fcc-ranges failed, rc=-22
03-03 09:36:03.765   381   381 E (1)[381:kworker/1:9]QCOM-STEPCHG: read_range_data_from_node: Count qcom,jeita-fv-ranges failed, rc=-22
03-03 09:36:04.105     1     1 E (1)[1:init]: [libfs_avb]Device path not found: /dev/block/by-name/boot
03-03 09:36:04.105     1     1 E (1)[1:init]: [libfs_avb]avb_slot_verify failed, result: 2
03-03 09:36:04.105     1     1 E (1)[1:init]: Failed to open AvbHandle for INIT_AVB_VERSION: No such file or directory
03-03 09:36:04.153     1     1 I (7)[1:init]: [libfs_mgr]dt_fstab: Skip disabled entry for partition vendor
03-03 09:36:04.153     1     1 W (7)[1:init]: [libfs_mgr]Warning: unknown flag: first_stage_mount
03-03 09:36:04.153     1     1 W (7)[1:init]: [libfs_mgr]Warning: unknown flag: first_stage_mount
03-03 09:36:04.153     1     1 W (7)[1:init]: [libfs_mgr]Warning: unknown flag: first_stage_mount
03-03 09:36:04.153     1     1 W (7)[1:init]: [libfs_mgr]Warning: unknown flag: resize
03-03 09:36:04.153     1     1 W (7)[1:init]: [libfs_mgr]Warning: unknown flag: checkpoint=fs
03-03 09:36:04.153     1     1 W (7)[1:init]: [libfs_mgr]Warning: unknown flag: defaults
03-03 09:36:04.154     1     1 W (7)[1:init]: DM_DEV_STATUS failed for system_ext: No such device or address
03-03 09:36:04.154     1     1 E (7)[1:init]: Could not update logical partition
03-03 09:36:04.154     1     1 W (7)[1:init]: DM_DEV_STATUS failed for product: No such device or address
03-03 09:36:04.154     1     1 E (7)[1:init]: Could not update logical partition
03-03 09:36:04.154     1     1 I (7)[1:init]: Opening SELinux policy
03-03 09:36:04.155     1     1 I (7)[1:init]: Loading SELinux policy
03-03 09:36:04.169     1     1 I (7)[1:init]SELinux: policy capability network_peer_controls=1
03-03 09:36:04.169     1     1 I (7)[1:init]SELinux: policy capability open_perms=1
03-03 09:36:04.169     1     1 I (7)[1:init]SELinux: policy capability extended_socket_class=1
03-03 09:36:04.169     1     1 I (7)[1:init]SELinux: policy capability always_check_network=0
03-03 09:36:04.169     1     1 I (7)[1:init]SELinux: policy capability cgroup_seclabel=0
03-03 09:36:04.169     1     1 I (7)[1:init]SELinux: policy capability nnp_nosuid_transition=1
03-03 09:36:04.221     1     1 I (7)[1:init]selinux: SELinux: Loaded file_contexts
03-03 09:36:04.221     1     1 I (7)[1:init]selinux:  
03-03 09:36:04.263     1     1 I (6)[1:init]: init second stage started!
03-03 09:36:04.284     1     1 I (7)[1:init]: Using Android DT directory /proc/device-tree/firmware/android/
03-03 09:36:04.287     1     1 W (7)[1:init]: Overriding previous property 'persist.sys.usb.config':'adb' with new value 'none'
03-03 09:36:04.287     1     1 W (7)[1:init]: Couldn't load property file '/system/build.prop': open() failed: No such file or directory: No such file or directory
03-03 09:36:04.287     1     1 W (7)[1:init]: Couldn't load property file '/system_ext/etc/build.prop': open() failed: No such file or directory: No such file or directory
03-03 09:36:04.287     1     1 W (7)[1:init]: Couldn't load property file '/system_ext/default.prop': open() failed: No such file or directory: No such file or directory
03-03 09:36:04.287     1     1 W (7)[1:init]: Couldn't load property file '/system_ext/build.prop': open() failed: No such file or directory: No such file or directory
03-03 09:36:04.287     1     1 W (7)[1:init]: Couldn't load property file '/system_ext/default.prop': open() failed: No such file or directory: No such file or directory
03-03 09:36:04.287     1     1 W (7)[1:init]: Couldn't load property file '/system_ext/build.prop': open() failed: No such file or directory: No such file or directory
03-03 09:36:04.287     1     1 W (7)[1:init]: Couldn't load property file '/vendor/default.prop': open() failed: No such file or directory: No such file or directory
03-03 09:36:04.287     1     1 W (7)[1:init]: Couldn't load property file '/vendor/build.prop': open() failed: No such file or directory: No such file or directory
03-03 09:36:04.287     1     1 W (7)[1:init]: Couldn't load property file '/vendor_dlkm/etc/build.prop': open() failed: No such file or directory: No such file or directory
03-03 09:36:04.287     1     1 W (7)[1:init]: Couldn't load property file '/odm_dlkm/etc/build.prop': open() failed: No such file or directory: No such file or directory
03-03 09:36:04.287     1     1 W (7)[1:init]: Couldn't load property file '/odm/etc/build.prop': open() failed: No such file or directory: No such file or directory
03-03 09:36:04.287     1     1 W (7)[1:init]: Couldn't load property file '/odm/default.prop': open() failed: No such file or directory: No such file or directory
03-03 09:36:04.287     1     1 W (7)[1:init]: Couldn't load property file '/odm/build.prop': open() failed: No such file or directory: No such file or directory
03-03 09:36:04.287     1     1 W (7)[1:init]: Couldn't load property file '/odm/default.prop': open() failed: No such file or directory: No such file or directory
03-03 09:36:04.287     1     1 W (7)[1:init]: Couldn't load property file '/odm/build.prop': open() failed: No such file or directory: No such file or directory
03-03 09:36:04.287     1     1 W (7)[1:init]: Couldn't load property file '/product/etc/build.prop': open() failed: No such file or directory: No such file or directory
03-03 09:36:04.287     1     1 W (7)[1:init]: Couldn't load property file '/product/default.prop': open() failed: No such file or directory: No such file or directory
03-03 09:36:04.287     1     1 W (7)[1:init]: Couldn't load property file '/product/build.prop': open() failed: No such file or directory: No such file or directory
03-03 09:36:04.287     1     1 W (7)[1:init]: Couldn't load property file '/product/default.prop': open() failed: No such file or directory: No such file or directory
03-03 09:36:04.287     1     1 W (7)[1:init]: Couldn't load property file '/product/build.prop': open() failed: No such file or directory: No such file or directory
03-03 09:36:04.287     1     1 E (7)[1:init]: Could not set 'ro.boot.vbmeta.avb_version' to '1.0' while loading .prop filesRead-only property was already set
03-03 09:36:04.288     1     1 I (7)[1:init]: Setting product property ro.product.brand to 'realme' (from ro.product.odm.brand)
03-03 09:36:04.288     1     1 I (7)[1:init]: Setting product property ro.product.device to 'RE50BF' (from ro.product.product.device)
03-03 09:36:04.288     1     1 I (7)[1:init]: Setting product property ro.product.manufacturer to 'realme' (from ro.product.odm.manufacturer)
03-03 09:36:04.288     1     1 I (7)[1:init]: Setting product property ro.product.model to 'realme c17' (from ro.product.odm.model)
03-03 09:36:04.288     1     1 I (7)[1:init]: Setting product property ro.product.name to 'twrp_RMX2101' (from ro.product.odm.name)
03-03 09:36:04.288     1     1 I (7)[1:init]: Setting property 'ro.build.fingerprint' to 'realme/twrp_RMX2101/RE50BF:20.1.0/SP2A.220405.004/eng.runner.20230430.094120:eng/test-keys'
03-03 09:36:04.288     1     1 I (7)[1:init]: Setting property 'ro.product.cpu.abilist' to 'arm64-v8a'
03-03 09:36:04.288     1     1 I (7)[1:init]: Setting property 'ro.product.cpu.abilist32' to ''
03-03 09:36:04.288     1     1 I (7)[1:init]: Setting property 'ro.product.cpu.abilist64' to 'arm64-v8a'
03-03 09:36:04.291     1     1 I (7)[1:init]selinux: SELinux: Loaded file_contexts
03-03 09:36:04.291     1     1 I (7)[1:init]selinux:  
03-03 09:36:04.291     1     1 I (7)[1:init]: Running restorecon...
03-03 09:36:04.294     1     1 E (7)[1:init]selinux: SELinux:  Could not stat /dev/block: No such file or directory.
03-03 09:36:04.294     1     1 E (7)[1:init]selinux:  
03-03 09:36:04.295     1     1 E (7)[1:init]selinux: SELinux: Could not get canonical path for /metadata/ota/rollback-indicator restorecon: No such file or directory.
03-03 09:36:04.295     1     1 E (7)[1:init]selinux:  
03-03 09:36:04.295     1     1 E (7)[1:init]selinux: SELinux: Could not get canonical path for /metadata/gsi restorecon: No such file or directory.
03-03 09:36:04.295     1     1 E (7)[1:init]selinux:  
03-03 09:36:04.295     1     1 I (7)[1:init]: Created socket '/dev/socket/property_service', mode 666, user 0, group 0
03-03 09:36:04.298     1     1 I (7)[1:init]: SetupMountNamespaces done
03-03 09:36:04.300     1     1 I (7)[1:init]: Forked subcontext for 'u:r:vendor_init:s0' with pid 485
03-03 09:36:04.300     1     1 I (7)[1:init]: Parsing file /system/etc/init/hw/init.rc...
03-03 09:36:04.300     1     1 I (7)[1:init]: Added '/init.recovery.logd.rc' to import list
03-03 09:36:04.300     1     1 I (7)[1:init]: Added '/init.recovery.ldconfig.rc' to import list
03-03 09:36:04.300     1     1 I (7)[1:init]: Added '/init.recovery.mksh.rc' to import list
03-03 09:36:04.300     1     1 I (7)[1:init]: Added '/init.recovery.usb.rc' to import list
03-03 09:36:04.300     1     1 I (7)[1:init]: Added '/init.recovery.service.rc' to import list
03-03 09:36:04.300     1     1 I (7)[1:init]: Added '/init.recovery.qcom.rc' to import list
03-03 09:36:04.301     1     1 I (7)[1:init]: Parsing file /init.recovery.logd.rc...
03-03 09:36:04.301     1     1 I (7)[1:init]: Parsing file /init.recovery.ldconfig.rc...
03-03 09:36:04.301     1     1 I (7)[1:init]: Parsing file /init.recovery.mksh.rc...
03-03 09:36:04.301     1     1 I (7)[1:init]: Unable to read config file '/init.recovery.mksh.rc': open() failed: No such file or directory
03-03 09:36:04.301     1     1 I (7)[1:init]: Parsing file /init.recovery.usb.rc...
03-03 09:36:04.301     1     1 I (7)[1:init]: Parsing file /init.recovery.service.rc...
03-03 09:36:04.301     1     1 I (7)[1:init]: Parsing file /init.recovery.qcom.rc...
03-03 09:36:04.301     1     1 I (7)[1:init]: Added '/init.recovery.qcom_decrypt.rc' to import list
03-03 09:36:04.301     1     1 I (7)[1:init]: Parsing file /init.recovery.qcom_decrypt.rc...
03-03 09:36:04.301     1     1 I (7)[1:init]: Added '/init.recovery.services.qcom_decrypt.rc' to import list
03-03 09:36:04.301     1     1 I (7)[1:init]: Added '/init.recovery.qcom_decrypt.fbe.rc' to import list
03-03 09:36:04.302     1     1 I (7)[1:init]: Parsing file /init.recovery.services.qcom_decrypt.rc...
03-03 09:36:04.302     1     1 I (7)[1:init]: Unable to read config file '/init.recovery.services.qcom_decrypt.rc': open() failed: No such file or directory
03-03 09:36:04.302     1     1 I (7)[1:init]: Parsing file /init.recovery.qcom_decrypt.fbe.rc...
03-03 09:36:04.302     1     1 I (7)[1:init]: Added '/init.recovery.services.qcom_decrypt.fbe.rc' to import list
03-03 09:36:04.302     1     1 I (7)[1:init]: Parsing file /init.recovery.services.qcom_decrypt.fbe.rc...
03-03 09:36:04.302     1     1 I (7)[1:init]: Unable to read config file '/init.recovery.services.qcom_decrypt.fbe.rc': open() failed: No such file or directory
03-03 09:36:04.302     1     1 I (7)[1:init]: Parsing directory /system/etc/init...
03-03 09:36:04.302     1     1 I (7)[1:init]: Parsing file /system/etc/init/android.hardware.health@2.0-service.rc...
03-03 09:36:04.302     1     1 I (7)[1:init]: Parsing file /system/etc/init/android.hardware.health@2.1-service.rc...
03-03 09:36:04.302     1     1 I (7)[1:init]: Parsing file /system/etc/init/ashmemd.rc...
03-03 09:36:04.302     1     1 I (7)[1:init]: Parsing file /system/etc/init/hwservicemanager.rc...
03-03 09:36:04.302     1     1 I (7)[1:init]: Parsing file /system/etc/init/keystore2.rc...
03-03 09:36:04.302     1     1 I (7)[1:init]: Parsing file /system/etc/init/lpdumpd.rc...
03-03 09:36:04.302     1     1 I (7)[1:init]: Parsing file /system/etc/init/nano.rc...
03-03 09:36:04.302     1     1 I (7)[1:init]: Parsing file /system/etc/init/servicemanager.rc...
03-03 09:36:04.302     1     1 I (7)[1:init]: Parsing file /system/etc/init/vndservicemanager.rc...
03-03 09:36:04.302     1     1 I (7)[1:init]: Parsing file /system_ext/etc/init...
03-03 09:36:04.302     1     1 I (7)[1:init]: Unable to read config file '/system_ext/etc/init': open() failed: No such file or directory
03-03 09:36:04.302     1     1 I (7)[1:init]: Parsing file /vendor/etc/init...
03-03 09:36:04.302     1     1 I (7)[1:init]: Unable to read config file '/vendor/etc/init': open() failed: No such file or directory
03-03 09:36:04.302     1     1 I (7)[1:init]: Parsing file /odm/etc/init...
03-03 09:36:04.302     1     1 I (7)[1:init]: Unable to read config file '/odm/etc/init': open() failed: No such file or directory
03-03 09:36:04.302     1     1 I (7)[1:init]: Parsing file /product/etc/init...
03-03 09:36:04.302     1     1 I (7)[1:init]: Unable to read config file '/product/etc/init': open() failed: No such file or directory
03-03 09:36:04.303     1     1 I (7)[1:init]: processing action (SetupCgroups) from (<Builtin Action>:0)
03-03 09:36:04.307     1     1 I (7)[1:init]: processing action (SetKptrRestrict) from (<Builtin Action>:0)
03-03 09:36:04.308     1     1 I (7)[1:init]: processing action (TestPerfEventSelinux) from (<Builtin Action>:0)
03-03 09:36:04.308     1     1 I (7)[1:init]: processing action (early-init) from (/system/etc/init/hw/init.rc:8)
03-03 09:36:04.308     1     1 I (7)[1:init]: Command 'mount cgroup none /acct cpuacct' action=early-init (/system/etc/init/hw/init.rc:13) took 0ms and failed: mount() failed: Device or resource busy
03-03 09:36:04.309     1     1 I (7)[1:init]: starting service 'ueventd'...
03-03 09:36:04.313     1     1 I (7)[1:init]: processing action (early-init) from (/init.recovery.usb.rc:28)
03-03 09:36:04.313     1     1 I (7)[1:init]: processing action (wait_for_coldboot_done) from (<Builtin Action>:0)
03-03 09:36:04.362   486   486 I (7)[486:ueventd]: ueventd started!
03-03 09:36:04.364   486   486 I (7)[486:ueventd]selinux: SELinux: Loaded file_contexts
03-03 09:36:04.364   486   486 I (7)[486:ueventd]selinux:  
03-03 09:36:04.364   486   486 I (7)[486:ueventd]: Parsing file /system/etc/ueventd.rc...
03-03 09:36:04.364   486   486 I (7)[486:ueventd]: Added '/vendor/etc/ueventd.rc' to import list
03-03 09:36:04.364   486   486 I (7)[486:ueventd]: Added '/odm/etc/ueventd.rc' to import list
03-03 09:36:04.364   486   486 I (7)[486:ueventd]: Parsing file /vendor/etc/ueventd.rc...
03-03 09:36:04.364   486   486 I (7)[486:ueventd]: Unable to read config file '/vendor/etc/ueventd.rc': open() failed: No such file or directory
03-03 09:36:04.364   486   486 I (7)[486:ueventd]: Parsing file /odm/etc/ueventd.rc...
03-03 09:36:04.364   486   486 I (7)[486:ueventd]: Unable to read config file '/odm/etc/ueventd.rc': open() failed: No such file or directory
03-03 09:36:04.364   486   486 I (7)[486:ueventd]: Parsing file /vendor/ueventd.rc...
03-03 09:36:04.364   486   486 I (7)[486:ueventd]: Unable to read config file '/vendor/ueventd.rc': open() failed: No such file or directory
03-03 09:36:04.364   486   486 I (7)[486:ueventd]: Parsing file /odm/ueventd.rc...
03-03 09:36:04.364   486   486 I (7)[486:ueventd]: Unable to read config file '/odm/ueventd.rc': open() failed: No such file or directory
03-03 09:36:04.364   486   486 I (7)[486:ueventd]: Parsing file /ueventd.qcom.rc...
03-03 09:36:04.365   486   486 E (7)[486:ueventd]: /ueventd.qcom.rc: 168: /sys/ lines must have 5 or 6 entries
03-03 09:36:04.462   486   486 E (7)[486:ueventd]QG-K: qg_get_parallel_current_now: parallel_isense = -762
03-03 09:36:04.462   486   486 E         : (7)[486:ueventd]get prop 249 is not supported in batt
03-03 09:36:04.468   486   486 E (7)[486:ueventd]QG-K: qg_get_battery_temp: pre_voltage_0 = 540
03-03 09:36:04.468   486   486 E (7)[486:ueventd]QG-K: qg_get_battery_temp: v_temp = 543, ichg = 531, temp_before = 346, temp_after = 342
03-03 09:36:04.471   486   486 E (7)[486:ueventd]QG-K: qg_get_parallel_current_now: parallel_isense = -1373
03-03 09:36:04.594   484   484 I (1)[484:init]: Wait for property 'ro.cold_boot_done=true' took 281ms
03-03 09:36:04.595     1     1 I (7)[1:init]: processing action (SetMmapRndBits) from (<Builtin Action>:0)
03-03 09:36:04.595   486   486 I (1)[486:ueventd]: Coldboot took 0.228 seconds
03-03 09:36:04.595     1     1 I (7)[1:init]: processing action (KeychordInit) from (<Builtin Action>:0)
03-03 09:36:04.595     1     1 I (7)[1:init]: processing action (init) from (/system/etc/init/hw/init.rc:23)
03-03 09:36:04.596     1     1 I (7)[1:init]: Command 'symlink /system/bin /bin' action=init (/system/etc/init/hw/init.rc:35) took 0ms and failed: symlink() failed: File exists
03-03 09:36:04.596     1     1 I (7)[1:init]: Command 'symlink /system/etc /etc' action=init (/system/etc/init/hw/init.rc:36) took 0ms and failed: symlink() failed: File exists
03-03 09:36:04.597     1     1 I (7)[1:init]: Command 'mount cgroup none /acct cpuacct' action=init (/system/etc/init/hw/init.rc:38) took 0ms and failed: mount() failed: Device or resource busy
03-03 09:36:04.599     1     1 I (7)[1:init]: processing action (init) from (/init.recovery.logd.rc:1)
03-03 09:36:04.600     1     1 I (7)[1:init]: starting service 'logd'...
03-03 09:36:04.600     1     1 I (7)[1:init]: Created socket '/dev/socket/logdr', mode 666, user 0, group 0
03-03 09:36:04.600     1     1 I (7)[1:init]: Created socket '/dev/socket/logdw', mode 222, user 0, group 0
03-03 09:36:04.600     1     1 I (7)[1:init]: Opened file '/proc/kmsg', flags 0
03-03 09:36:04.600     1     1 I (7)[1:init]: Opened file '/dev/kmsg', flags 1
03-03 09:36:04.603     1     1 I (7)[1:init]: processing action (init) from (/init.recovery.usb.rc:31)
03-03 09:36:04.605     1     1 I         : (7)[1:init]file system registered
03-03 09:36:04.605     1     1 I         : (7)[1:init]Mass Storage Function, version: 2009/09/11
03-03 09:36:04.605     1     1 I (7)[1:init]LUN: removable file: (no medium)
03-03 09:36:04.607     1     1 I (6)[1:init]: processing action (init) from (/system/etc/init/hwservicemanager.rc:1)
03-03 09:36:04.607     1     1 I (6)[1:init]: starting service 'hwservicemanager'...
03-03 09:36:04.611     1     1 I (6)[1:init]: processing action (init) from (/system/etc/init/servicemanager.rc:1)
03-03 09:36:04.611     1     1 I (6)[1:init]: starting service 'servicemanager'...
03-03 09:36:04.614     1     1 I (6)[1:init]: processing action (init) from (/system/etc/init/vndservicemanager.rc:1)
03-03 09:36:04.614     1     1 I (6)[1:init]: starting service 'vndservicemanager'...
03-03 09:36:04.616   500   500 E (2)[500:init]: failed to write pid to files: couldn't write 500 to /dev/cpuset/system-background/tasks: No such file or directory
03-03 09:36:04.617     1     1 I (6)[1:init]: processing action (late-init) from (/system/etc/init/hw/init.rc:82)
03-03 09:36:04.617   496   496 E (3)[496:logd]: libprocessgroup: Failed to read task profiles from /etc/task_profiles.json
03-03 09:36:04.617     1     1 I (6)[1:init]: processing action (late-init) from (/system/etc/init/keystore2.rc:9)
03-03 09:36:04.618   496   496 E (3)[496:logd]: libprocessgroup: Loading /etc/task_profiles.json for [496] failed
03-03 09:36:04.618     1     1 I (6)[1:init]: starting service 'keystore2'...
03-03 09:36:04.618   496   496 W (3)[496:logd]: libprocessgroup: Failed to find SCHED_SP_BACKGROUNDtask profile: No such file or directory
03-03 09:36:04.618   496   496 E (3)[496:logd]: Cannot read /system/etc/event-log-tags
03-03 09:36:04.620   503   503 E (5)[503:init]: failed to write pid to files: couldn't write 503 to /dev/cpuset/foreground/tasks: No such file or directory
03-03 09:36:04.620   496   496 I (3)[496:logd]logd.auditd: start
03-03 09:36:04.621     1     1 I (6)[1:init]: processing action (queue_property_triggers) from (<Builtin Action>:0)
03-03 09:36:04.621     1     1 I (6)[1:init]: processing action (ro.debuggable=1 && fs) from (/system/etc/init/hw/init.rc:115)
03-03 09:36:04.621     1     1 I (6)[1:init]: processing action (sys.usb.configfs=1 && fs) from (/system/etc/init/hw/init.rc:127)
03-03 09:36:04.621     1     1 I (6)[1:init]: Command 'mount configfs none /config' action=sys.usb.configfs=1 && fs (/system/etc/init/hw/init.rc:128) took 0ms and failed: mount() failed: Device or resource busy
03-03 09:36:04.623     1     1 I (6)[1:init]: processing action (fs) from (/system/etc/init/hw/init.rc:147)
03-03 09:36:04.626     1     1 I (6)[1:init]: processing action (fs) from (/init.recovery.ldconfig.rc:1)
03-03 09:36:04.626     1     1 I (6)[1:init]: processing action (fs) from (/init.recovery.qcom.rc:3)
03-03 09:36:04.626     1     1 I (6)[1:init]: wait for '/dev/block/platform/soc/4804000.ufshc' took 0ms
03-03 09:36:04.627     1     1 I         : (6)[1:init][OPLUS_CHG][opluschg_set_otg_switch]stat 0x1544 = 0x0, otg_switch = 1, otg_online = 0, ui_otg_switch = 1
03-03 09:36:04.627     1     1 I (6)[1:init]: processing action (fs) from (/init.recovery.qcom_decrypt.rc:4)
03-03 09:36:04.627     1     1 I (6)[1:init]: processing action (fs) from (/system/etc/init/nano.rc:1)
03-03 09:36:04.627     1     1 I (6)[1:init]: processing action (post-fs-data) from (/system/etc/init/hw/init.rc:94)
03-03 09:36:04.627     1     1 I (6)[1:init]: processing action (firmware_mounts_complete) from (/system/etc/init/hw/init.rc:78)
03-03 09:36:04.627     1     1 I (6)[1:init]: processing action (boot) from (/system/etc/init/hw/init.rc:71)
03-03 09:36:04.628     1     1 I (6)[1:init]: starting service 'recovery'...
03-03 09:36:04.628     1     1 I (6)[1:init]: Created socket '/dev/socket/recovery', mode 422, user 1000, group 1000
03-03 09:36:04.630   499   499 I (1)[499:servicemanager]binder: 499:499 ioctl 40046210 7fe95c2234 returned -22
03-03 09:36:04.632     1     1 I (6)[1:init]: processing action (boot) from (/init.recovery.qcom.rc:10)
03-03 09:36:04.632     1     1 I (6)[1:init]: starting service 'health-hal-2-0'...
03-03 09:36:04.632     1     1 I (6)[1:init]: Opened file '/dev/kmsg', flags 1
03-03 09:36:04.634   500   500 I (2)[500:vndservicemanag]binder: 500:500 ioctl 40046210 7ff1760c04 returned -22
03-03 09:36:04.636     1     1 I (6)[1:init]: processing action (boot) from (/system/etc/init/ashmemd.rc:1)
03-03 09:36:04.636     1     1 I (6)[1:init]: processing action (enable_property_trigger) from (<Builtin Action>:0)
03-03 09:36:04.636     1     1 I (6)[1:init]: processing action (ro.debuggable=1) from (/system/etc/init/hw/init.rc:109)
03-03 09:36:04.636     1     1 I (6)[1:init]: processing action (sys.usb.config=adb) from (/system/etc/init/hw/init.rc:155)
03-03 09:36:04.637     1     1 I (6)[1:init]: starting service 'adbd'...
03-03 09:36:04.637     1     1 I (6)[1:init]: Created socket '/dev/socket/adbd', mode 660, user 1000, group 1000
03-03 09:36:04.641     1     1 I (6)[1:init]: processing action (sys.usb.config=adb && sys.usb.configfs=1) from (/init.recovery.usb.rc:73)
03-03 09:36:04.641     1     1 I (6)[1:init]: processing action (service.adb.root=1) from (/system/etc/init/hw/init.rc:124)
03-03 09:36:04.641     1     1 I (6)[1:init]: Sending signal 9 to service 'adbd' (pid 507) process group...
03-03 09:36:04.646     1     1 I (6)[1:init]libprocessgroup: Successfully killed process cgroup uid 0 pid 507 in 5ms
03-03 09:36:04.647     1     1 I (6)[1:init]: Service 'adbd' (pid 507) received signal 9
03-03 09:36:04.650   506   506 I (3)[506:android.hardwar]binder: 506:506 ioctl 40046210 7ffcb89ec4 returned -22
03-03 09:36:04.652   506   506 W (3)[506:android.hardwar]healthd: Unknown power supply type 'Parallel'
03-03 09:36:04.652   506   506 W (3)[506:android.hardwar]healthd: Unknown power supply type 'BMS'
03-03 09:36:04.652   506   506 W (3)[506:android.hardwar]healthd: Unknown power supply type 'Main'
03-03 09:36:04.652   506   506 W (3)[506:android.hardwar]healthd: batteryChargeTimeToFullNowPath. not found
03-03 09:36:04.652   506   506 W (3)[506:android.hardwar]healthd: batteryFullChargeDesignCapacityUahPath. not found
03-03 09:36:04.661   498   498 I (4)[498:hwservicemanage]binder: 498:498 ioctl 40046210 7fcd2e3ae4 returned -22
03-03 09:36:04.672     0     0 W (7)[506:health@2.0-serv]healthd: battery l=34 v=3738 t=34.2 h=2 st=4 c=863 fc=5000 cc=659 chg=
03-03 09:36:04.680   503   503 I (5)[503:keystore2]binder: 503:503 ioctl 40046210 7ff0615ce4 returned -22
03-03 09:36:04.688   503   503 I (5)[503:Binder:503_2]binder: 503:503 ioctl 40046210 7ff0615114 returned -22
03-03 09:36:04.691     1     1 E (3)[1:init]: Control message: Could not find 'android.hardware.keymaster@4.0::IKeymasterDevice/default' for ctl.interface_start from pid: 498 (/system/bin/hwservicemanager)
03-03 09:36:04.691     1     1 E (2)[1:init]: Control message: Could not find 'android.hardware.keymaster@4.0::IKeymasterDevice/default' for ctl.interface_start from pid: 498 (/system/bin/hwservicemanager)
03-03 09:36:04.726   334   334 I (2)[334:crtc_commit:74][drm:dsi_display_set_mode] [msm-dsi-info]: mdp_transfer_time_us=0 us
03-03 09:36:04.726   334   334 I (2)[334:crtc_commit:74][drm:dsi_display_set_mode] [msm-dsi-info]: hactive= 720,vactive= 1600,fps=60
03-03 09:36:04.727   334   334 E         : (2)[334:crtc_commit:74]dsi_cmd qcom,mdss-dsi-post-panel-on-command
03-03 09:36:04.727   334   334 I         : (2)[334:crtc_commit:74][lcm] oplus_display_get_panel_production_date_serial_number display->panel->panel_type = 0!
03-03 09:36:04.727   334   334 I         : (2)[334:crtc_commit:74][lcm] oplus_display_get_panel_serial_number only support oled!
03-03 09:36:04.727   334   334 E         : (2)[334:crtc_commit:74]dsi_cmd oplus_display_get_panel_production_date_serial_number
03-03 09:36:05.544   505   505 W (6)[505:recovery]audit_log_start: 4 callbacks suppressed
03-03 09:36:05.544   505   505 W (6)[505:recovery]audit: audit_backlog=65 > audit_backlog_limit=64
03-03 09:36:05.544   505   505 W (6)[505:recovery]audit: audit_lost=1 audit_rate_limit=0 audit_backlog_limit=64
03-03 09:36:05.544   505   505 E (6)[505:recovery]audit: backlog limit exceeded
03-03 09:36:05.544   505   505 W (6)[505:recovery]audit: audit_backlog=65 > audit_backlog_limit=64
03-03 09:36:05.544   505   505 W (6)[505:recovery]audit: audit_lost=2 audit_rate_limit=0 audit_backlog_limit=64
03-03 09:36:05.544   505   505 E (6)[505:recovery]audit: backlog limit exceeded
03-03 09:36:05.544   505   505 W (6)[505:recovery]audit: audit_backlog=65 > audit_backlog_limit=64
03-03 09:36:05.544   505   505 W (6)[505:recovery]audit: audit_lost=3 audit_rate_limit=0 audit_backlog_limit=64
03-03 09:36:05.544   505   505 E (6)[505:recovery]audit: backlog limit exceeded
03-03 09:36:05.544   505   505 W (6)[505:recovery]audit: audit_backlog=65 > audit_backlog_limit=64
03-03 09:36:05.577   505   505 I (7)[505:recovery]EXT4-fs (sda2): recovery complete
03-03 09:36:05.577   505   505 I (7)[505:recovery]EXT4-fs (sda2): mounted filesystem with ordered data mode. Opts:
03-03 09:36:05.579   505   505 I (7)[505:recovery]SELinux: Context u:object_r:vendor_persist_time_file:s0 is not valid (left unmapped).
