03-03 09:36:01.629     1     1 W (7)[1:swapper/0][drm] [msm-dsi-warn]: [ili9881h video mode dsi boe 90hz panel] fallback to default te-pin-select
03-03 09:36:01.629     1     1 E         : (7)[1:swapper/0][drm:dsi_panel_get] *ERROR* [msm-dsi-error]: [ili9881h video mode dsi boe 90hz panel] oplus,dsi-fod-brightness  not found
03-03 09:36:01.629     1     1 I (7)[1:swapper/0][drm:dsi_panel_get] [msm-dsi-info]: aod ramless mode: false
03-03 09:36:01.629     1     1 I (7)[1:swapper/0][drm:dsi_panel_get] [msm-dsi-info]: oplus,dfps-idle-off: false
03-03 09:36:01.629     1     1 I (7)[1:swapper/0][drm:dsi_panel_get] [msm-dsi-info]: oplus,brightness-alpha-rum: false
03-03 09:36:01.629     1     1 I (7)[1:swapper/0][drm:dsi_panel_get] [msm-dsi-info]: oplus,panel-cabc-soda: false
03-03 09:36:01.629     1     1 E         : (7)[1:swapper/0]interpolate_nosub = 0
03-03 09:36:01.630     1     1 I (7)[1:swapper/0]msm_drm 5e00000.qcom,mdss_mdp: Linked as a consumer to regulator.10
03-03 09:36:01.630     1     1 I (7)[1:swapper/0]msm-dsi-display soc: qcom,dsi-display-primary: Linked as a consumer to regulator.30
03-03 09:36:01.630     1     1 I (7)[1:swapper/0]msm-dsi-display soc: qcom,dsi-display-primary: Linked as a consumer to regulator.46
03-03 09:36:01.630     1     1 I (7)[1:swapper/0]msm-dsi-display soc: qcom,dsi-display-primary: Linked as a consumer to regulator.47
03-03 09:36:01.631     1     1 I (7)[1:swapper/0][drm:dsi_display_bind] [msm-dsi-info]: Successfully bind display panel 'qcom,mdss_dsi_ili9881h_boe_90hz_video'
03-03 09:36:01.631     1     1 I (7)[1:swapper/0]msm_drm 5e00000.qcom,mdss_mdp: bound soc:qcom,dsi-display-primary (ops dsi_display_comp_ops)
03-03 09:36:01.631     1     1 I         : (7)[1:swapper/0][drm] mapped mdp address space @0000000074147345
03-03 09:36:01.631     1     1 I         : (7)[1:swapper/0][drm:_sde_kms_hw_init_blocks:3589] sde hardware revision:0x60030000
03-03 09:36:01.632     1     1 I (7)[1:swapper/0]msmdrm_smmu 5e00000.qcom,mdss_mdp: qcom,smmu_sde_unsec_cb: Linked as a consumer to c600000.apps-smmu
03-03 09:36:01.632     1     1 I (7)[1:swapper/0]iommu: Adding device 5e00000.qcom,mdss_mdp:qcom,smmu_sde_unsec_cb to group 12
03-03 09:36:01.632     1     1 I         : (7)[1:swapper/0][drm] probing device qcom,smmu_sde_unsec
03-03 09:36:01.632     1     1 I         : (7)[1:swapper/0][drm] Created domain mdp_ns, secure=0
03-03 09:36:01.633     1     1 I (7)[1:swapper/0]msmdrm_smmu 5e00000.qcom,mdss_mdp: qcom,smmu_sde_sec_cb: Linked as a consumer to c600000.apps-smmu
03-03 09:36:01.633     1     1 I (7)[1:swapper/0]iommu: Adding device 5e00000.qcom,mdss_mdp:qcom,smmu_sde_sec_cb to group 13
03-03 09:36:01.634     1     1 I         : (7)[1:swapper/0][drm] probing device qcom,smmu_sde_sec
03-03 09:36:01.634     1     1 I         : (7)[1:swapper/0][drm] Created domain mdp_s, secure=1
03-03 09:36:01.634     1     1 I (7)[1:swapper/0][drm:dsi_panel_get_mode] [msm-dsi-info]: default topology: lm: 1 comp_enc:0 intf: 1
03-03 09:36:01.634     1     1 E         : (7)[1:swapper/0][drm:dsi_panel_get_mode] *ERROR* [msm-dsi-error]: oplus,fod-on-vblank is not defined, rc=-22
03-03 09:36:01.634     1     1 E         : (7)[1:swapper/0][drm:dsi_panel_get_mode] *ERROR* [msm-dsi-error]: oplus,fod-on-vblank is not defined, rc=-22
03-03 09:36:01.635     1     1 I         : (7)[1:swapper/0][drm] Supports vblank timestamp caching Rev 2 (21.10.2013).
03-03 09:36:01.635     1     1 I         : (7)[1:swapper/0][drm] No driver support for vblank timestamp query.
03-03 09:36:01.635     1     1 I         : (7)[1:swapper/0][drm] Initialized msm_drm 1.3.0 20130625 for 5e00000.qcom,mdss_mdp on minor 0
03-03 09:36:01.635     1     1 I         : (7)[1:swapper/0][drm] cont_splash enabled in 1 of 1 display(s)
03-03 09:36:01.635     1     1 I (7)[1:swapper/0][drm:dsi_ctrl_isr_configure] [msm-dsi-info]: dsi-ctrl-0: IRQ 226 registered
03-03 09:36:01.658     1     1 I (7)[1:swapper/0]msm_vidc: err : ffffffff: .....: Failed to create debugfs for msm_vidc
03-03 09:36:01.659     1     1 I (7)[1:swapper/0]msm_vidc: err : ffffffff: .....: no device Registered
03-03 09:36:01.659     1     1 I (7)[1:swapper/0]msm_vidc: err : ffffffff: .....: Failed to create debugfs for msm_vidc
03-03 09:36:01.660     1     1 I (7)[1:swapper/0]msm_vidc_v4l2 5a00000.qcom,vidc: non_secure_cb: Linked as a consumer to c600000.apps-smmu
03-03 09:36:01.660     1     1 I (7)[1:swapper/0]iommu: Adding device 5a00000.qcom,vidc:non_secure_cb to group 14
03-03 09:36:01.660     1     1 I (7)[1:swapper/0]msm_vidc_v4l2 5a00000.qcom,vidc: secure_bitstream_cb: Linked as a consumer to c600000.apps-smmu
03-03 09:36:01.661     1     1 I (7)[1:swapper/0]iommu: Adding device 5a00000.qcom,vidc:secure_bitstream_cb to group 15
03-03 09:36:01.661     1     1 I (7)[1:swapper/0]msm_vidc_v4l2 5a00000.qcom,vidc: secure_pixel_cb: Linked as a consumer to c600000.apps-smmu
03-03 09:36:01.661     1     1 I (7)[1:swapper/0]iommu: Adding device 5a00000.qcom,vidc:secure_pixel_cb to group 16
03-03 09:36:01.661     1     1 I (7)[1:swapper/0]msm_vidc_v4l2 5a00000.qcom,vidc: secure_non_pixel_cb: Linked as a consumer to c600000.apps-smmu
03-03 09:36:01.662     1     1 I (7)[1:swapper/0]iommu: Adding device 5a00000.qcom,vidc:secure_non_pixel_cb to group 17
03-03 09:36:01.664     1     1 I (7)[1:swapper/0]msm_cam_smmu soc: qcom,cam_smmu:msm_cam_smmu_tfe: Linked as a consumer to c600000.apps-smmu
03-03 09:36:01.664     1     1 I (7)[1:swapper/0]iommu: Adding device soc:qcom,cam_smmu:msm_cam_smmu_tfe to group 18
03-03 09:36:01.664     1     1 I (7)[1:swapper/0]msm_cam_smmu soc: qcom,cam_smmu:msm_cam_smmu_ope: Linked as a consumer to c600000.apps-smmu
03-03 09:36:01.664     1     1 I (7)[1:swapper/0]iommu: Adding device soc:qcom,cam_smmu:msm_cam_smmu_ope to group 19
03-03 09:36:01.664     1     1 I (7)[1:swapper/0]msm_cam_smmu soc: qcom,cam_smmu:msm_cam_smmu_cpas_cdm: Linked as a consumer to c600000.apps-smmu
03-03 09:36:01.665     1     1 I (7)[1:swapper/0]iommu: Adding device soc:qcom,cam_smmu:msm_cam_smmu_cpas_cdm to group 20
03-03 09:36:01.666     1     1 I (7)[1:swapper/0]cam-cpas 5c11000.qcom,cam-cpas: Linked as a consumer to regulator.1
03-03 09:36:01.666     1     1 I (7)[1:swapper/0]CAM_INFO: CAM-CPAS: cam_cpas_get_hw_features: 436 feature 0x2 addr 0x1b401d0, bit 5 enable type:0 hw_id=2
03-03 09:36:01.666     1     1 I (7)[1:swapper/0]CAM_INFO: CAM-CPAS: cam_cpas_get_hw_features: 487 num entries:0 feature 0x2 enable=0 hw id=2
03-03 09:36:01.666     1     1 I (7)[1:swapper/0]CAM_INFO: CAM-CPAS: cam_cpas_get_hw_features: 436 feature 0x3 addr 0x1b401d0, bit 6 enable type:0 hw_id=2
03-03 09:36:01.666     1     1 I (7)[1:swapper/0]CAM_INFO: CAM-CPAS: cam_cpas_get_hw_features: 487 num entries:1 feature 0x3 enable=1 hw id=2
03-03 09:36:01.670     1     1 I (1)[1:swapper/0]msm_cam_cdm 5c23000.qcom,cpas-cdm0: Linked as a consumer to regulator.1
03-03 09:36:01.674     1     1 I (1)[1:swapper/0]msm_cam_cdm 5c42000.qcom,ope-cdm0: Linked as a consumer to regulator.1
03-03 09:36:01.678     1     1 I (1)[1:swapper/0]tpg_v1 5c66000.qcom,tpg0: Linked as a consumer to regulator.1
03-03 09:36:01.680     1     1 I (1)[1:swapper/0]tpg_v1 5c68000.qcom,tpg0: Linked as a consumer to regulator.1
03-03 09:36:01.682     1     1 I (1)[1:swapper/0]csid_530 5c6e000.qcom,tfe_csid0: Linked as a consumer to regulator.1
03-03 09:36:01.683     1     1 I (1)[1:swapper/0]csid_530 5c75000.qcom,tfe_csid1: Linked as a consumer to regulator.1
03-03 09:36:01.683     1     1 I (1)[1:swapper/0]CAM_INFO: CAM-ISP: cam_tfe_csid_hw_probe_init: 3102 TFE:2  is not supported
03-03 09:36:01.683     1     1 W (1)[1:swapper/0]csid_530: probe of 5c7c000.qcom,tfe_csid2 failed with error -22
03-03 09:36:01.683     1     1 I (1)[1:swapper/0]CAM_INFO: CAM-UTIL: cam_soc_util_get_option_clk_by_name: 559 No clk data for tfe_dsp_clk
03-03 09:36:01.683     1     1 I (1)[1:swapper/0]CAM_WARN: CAM-ISP: cam_tfe_init_soc_resources: 50 Option clk get failed with rc -22
03-03 09:36:01.683     1     1 I (1)[1:swapper/0]cam_tfe 5c6e000.qcom,tfe0: Linked as a consumer to regulator.1
03-03 09:36:01.685     1     1 I (1)[1:swapper/0]CAM_INFO: CAM-UTIL: cam_soc_util_get_option_clk_by_name: 559 No clk data for tfe_dsp_clk
03-03 09:36:01.685     1     1 I (1)[1:swapper/0]CAM_WARN: CAM-ISP: cam_tfe_init_soc_resources: 50 Option clk get failed with rc -22
03-03 09:36:01.685     1     1 I (1)[1:swapper/0]cam_tfe 5c75000.qcom,tfe1: Linked as a consumer to regulator.1
03-03 09:36:01.688     1     1 I (1)[1:swapper/0]CAM_INFO: CAM-UTIL: cam_soc_util_get_option_clk_by_name: 559 No clk data for tfe_dsp_clk
03-03 09:36:01.688     1     1 I (1)[1:swapper/0]CAM_WARN: CAM-ISP: cam_tfe_init_soc_resources: 50 Option clk get failed with rc -22
03-03 09:36:01.688     1     1 I (1)[1:swapper/0]cam_tfe 5c7c000.qcom,tfe2: Linked as a consumer to regulator.1
03-03 09:36:01.688     1     1 I (1)[1:swapper/0]CAM_INFO: CAM-ISP: cam_tfe_core_init: 2820 TFE:2 is not supported
03-03 09:36:01.688     1     1 I (1)[1:swapper/0]CAM_ERR: CAM-ISP: cam_tfe_probe: 98 Failed to init core rc=-22
03-03 09:36:01.688     1     1 I (1)[1:swapper/0]cam_tfe 5c7c000.qcom,tfe2: Dropping the link to regulator.1
03-03 09:36:01.688     1     1 W (1)[1:swapper/0]WARNING: CPU: 1 PID: 1 at drivers/clk/clk.c:4884 __clk_put+0x1a8/0x218
03-03 09:36:01.688     1     1 W         : (1)[1:swapper/0]Modules linked in:
03-03 09:36:01.688     1     1 W (1)[1:swapper/0]CPU: 1 PID: 1 Comm: swapper/0 Not tainted 4.19.152-perf+ #1
03-03 09:36:01.688     1     1 W (1)[1:swapper/0]Hardware name: Qualcomm Technologies, Inc. Bengal QRD (DT)
03-03 09:36:01.688     1     1 W (1)[1:swapper/0]pstate: 20400005 (nzCv daif +PAN -UAO)
03-03 09:36:01.688     1     1 W (1)[1:swapper/0]pc: __clk_put+0x1a8/0x218
03-03 09:36:01.688     1     1 W (1)[1:swapper/0]lr: clk_put+0x10/0x20
03-03 09:36:01.688     1     1 W (1)[1:swapper/0]pc: ffffffa78001a750
03-03 09:36:01.688     1     1 W (1)[1:swapper/0]lr: ffffffa7800124c0
03-03 09:36:01.688     1     1 W (1)[1:swapper/0]sp: ffffff800805b9f0
03-03 09:36:01.688     1     1 W (1)[1:swapper/0]x29: ffffff800805b9f0 x28: ffffffa781ff3780
03-03 09:36:01.688     1     1 W (1)[1:swapper/0]x27: ffffffa782031000 x26: ffffffa7821cc8b0
03-03 09:36:01.688     1     1 W (1)[1:swapper/0]x25: ffffffa781ee38d8 x24: ffffffd284865058
03-03 09:36:01.688     1     1 W (1)[1:swapper/0]x23: ffffffd284888000 x22: 00000000ffffffea
03-03 09:36:01.688     1     1 W (1)[1:swapper/0]x21: ffffffd28481bd04 x20: ffffffd284865058
03-03 09:36:01.688     1     1 W (1)[1:swapper/0]x19: ffffffffffffffea x18: ffffffd295d16098
03-03 09:36:01.688     1     1 W (1)[1:swapper/0]x17: ffffffa782057000 x16: ffffffd284eaa280
03-03 09:36:01.688     1     1 W (1)[1:swapper/0]x15: 0000000000000000 x14: 0000000000080800
03-03 09:36:01.688     1     1 W (1)[1:swapper/0]x13: ffffff800805b9f0 x12: ffffff800805b578
03-03 09:36:01.688     1     1 W (1)[1:swapper/0]x11: ffffff80ffffffe0 x10: 0000000000000000
03-03 09:36:01.688     1     1 W (1)[1:swapper/0]x9: b55c3896a4e48600 x8 : 0000000000000001
03-03 09:36:01.688     1     1 W (1)[1:swapper/0]x7: ffffffffffffffff x6 : 00000000000000ff
03-03 09:36:01.688     1     1 W (1)[1:swapper/0]x5: 0000000000000000 x4 : 0000000000000000
03-03 09:36:01.688     1     1 W (1)[1:swapper/0]x3: ffffffa7818f52ac x2 : 0000000000000467
03-03 09:36:01.688     1     1 W (1)[1:swapper/0]x1: ffffffa7818f528c x0 : ffffffffffffffea
03-03 09:36:01.688     1     1 W (1)[1:swapper/0]Call trace:  
03-03 09:36:01.688     1     1 W         : (1)[1:swapper/0] __clk_put+0x1a8/0x218
03-03 09:36:01.688     1     1 W         : (1)[1:swapper/0] clk_put+0x10/0x20
03-03 09:36:01.688     1     1 W         : (1)[1:swapper/0] cam_soc_util_clk_put+0x20/0x68
03-03 09:36:01.688     1     1 W         : (1)[1:swapper/0] cam_tfe_deinit_soc_resources+0x44/0x140
03-03 09:36:01.688     1     1 W         : (1)[1:swapper/0] cam_tfe_probe+0x348/0x3d8
03-03 09:36:01.688     1     1 W         : (1)[1:swapper/0] platform_drv_probe+0x80/0xc0
03-03 09:36:01.688     1     1 W         : (1)[1:swapper/0] really_probe+0x470/0x4f8
03-03 09:36:01.688     1     1 W         : (1)[1:swapper/0] driver_probe_device+0x64/0x100
03-03 09:36:01.688     1     1 W         : (1)[1:swapper/0] __driver_attach+0xec/0x130
03-03 09:36:01.688     1     1 W         : (1)[1:swapper/0] bus_for_each_dev+0x7c/0xc8
03-03 09:36:01.688     1     1 W         : (1)[1:swapper/0] driver_attach+0x24/0x30
03-03 09:36:01.688     1     1 W         : (1)[1:swapper/0] bus_add_driver+0x134/0x228
03-03 09:36:01.688     1     1 W         : (1)[1:swapper/0] driver_register+0x78/0x110
03-03 09:36:01.688     1     1 W         : (1)[1:swapper/0] __platform_driver_register+0x44/0x50
03-03 09:36:01.688     1     1 W         : (1)[1:swapper/0] cam_tfe_init_module+0x1c/0x28
03-03 09:36:01.688     1     1 W         : (1)[1:swapper/0] do_one_initcall+0x120/0x288
03-03 09:36:01.688     1     1 W         : (1)[1:swapper/0] do_initcalls+0x158/0x198
03-03 09:36:01.688     1     1 W         : (1)[1:swapper/0] kernel_init_freeable+0x1b0/0x270
03-03 09:36:01.688     1     1 W         : (1)[1:swapper/0] kernel_init+0x18/0x2b0
03-03 09:36:01.688     1     1 W         : (1)[1:swapper/0] ret_from_fork+0x10/0x1c
03-03 09:36:01.688     1     1 W         : (1)[1:swapper/0]---[ end trace 39b3b82a3a03411f ]---
03-03 09:36:01.688     1     1 W (1)[1:swapper/0]cam_tfe: probe of 5c7c000.qcom,tfe2 failed with error -22
03-03 09:36:01.689     1     1 I (1)[1:swapper/0]CAM_INFO: CAM-ISP: cam_isp_dev_probe: 207 Camera ISP probe complete
03-03 09:36:01.689     1     1 I (1)[1:swapper/0]CAM_INFO: CAM: cam_res_mgr_probe: 682 Disable shared gpio support.
03-03 09:36:01.690     1     1 I (1)[1:swapper/0]cam-cci-driver 5c1b000.qcom,cci0: Linked as a consumer to regulator.1
03-03 09:36:01.693     1     1 I (1)[1:swapper/0]CAM_INFO: CAM-CCI: cam_cci_platform_probe: 555 Device Type :0
03-03 09:36:01.693     1     1 I (1)[1:swapper/0]CAM_WARN: CAM-CCI: cam_cci_create_debugfs_entry: 477 DebugFS not enabled
03-03 09:36:01.693     1     1 I (1)[1:swapper/0]cam-csiphy-driver 5c52000.qcom,csiphy0: Linked as a consumer to regulator.1
03-03 09:36:01.693     1     1 I (1)[1:swapper/0]cam-csiphy-driver 5c53000.qcom,csiphy1: Linked as a consumer to regulator.1
03-03 09:36:01.694     1     1 I (1)[1:swapper/0]cam-csiphy-driver 5c54000.qcom,csiphy2: Linked as a consumer to regulator.1
03-03 09:36:01.694     1     1 I (1)[1:swapper/0]CAM_INFO: CAM-ACTUATOR: cam_actuator_parse_dt: 60 No GPIO found
03-03 09:36:01.694     1     1 I (1)[1:swapper/0]CAM_INFO: CAM-ACTUATOR: cam_actuator_parse_dt: 60 No GPIO found
03-03 09:36:01.698     1     1 I (1)[1:swapper/0]CAM_ERR: CAM-FLASH: flash_proc_init: 321 wayoung flash_name
03-03 09:36:01.698     1     1 I (1)[1:swapper/0]CAM_ERR: CAM-FLASH: flash_proc_init: 321 wayoung flash_name
03-03 09:36:01.698     1     1 I (1)[1:swapper/0]CAM_ERR: CAM-FLASH: flash_proc_init: 321 wayoung flash_name
03-03 09:36:01.698     1     1 I (1)[1:swapper/0]ope 5c42000.qcom,ope: Linked as a consumer to regulator.1
03-03 09:36:01.701     1     1 I (1)[1:swapper/0]CAM_INFO: CAM-SMMU: cam_smmu_create_add_handle_in_table: 858 ope already got handle 0x1939c
03-03 09:36:01.702     1     1 I         : (1)[1:swapper/0]GACT probability NOT on
03-03 09:36:01.702     1     1 I         : (1)[1:swapper/0]Mirror/redirect action on
03-03 09:36:01.702     1     1 I (1)[1:swapper/0]netem: version 1.3
03-03 09:36:01.702     1     1 I         : (1)[1:swapper/0]u32 classifier
03-03 09:36:01.702     1     1 I         : (1)[1:swapper/0]    Actions configured
03-03 09:36:01.703     1     1 I (1)[1:swapper/0]xt_time: kernel timezone is -0000
03-03 09:36:01.703     1     1 I (1)[1:swapper/0]gre: GRE over IPv4 demultiplexor driver
03-03 09:36:01.703     1     1 I         : (1)[1:swapper/0]IPv4 over IPsec tunneling driver
03-03 09:36:01.703     1     1 I         : (1)[1:swapper/0]Initializing XFRM netlink socket
03-03 09:36:01.703     1     1 I         : (1)[1:swapper/0]IPsec XFRM device driver
03-03 09:36:01.703     1     1 I (1)[1:swapper/0]NET: Registered protocol family 10
03-03 09:36:01.704     1     1 I         : (1)[1:swapper/0]Segment Routing with IPv6
03-03 09:36:01.704     1     1 I (1)[1:swapper/0]mip6: Mobile IPv6
03-03 09:36:01.705     1     1 I (1)[1:swapper/0]sit: IPv6, IPv4 and MPLS over IPv4 tunneling driver
03-03 09:36:01.705     1     1 I (1)[1:swapper/0]NET: Registered protocol family 17
03-03 09:36:01.705     1     1 I (1)[1:swapper/0]NET: Registered protocol family 15
03-03 09:36:01.705     1     1 I (1)[1:swapper/0]l2tp_core: L2TP core driver, V2.0
03-03 09:36:01.705     1     1 I (1)[1:swapper/0]l2tp_ppp: PPPoL2TP kernel driver, V2.0
03-03 09:36:01.705     1     1 I (1)[1:swapper/0]l2tp_ip: L2TP IP encapsulation support (L2TPv3)
03-03 09:36:01.706     1     1 I (1)[1:swapper/0]l2tp_netlink: L2TP netlink interface
03-03 09:36:01.706     1     1 I (1)[1:swapper/0]l2tp_eth: L2TP ethernet pseudowire support (L2TPv3)
03-03 09:36:01.706     1     1 I (1)[1:swapper/0]l2tp_ip6: L2TP IP encapsulation support for IPv6 (L2TPv3)
03-03 09:36:01.706     1     1 I (1)[1:swapper/0]sctp: Hash tables configured (bind 256/256)
03-03 09:36:01.706     1     1 I         : (1)[1:swapper/0]Key type dns_resolver registered
03-03 09:36:01.706     1     1 W (1)[1:swapper/0][oplus_nwpower] netlink: init netlink successfully.
03-03 09:36:01.706     1     1 W         : (1)[1:swapper/0]oplus_nf_hooks_init module init netlink successfully.
03-03 09:36:01.706     1     1 W         : (1)[1:swapper/0]oplus_nf_hooks_init module register netfilter ops successfully.
03-03 09:36:01.709    89    89 I (1)[89:kworker/1:1]kgsl-3d 5900000.qcom,kgsl-3d0: Linked as a consumer to regulator.11
03-03 09:36:01.709    89    89 I (1)[89:kworker/1:1]kgsl-3d 5900000.qcom,kgsl-3d0: Linked as a consumer to regulator.12
03-03 09:36:01.710    89    89 I (1)[89:kworker/1:1]platform 59a0000.qcom,kgsl-iommu: gfx3d_user: Linked as a consumer to 59a0000.kgsl-smmu
03-03 09:36:01.710    89    89 I (1)[89:kworker/1:1]iommu: Adding device 59a0000.qcom,kgsl-iommu:gfx3d_user to group 21
03-03 09:36:01.710    89    89 I (1)[89:kworker/1:1]platform 59a0000.qcom,kgsl-iommu: gfx3d_secure: Linked as a consumer to 59a0000.kgsl-smmu
03-03 09:36:01.710    89    89 I (1)[89:kworker/1:1]iommu: Adding device 59a0000.qcom,kgsl-iommu:gfx3d_secure to group 22
03-03 09:36:01.724    89    89 E (1)[89:kworker/1:1]thermal thermal_zone49: binding zone quiet-therm-step with cdev thermal-devfreq-0 failed:-22
03-03 09:36:01.725    89    89 I (1)[89:kworker/1:1]msm-dwc3 4e00000.ssusb: Linked as a consumer to regulator.3
03-03 09:36:01.726    89    89 E (1)[89:kworker/1:1]dwc3 4e00000.dwc3: Failed to get clk 'ref': -2
03-03 09:36:01.726    89    89 I (1)[89:kworker/1:1]dwc3 4e00000.dwc3: changing max_speed on rev 00000000
03-03 09:36:01.727    89    89 I (1)[89:kworker/1:1]usb_bam_init: setting SPS_BAM_SMMU_EN flag with (4f04000.qcom,usbbam)
03-03 09:36:01.727    89    89 I (1)[89:kworker/1:1]sps: BAM 0x0000000004f04000 is registered.
03-03 09:36:01.727    89    89 E         : (1)[89:kworker/1:1]Invalid index Defaulting curr to 0
03-03 09:36:01.728    89    89 E (1)[89:kworker/1:1]ipa_rm ipa_rm_delete_resource: 139 IPA RM was not initialized
03-03 09:36:01.728    89    89 E (1)[89:kworker/1:1]usb_bam_ipa_delete_resources: Failed to delete USB_PROD resource
03-03 09:36:01.728    89    89 E (1)[89:kworker/1:1]ipa_rm ipa_rm_delete_resource: 139 IPA RM was not initialized
03-03 09:36:01.728    89    89 E (1)[89:kworker/1:1]usb_bam_ipa_delete_resources: Failed to delete USB_CONS resource
03-03 09:36:01.728    89    89 I (1)[89:kworker/1:1]msm-dwc3 4e00000.ssusb: Dropping the link to regulator.3
03-03 09:36:01.729    89    89 E (1)[89:kworker/1:1]QG-K: qg_parse_dt: DT project index = 2
03-03 09:36:01.744    89    89 E (1)[89:kworker/1:1]QG-K: qg_get_battery_temp: pre_voltage_0 = 539
03-03 09:36:01.744    89    89 E (1)[89:kworker/1:1]QG-K: qg_get_battery_temp: v_temp = 539, ichg = 0, temp_before = 347, temp_after = 347
03-03 09:36:01.747    89    89 I (1)[89:kworker/1:1]QG-K: qg_setup_battery: Battery id in ohm is 19124, in kohm is 19
03-03 09:36:01.748    89    89 E (1)[89:kworker/1:1]of_batterydata_get_best_profile: delta = 13, limit = 0, set limit to 1
03-03 09:36:01.748    89    89 I (1)[89:kworker/1:1]of_batterydata_get_best_profile: Coslight_May25th2020 found
03-03 09:36:01.748    89    89 I (1)[89:kworker/1:1]QG-K: qg_batterydata_init: QG Battery-profile loaded
03-03 09:36:01.750    89    89 E (1)[89:kworker/1:1]QG-K: qg_get_battery_temp: pre_voltage_0 = 539
03-03 09:36:01.750    89    89 E (1)[89:kworker/1:1]QG-K: qg_get_battery_temp: v_temp = 539, ichg = 0, temp_before = 347, temp_after = 347
03-03 09:36:01.751    89    89 E (1)[89:kworker/1:1]QG-K: qg_determine_pon_soc: shutdown_soc_threshold:-22
03-03 09:36:01.766    89    89 E (1)[89:kworker/1:1]QG-K: qg_get_battery_temp: pre_voltage_0 = 539
03-03 09:36:01.766    89    89 E (1)[89:kworker/1:1]QG-K: qg_get_battery_temp: v_temp = 539, ichg = 0, temp_before = 347, temp_after = 347
03-03 09:36:01.766    89    89 I (1)[89:kworker/1:1]QG-K: qg_determine_pon_soc: using SHUTDOWN_SOC @ PON ocv_uv=3799500uV soc=34
03-03 09:36:01.767    89    89 I (1)[89:kworker/1:1]QG-K: qpnp_qg_probe: QG initialized! battery_profile=Coslight_May25th2020 SOC=34 QG_subtype=3
03-03 09:36:01.767    89    89 E         : (1)[89:kworker/1:1][OPLUS_CHG][oplus_chg_parse_svooc_dt]oplus_parse_svooc_dt, chip->vbatt_num = 1,chip->vooc_project = 0.
03-03 09:36:01.767    89    89 I         : (1)[89:kworker/1:1][OPLUS_CHG][smb5_probe]smb5_Probe Start----
03-03 09:36:01.767    89    89 I         : (1)[89:kworker/1:1][OPLUS_CHG][smb5_probe]smb5_chg_config_init end
03-03 09:36:01.768    89    89 E         : (1)[89:kworker/1:1]qg_ext_sense =0
03-03 09:36:01.768    89    89 I         : (1)[89:kworker/1:1][OPLUS_CHG][smb5_probe]smb5_parse_dt end
03-03 09:36:01.768    89    89 E (1)[89:kworker/1:1]QCOM-BATT: qcom_batt_init: project-index = 2
03-03 09:36:01.768    89    89 E (1)[89:kworker/1:1]QCOM-BATT: qcom_batt_create_debugfs: Couldn't create battery debugfs rc=-19
03-03 09:36:01.769    89    89 I         : (1)[89:kworker/1:1]type-C don't need to rerun apsd
03-03 09:36:01.769    89    89 I         : (1)[89:kworker/1:1][OPLUS_CHG][smb5_configure_recharging]smb5_init_hw 0x1183 before = 0x7, after = 0x5
03-03 09:36:01.769    89    89 I         : (1)[89:kworker/1:1][OPLUS_CHG][smblib_disable_hw_jeita]jeita reg 0x1090 = 0x0
03-03 09:36:01.770    89    89 I         : (1)[89:kworker/1:1][OPLUS_CHG][smb5_probe]smb5_init_vbus_regulator && smb5_init_vconn_regulator end
03-03 09:36:01.770    89    89 E         : (1)[89:kworker/1:1]opluschg_parse_custom_dt 1
03-03 09:36:01.770    89    89 E         : (1)[89:kworker/1:1]opluschg_parse_custom_dt 2
03-03 09:36:01.770    89    89 E         : (1)[89:kworker/1:1]qcom,usbid-gpio = gpio-2
03-03 09:36:01.770    89    89 E         : (1)[89:kworker/1:1]qcom,usbid-gpio unvalid
03-03 09:36:01.771    89    89 I         : (1)[89:kworker/1:1][OPLUS_CHG][opluschg_parse_custom_dt]usb_switch_1, dischg, ship_mode, shortc, ccdetect] = [-2, 1156, -2, -1, -1]
03-03 09:36:01.771    89    89 E (1)[89:kworker/1:1][OPLUS_CHG][oplus_chg_parse_charger_dt]usb_high_than_bat_decidegc: 100
03-03 09:36:01.771    89    89 E         : (1)[89:kworker/1:1][OPLUS_CHG][oplus_chg_parse_charger_dt] CONFIG_HIGH_TEMP_VERSION disabled
03-03 09:36:01.771    89    89 E         : (1)[89:kworker/1:1][OPLUS_CHG][oplus_chg_parse_charger_dt] normal_phase1_bat_decidegc fail
03-03 09:36:01.771    89    89 E         : (1)[89:kworker/1:1][OPLUS_CHG][oplus_chg_parse_charger_dt] temp_normal_phase1_vfloat_mv fail
03-03 09:36:01.771    89    89 E         : (1)[89:kworker/1:1][OPLUS_CHG][oplus_chg_parse_charger_dt] temp_normal_phase1_fastchg_current_ma fail
03-03 09:36:01.771    89    89 E         : (1)[89:kworker/1:1][OPLUS_CHG][oplus_chg_parse_charger_dt] normal_phase2_bat_decidegc fail
03-03 09:36:01.771    89    89 E         : (1)[89:kworker/1:1][OPLUS_CHG][oplus_chg_parse_charger_dt] temp_normal_phase2_vfloat_mv fail
03-03 09:36:01.771    89    89 E         : (1)[89:kworker/1:1][OPLUS_CHG][oplus_chg_parse_charger_dt] temp_normal_phase2_fastchg_current_ma_high fail
03-03 09:36:01.771    89    89 E         : (1)[89:kworker/1:1][OPLUS_CHG][oplus_chg_parse_charger_dt] temp_normal_phase2_fastchg_current_ma_low fail
03-03 09:36:01.771    89    89 E         : (1)[89:kworker/1:1][OPLUS_CHG][oplus_chg_parse_charger_dt] normal_phase3_bat_decidegc fail
03-03 09:36:01.771    89    89 E         : (1)[89:kworker/1:1][OPLUS_CHG][oplus_chg_parse_charger_dt] temp_normal_phase3_vfloat_mv fail
03-03 09:36:01.771    89    89 E         : (1)[89:kworker/1:1][OPLUS_CHG][oplus_chg_parse_charger_dt] temp_normal_phase3_fastchg_current_ma_high fail
03-03 09:36:01.771    89    89 E         : (1)[89:kworker/1:1][OPLUS_CHG][oplus_chg_parse_charger_dt] temp_normal_phase3_fastchg_current_ma_low fail
03-03 09:36:01.771    89    89 E         : (1)[89:kworker/1:1][OPLUS_CHG][oplus_chg_parse_charger_dt] normal_phase4_bat_decidegc fail
03-03 09:36:01.771    89    89 E         : (1)[89:kworker/1:1][OPLUS_CHG][oplus_chg_parse_charger_dt] temp_normal_phase4_vfloat_mv fail
03-03 09:36:01.771    89    89 E         : (1)[89:kworker/1:1][OPLUS_CHG][oplus_chg_parse_charger_dt] temp_normal_phase4_fastchg_current_ma_high fail
03-03 09:36:01.771    89    89 E         : (1)[89:kworker/1:1][OPLUS_CHG][oplus_chg_parse_charger_dt] temp_normal_phase4_fastchg_current_ma_low fail
03-03 09:36:01.771    89    89 E         : (1)[89:kworker/1:1][OPLUS_CHG][oplus_chg_parse_charger_dt] normal_phase5_bat_decidegc fail
03-03 09:36:01.771    89    89 E         : (1)[89:kworker/1:1][OPLUS_CHG][oplus_chg_parse_charger_dt] temp_normal_phase5_vfloat_mv fail
03-03 09:36:01.771    89    89 E         : (1)[89:kworker/1:1][OPLUS_CHG][oplus_chg_parse_charger_dt] temp_normal_phase5_fastchg_current_ma fail
03-03 09:36:01.771    89    89 I         : (1)[89:kworker/1:1][OPLUS_CHG][oplus_chg_parse_charger_dt]normal_phase1_bat_decidegc = 0, 			temp_normal_phase1_vfloat_mv = 0, 			temp_normal_phase1_fastchg_current_ma = 0, 			normal_phase2_bat_decidegc = 0, 			temp_normal_phase2_vfloat_mv = 0, 			temp_normal_phase2_fastchg_current_ma_high = 0, 			temp_normal_phase2_fastchg_current_ma_low = 0, 			normal_phase3_bat_decidegc = 0, 			temp_normal_phase3_vfloat_mv = 0, 			temp_normal_phase3_fastchg_current_ma_high = 0, 			temp_normal_phase3_fastchg_current_ma_low = 0, 			normal_phase4_bat_decidegc = 0, 			temp_normal_phase4_vfloat_mv = 0, 			temp_normal_phase4_fastchg_current_ma_high = 0, 			temp_normal_phase4_fastchg_current_ma_low = 0, 			normal_phase5_bat_decidegc = 0, 			temp_normal_phase5_vfloat_mv = 0, 			temp_normal_phase5_fastchg_current_ma = 0, 			normal_phase6_bat_decidegc = 420, 			temp_normal_phase6_vfloat_mv = 0, 			temp_normal_phase6_fastchg_current_ma = 0
03-03 09:36:01.771    89    89 I         : (1)[89:kworker/1:1][OPLUS_CHG][oplus_chg_parse_charger_dt]vbatt_power_off = 3300, 			vbatt_soc_1 = 3410, 			normal_vterm_hw_inc = 18, 			, 			non_normal_vterm_hw_inc = 18, 			vbatt_pdqc_to_9v_thr = 4000, 			vbatt_pdqc_to_5v_thr = 4100
03-03 09:36:01.771    89    89 I         : (1)[89:kworker/1:1][OPLUS_CHG][oplus_chg_parse_charger_dt]ff1_normal_fastchg_ma = 1200, 			ffc2_temp_warm_decidegc = 350, 			ffc2_temp_high_decidegc = 400, 			ffc2_normal_fastchg_ma = 750, 			chip->limits.ffc2_warm_fastchg_ma = 800, 			ffc2_exit_step_ma = 150, 			ffc_normal_vfloat_sw_limit = 4475, 			ffc_warm_vfloat_sw_limit = 4475, 			ffc2_normal_vfloat_sw_limit = 4475, 			ffc2_warm_vfloat_sw_limit = 4475, 			ffc1_temp_normal_vfloat_mv = 4550, 			ffc2_temp_normal_vfloat_mv = 4550, 			ffc_normal_vfloat_over_sw_limit = 4550 			ffc2_temp_low_decidegc = 120 			limits.ff1_exit_step_ma = 600 			limits.ff1_warm_exit_step_ma = 550 			pd_input_current_charger_ma = 3000 			qc_input_current_charger_ma = 2000
03-03 09:36:01.771    89    89 E         : (1)[89:kworker/1:1][OPLUS_CHG][oplus_chg_parse_charger_dt]qc_temp_cool_decidegc = 220, 			qc_temp_normal_decidegc = 340, 			qc_temp_warm_decidegc = 370, 			qc_temp_cool_fastchg_ma = 3100, 			qc_temp_normal_fastchg_ma_hight = 3500, 			qc_temp_normal_fastchg_ma_low = 3300, 			qc_temp_warm_fastchg_ma = 3300, 			qc_temp_warm_fastchg_ma_hight = 3300, 			qc_temp_warm_fastchg_ma_low = 3300, 			qc_temp_little_hot_fastchg_ma = 2900, 			qc_temp_little_hot_fastchg_ma_hight = 2900, 			qc_temp_little_hot_fastchg_ma_low = 2900, 			qc_temp_little_too_hot_fastchg_ma = 2700, 			qc_temp_hot_fastchg_ma = 1450
03-03 09:36:01.771    89    89 I         : (1)[89:kworker/1:1][OPLUS_CHG][oplus_chg_parse_charger_dt]default_iterm_ma = 260, 			default_temp_normal_fastchg_current_ma = 2200, 			default_normal_vfloat_sw_limit = 4385, 			default_temp_normal_vfloat_mv = 4435, 			default_normal_vfloat_over_sw_limit = 4440
03-03 09:36:01.771    89    89 I         : (1)[89:kworker/1:1][OPLUS_CHG][oplus_chg_parse_charger_dt]default_temp_little_cool_fastchg_current_ma = 2200, 			default_little_cool_vfloat_sw_limit = 4385, 			default_temp_little_cool_vfloat_mv = 4435, 			default_little_cool_vfloat_over_sw_limit = 4440
03-03 09:36:01.772    89    89 I         : (1)[89:kworker/1:1][OPLUS_CHG][oplus_chg_parse_charger_dt]dual_charger_support=0, slave_pct=50, slave_chg_enable_ma=2100, slave_chg_disable_ma=1700
03-03 09:36:01.772    89    89 I         : (1)[89:kworker/1:1][OPLUS_CHG][oplus_chg_variables_init]use get_oplus_high_battery_status
03-03 09:36:01.774    89    89 I (1)[89:kworker/1:1]QG-K: is_batt_id_valid: id_batt_id_valid project number=20671, battery id voltage=300
03-03 09:36:01.774    89    89 I         : (1)[89:kworker/1:1][OPLUS_CHG][oplus_get_smooth_soc_switch]smooth_switch = 0
03-03 09:36:01.777    23    23 E (1)[23:kworker/1:0]of_batterydata_get_best_profile: delta = 13, limit = 0, set limit to 1
03-03 09:36:01.777    23    23 I (1)[23:kworker/1:0]of_batterydata_get_best_profile: Coslight_May25th2020 found
03-03 09:36:01.777    23    23 E (1)[23:kworker/1:0]pmi632_charger: jeita_update_work: Couldn't get fcc values for soft JEITA rc=-22
03-03 09:36:01.777    23    23 E         : (1)[23:kworker/1:0]get prop 31 is not ready in batt
03-03 09:36:01.777    23    23 E         : (1)[23:kworker/1:0]get prop 31 is not ready in batt
03-03 09:36:01.777    23    23 E         : (1)[23:kworker/1:0]get prop 33 is not ready in batt
03-03 09:36:01.777    23    23 E         : (1)[23:kworker/1:0]get prop 34 is not ready in batt
03-03 09:36:01.777    23    23 E         : (1)[23:kworker/1:0]get prop 73 is not ready in batt
03-03 09:36:01.777    23    23 E         : (1)[23:kworker/1:0]get prop 43 is not ready in batt
03-03 09:36:01.777    23    23 E         : (1)[23:kworker/1:0]get prop 48 is not ready in batt
03-03 09:36:01.778    23    23 E         : (1)[23:kworker/1:0]get prop 93 is not ready in batt
03-03 09:36:01.778    23    23 E         : (1)[23:kworker/1:0]get prop 77 is not ready in batt
03-03 09:36:01.778    23    23 E         : (1)[23:kworker/1:0]get prop 37 is not ready in batt
03-03 09:36:01.778    23    23 E         : (1)[23:kworker/1:0]get prop 55 is not ready in batt
03-03 09:36:01.778   375   375 E         : (1)[375:kworker/1:3]get prop 73 is not ready in batt
03-03 09:36:01.778   375   375 E (1)[375:kworker/1:3]bcl_soc: bcl_read_soc battery percentage read error:-61
03-03 09:36:01.778   375   375 E         : (1)[375:kworker/1:3]get prop 93 is not ready in batt
03-03 09:36:01.778   375   375 E (1)[375:kworker/1:3]QG-K: qg_notify_charger: Failed to get charge term current, rc=-61
03-03 09:36:01.778   375   375 E         : (1)[375:kworker/1:3]get prop 34 is not ready in batt
03-03 09:36:01.778   375   375 E (1)[375:kworker/1:3]QG-K: qg_battery_status_update: Failed to get battery-present, rc=-61
03-03 09:36:01.778   375   375 E (1)[375:kworker/1:3]QG-K: qg_status_change_work: Failed to process battery status update rc=-61
03-03 09:36:01.778   375   375 E         : (1)[375:kworker/1:3]get prop 31 is not ready in batt
03-03 09:36:01.778   375   375 E (1)[375:kworker/1:3]QG-K: qg_status_change_work: Failed to get charger status, rc=-61
03-03 09:36:01.778   376   376 E         : (1)[376:kworker/1:4]get prop 34 is not ready in batt
03-03 09:36:01.778   376   376 E (1)[376:kworker/1:4]QCOM-STEPCHG: handle_battery_insertion: Get battery present status failed, rc=-61
03-03 09:36:01.806   362   362 E (1)[362:kworker/1:2]QG-K: qg_get_battery_temp: pre_voltage_0 = 539
03-03 09:36:01.806   362   362 E (1)[362:kworker/1:2]QG-K: qg_get_battery_temp: v_temp = 544, ichg = 714, temp_before = 347, temp_after = 341
03-03 09:36:01.809   362   362 E (1)[362:kworker/1:2]QG-K: qg_get_parallel_current_now: parallel_isense = -1373
03-03 09:36:01.812    23    23 E (1)[23:kworker/1:0]QG-K: qg_get_parallel_current_now: parallel_isense = -1373
03-03 09:36:01.812    23    23 E         : (1)[23:kworker/1:0]get prop 31 is not ready in batt
03-03 09:36:01.812    23    23 E         : (1)[23:kworker/1:0]get prop 33 is not ready in batt
03-03 09:36:01.812    23    23 E         : (1)[23:kworker/1:0]get prop 34 is not ready in batt
03-03 09:36:01.812    23    23 E         : (1)[23:kworker/1:0]get prop 37 is not ready in batt
03-03 09:36:01.812    23    23 E         : (1)[23:kworker/1:0]get prop 73 is not ready in batt
03-03 09:36:01.812    23    23 E         : (1)[23:kworker/1:0]get prop 77 is not ready in batt
03-03 09:36:01.812    23    23 E         : (1)[23:kworker/1:0]get prop 43 is not ready in batt
03-03 09:36:01.812    23    23 E         : (1)[23:kworker/1:0]get prop 40 is not ready in batt
03-03 09:36:01.812    23    23 E         : (1)[23:kworker/1:0]get prop 48 is not ready in batt
03-03 09:36:01.812    23    23 E         : (1)[23:kworker/1:0]get prop 16 is not ready in batt
03-03 09:36:01.812    23    23 E         : (1)[23:kworker/1:0]get prop 17 is not ready in batt
03-03 09:36:01.812    23    23 E         : (1)[23:kworker/1:0]get prop 5 is not ready in batt
03-03 09:36:01.812    23    23 E         : (1)[23:kworker/1:0]get prop 6 is not ready in batt
03-03 09:36:01.812    23    23 E         : (1)[23:kworker/1:0]get prop 7 is not ready in batt
03-03 09:36:01.812    23    23 E         : (1)[23:kworker/1:0]get prop 11 is not ready in batt
03-03 09:36:01.812    23    23 E         : (1)[23:kworker/1:0]get prop 12 is not ready in batt
03-03 09:36:01.812    23    23 E         : (1)[23:kworker/1:0]get prop 13 is not ready in batt
03-03 09:36:01.812    23    23 E         : (1)[23:kworker/1:0]get prop 249 is not ready in batt
03-03 09:36:01.812    23    23 E         : (1)[23:kworker/1:0]get prop 14 is not ready in batt
03-03 09:36:01.812    23    23 E         : (1)[23:kworker/1:0]get prop 18 is not ready in batt
03-03 09:36:01.812    23    23 E         : (1)[23:kworker/1:0]get prop 236 is not ready in batt
03-03 09:36:01.812    23    23 E         : (1)[23:kworker/1:0]get prop 237 is not ready in batt
03-03 09:36:01.812    23    23 E         : (1)[23:kworker/1:0]get prop 22 is not ready in batt
03-03 09:36:01.812    23    23 E         : (1)[23:kworker/1:0]get prop 23 is not ready in batt
03-03 09:36:01.812    23    23 E         : (1)[23:kworker/1:0]get prop 239 is not ready in batt
03-03 09:36:01.812    23    23 E         : (1)[23:kworker/1:0]get prop 241 is not ready in batt
03-03 09:36:01.812    23    23 E         : (1)[23:kworker/1:0]get prop 24 is not ready in batt
03-03 09:36:01.812    23    23 E         : (1)[23:kworker/1:0]get prop 25 is not ready in batt
03-03 09:36:01.812    23    23 E         : (1)[23:kworker/1:0]get prop 93 is not ready in batt
03-03 09:36:01.812    23    23 E         : (1)[23:kworker/1:0]get prop 112 is not ready in batt
03-03 09:36:01.812    23    23 E         : (1)[23:kworker/1:0]get prop 242 is not ready in batt
03-03 09:36:01.812    23    23 E         : (1)[23:kworker/1:0]get prop 243 is not ready in batt
03-03 09:36:01.812    23    23 E         : (1)[23:kworker/1:0]get prop 26 is not ready in batt
03-03 09:36:01.812    23    23 E         : (1)[23:kworker/1:0]get prop 27 is not ready in batt
03-03 09:36:01.812    23    23 E         : (1)[23:kworker/1:0]get prop 28 is not ready in batt
03-03 09:36:01.816   375   375 E (1)[375:kworker/1:3]QG-K: qg_get_battery_temp: pre_voltage_0 = 540
03-03 09:36:01.816   375   375 E (1)[375:kworker/1:3]QG-K: qg_get_battery_temp: v_temp = 544, ichg = 714, temp_before = 346, temp_after = 341
03-03 09:36:01.816   375   375 E         : (1)[375:kworker/1:3]get prop 33 is not ready in batt
03-03 09:36:01.816   375   375 E (1)[375:kworker/1:3]QG-K: qg_charge_full_update: Failed to get battery health, rc=-61
03-03 09:36:01.819    89    89 E         : (1)[89:kworker/1:1][OPLUS_CHG][opluschg_get_shutdown_soc]get restored soc err = -1
03-03 09:36:01.819    89    89 I         : (1)[89:kworker/1:1][OPLUS_CHG][opluschg_get_shutdown_soc]use QG soc = 34
03-03 09:36:01.819    89    89 E         : (1)[89:kworker/1:1][OPLUS_CHG][opluschg_get_shutdown_soc]get restored soc err = -1
03-03 09:36:01.819    89    89 I         : (1)[89:kworker/1:1][OPLUS_CHG][opluschg_get_shutdown_soc]use QG soc = 34
03-03 09:36:01.819    89    89 E         : (1)[89:kworker/1:1][OPLUS_CHG][opluschg_get_shutdown_soc]get restored soc err = -1
03-03 09:36:01.819    89    89 I         : (1)[89:kworker/1:1][OPLUS_CHG][opluschg_get_shutdown_soc]use QG soc = 34
03-03 09:36:01.819    89    89 E         : (1)[89:kworker/1:1][OPLUS_CHG][oplus_chg_get_battery_data][soc ui_soc soc_load smooth_soc smooth_switch] = [34 34 34 34 0]
03-03 09:36:01.819    89    89 E         : (1)[89:kworker/1:1][OPLUS_CHG][oplus_chg_debug_info_reset]enter
03-03 09:36:01.820    89    89 I         : (1)[89:kworker/1:1][OPLUS_CHG][oplus_chg_init] end
03-03 09:36:01.820    89    89 I         : (1)[89:kworker/1:1][OPLUS_CHG][smblib_usb_plugin_locked]0
03-03 09:36:01.820    89    89 E         : (1)[89:kworker/1:1][OPLUS_CHG][smblib_usb_plugin_locked]chg->qc_detach_time = 1991
03-03 09:36:01.820    89    89 E (1)[89:kworker/1:1][smblib_usb_plugin_locked]: [0 0 0 0 0]
03-03 09:36:01.820    89    89 E (1)[89:kworker/1:1]pmi632_charger: smblib_usb_plugin_locked: smblib_usb_plugin_locked:plug out fastchg_to_normal or fastchg_to_warm or 5v2a
03-03 09:36:01.820    89    89 E         : (1)[89:kworker/1:1][OPLUS_CHG][opluschg_set_chargerid_switch]chargerid_switch_gpio not exist, return
03-03 09:36:01.820    89    89 E         : (1)[89:kworker/1:1][OPLUS_CHG][oplus_vooc_switch_mode]  g_vooc_chip is NULL
03-03 09:36:01.820    89    89 E (1)[89:kworker/1:1]pmi632_charger: smblib_usb_plugin_locked: smblib_usb_plugin_locked:chargerid_volt_got 1 false chg->keep_ui = 1
03-03 09:36:01.820    89    89 I (1)[89:kworker/1:1]qcom,qpnp-smb5 1c40000.qcom,spmi: qcom,pmi632@2:qcom,qpnp-smb5: Linked as a consumer to regulator.48
03-03 09:36:01.820    89    89 I         : (1)[89:kworker/1:1][OPLUS_CHG][smblib_update_usb_type]APSD=UNKNOWN PD=0
03-03 09:36:01.820    89    89 I         : (1)[89:kworker/1:1][OPLUS_CHG][opluschg_set_otg_switch]stat 0x1544 = 0x2, otg_switch = 0, otg_online = 0, ui_otg_switch = 0
03-03 09:36:01.820    89    89 E         : (1)[89:kworker/1:1]when flash active skip update battery status flash_active = 0
03-03 09:36:01.820   375   375 I         : (1)[375:kworker/1:3][OPLUS_CHG][opluschg_get_charger_type]APSD_STATUS = 0x00, type = 0
03-03 09:36:01.820   375   375 I         : (1)[375:kworker/1:3][OPLUS_CHG][oplus_charger_detect_check]Charger in 1 charger_type=0
03-03 09:36:01.820   375   375 I         : (1)[375:kworker/1:3][OPLUS_CHG][oplus_charger_detect_check]oplus_wireless_charge_start == false
03-03 09:36:01.820   375   375 I         : (1)[375:kworker/1:3][OPLUS_CHG][opluschg_set_fv]set 4435mV
03-03 09:36:01.821   375   375 I         : (1)[375:kworker/1:3][OPLUS_CHG][oplus_chg_set_charging_current]vbatt_higherthan_4180mv [0], charging_current[2100]
03-03 09:36:01.821   375   375 I         : (1)[375:kworker/1:3][OPLUS_CHG][oplus_chg_set_charging_current][BATTERY]LED ON, charging current: 2100
03-03 09:36:01.821   375   375 I         : (1)[375:kworker/1:3][OPLUS_CHG][oplus_chg_set_charging_current][BATTERY]LED ON, qc_temp_hot_fastchg_ma_led_on: 2100
03-03 09:36:01.821   375   375 I         : (1)[375:kworker/1:3][OPLUS_CHG][opluschg_set_fcc]opluschg_set_fcc = 2100
03-03 09:36:01.823   375   375 E (1)[375:kworker/1:3]QG-K: qg_get_battery_temp: pre_voltage_0 = 538
03-03 09:36:01.823   375   375 E (1)[375:kworker/1:3]QG-K: qg_get_battery_temp: v_temp = 542, ichg = 714, temp_before = 348, temp_after = 343
03-03 09:36:01.844   362   362 E (1)[362:kworker/1:2]QG-K: qg_get_parallel_current_now: parallel_isense = -1525
03-03 09:36:01.844   362   362 E         : (1)[362:kworker/1:2]get prop 249 is not supported in batt
03-03 09:36:01.847   381   381 I (1)[381:kworker/1:9]QG-K: is_batt_id_valid: id_batt_id_valid project number=20671, battery id voltage=300
03-03 09:36:01.877   375   375 E (1)[375:kworker/1:3]swjeita_noshake_lower_fcc: future_fcc=2200, now_swjeita_fcc=2100
03-03 09:36:01.877   375   375 I         : (1)[375:kworker/1:3][OPLUS_CHG][opluschg_set_fv]set 4435mV
03-03 09:36:01.877   375   375 I         : (1)[375:kworker/1:3][OPLUS_CHG][oplus_chg_set_charging_current]normal charging_current=2200
03-03 09:36:01.877   375   375 I         : (1)[375:kworker/1:3][OPLUS_CHG][oplus_chg_set_charging_current][BATTERY]LED ON, charging current: 2200
03-03 09:36:01.877   375   375 I         : (1)[375:kworker/1:3][OPLUS_CHG][oplus_chg_set_charging_current][BATTERY]LED ON, qc_temp_hot_fastchg_ma_led_on: 2200
03-03 09:36:01.877   375   375 I         : (1)[375:kworker/1:3][OPLUS_CHG][opluschg_set_fcc]opluschg_set_fcc = 2200
03-03 09:36:01.877   375   375 I         : (1)[375:kworker/1:3][OPLUS_CHG][oplus_chg_check_status_full]0 0 0 1 1 0
03-03 09:36:01.877   375   375 I (1)[375:kworker/1:3][OPLUS_CHG][oplus_chg_check_ffc_status]route 1: fastchg_to_ffc[0] fastchg_ffc_status[0] ffc_temp_status[0] icharging[714] batt_volt[3710]
03-03 09:36:01.877   375   375 I         : (1)[375:kworker/1:3][OPLUS_CHG][oplus_chg_check_ffc_status]route 8
03-03 09:36:01.877   375   375 I         : (1)[375:kworker/1:3][OPLUS_CHG][oplus_chg_fast_switch_check]fastchg_started 0 reset_mcu_delay = 0
03-03 09:36:01.877   375   375 I         : (1)[375:kworker/1:3][OPLUS_CHG][oplus_chg_update_ui_soc]full [soc ui_soc smooth_soc down_limit up_limit] = [34 34 34 8 2]
03-03 09:36:01.877   375   375 I (1)[375:kworker/1:3][OPLUS_CHG][oplus_chg_update_ui_soc]: 34,waiting_for_ffc:1,fastchg_to_ffc:1,fastchg_start:0,chg_type=0x0
03-03 09:36:01.877   375   375 E         : (1)[375:kworker/1:3][OPLUS_CHG][opluschg_get_shutdown_soc]get restored soc err = -1
03-03 09:36:01.877   375   375 I         : (1)[375:kworker/1:3][OPLUS_CHG][opluschg_get_shutdown_soc]use QG soc = 34
03-03 09:36:01.877   375   375 I         : (1)[375:kworker/1:3][OPLUS_CHG][oplus_chg_print_log] CHGR[ 1 / 0 / 8 / 1 / 2 ], 			BAT[ 1 / 0 / 1 / 0 / 1 / 5 ], 			GAUGE[ 343 / 3710 / 3710 / 714 / 0 / 34 / 34 / 34 / 1700 ], STATUS[ 0x0 / 0 / 0 / 0 / 0 / 0x0 ], 			OTHER[ 0 / 1 / 101 / 2 / 0/ 0 / -2740], 			DEVICETREE[ 4100 / 0 / 0 / 0]
03-03 09:36:01.880    89    89 I (1)[89:kworker/1:1]QG-K: is_batt_id_valid: id_batt_id_valid project number=20671, battery id voltage=302
03-03 09:36:01.880   362   362 I         : (1)[362:kworker/1:2][OPLUS_CHG][opluschg_get_charger_type]APSD_STATUS = 0x00, type = 0
03-03 09:36:01.880   362   362 I         : (1)[362:kworker/1:2][OPLUS_CHG][oplus_charger_detect_check]Charger in 1 charger_type=0
03-03 09:36:01.880   362   362 I         : (1)[362:kworker/1:2][OPLUS_CHG][oplus_charger_detect_check]oplus_wireless_charge_start == false
03-03 09:36:01.880   362   362 I         : (1)[362:kworker/1:2][OPLUS_CHG][opluschg_set_fv]set 4435mV
03-03 09:36:01.880   362   362 I         : (1)[362:kworker/1:2][OPLUS_CHG][oplus_chg_set_charging_current]normal charging_current=2200
03-03 09:36:01.880   362   362 I         : (1)[362:kworker/1:2][OPLUS_CHG][oplus_chg_set_charging_current][BATTERY]LED ON, charging current: 2200
03-03 09:36:01.880   362   362 I         : (1)[362:kworker/1:2][OPLUS_CHG][oplus_chg_set_charging_current][BATTERY]LED ON, qc_temp_hot_fastchg_ma_led_on: 2200
03-03 09:36:01.880   362   362 I         : (1)[362:kworker/1:2][OPLUS_CHG][opluschg_set_fcc]opluschg_set_fcc = 2200
03-03 09:36:01.880    89    89 E (1)[89:kworker/1:1][oplus_usbtemp_monitor_main]: run first!
03-03 09:36:01.880    89    89 I         : (1)[89:kworker/1:1]SMB5 status - usb:present=0 type=0 batt:present = 1 health = 1 charge = 1
03-03 09:36:01.880    89    89 E         : (1)[89:kworker/1:1]coco cocob typec zmlin
03-03 09:36:01.880    89    89 I         : (1)[89:kworker/1:1][OPLUS_CHG][opluschg_set_otg_switch]stat 0x1544 = 0x2, otg_switch = 0, otg_online = 0, ui_otg_switch = 0
03-03 09:36:01.880    89    89 E         : (1)[89:kworker/1:1]QPNP SMB5 probed successfully
03-03 09:36:01.883   381   381 E (1)[381:kworker/1:9]QG-K: qg_get_battery_temp: pre_voltage_0 = 540
03-03 09:36:01.883   381   381 E (1)[381:kworker/1:9]QG-K: qg_get_battery_temp: v_temp = 544, ichg = 668, temp_before = 346, temp_after = 341
03-03 09:36:01.886   381   381 I (1)[381:kworker/1:9]QG-K: is_batt_id_valid: id_batt_id_valid project number=20671, battery id voltage=302
03-03 09:36:01.890   375   375 E (1)[375:kworker/1:3]QG-K: qg_get_parallel_current_now: parallel_isense = -1525
03-03 09:36:01.890   375   375 E         : (1)[375:kworker/1:3]get prop 249 is not supported in batt
03-03 09:36:01.893   362   362 E (1)[362:kworker/1:2]QG-K: qg_get_battery_temp: pre_voltage_0 = 540
03-03 09:36:01.893   362   362 E (1)[362:kworker/1:2]QG-K: qg_get_battery_temp: v_temp = 544, ichg = 668, temp_before = 346, temp_after = 341
03-03 09:36:01.893   376   376 E (1)[376:kworker/1:4]pmi632_charger: smblib_set_prop_system_temp_level: oplus_chg_get_voocphy_support return
03-03 09:36:01.893   376   376 E (1)[376:kworker/1:4]pmi632_charger: smblib_set_prop_system_temp_level: oplus_chg_get_voocphy_support return
03-03 09:36:01.928   381   381 E (1)[381:kworker/1:9]QG-K: qg_get_battery_temp: pre_voltage_0 = 540
03-03 09:36:01.928   381   381 E (1)[381:kworker/1:9]QG-K: qg_get_battery_temp: v_temp = 544, ichg = 668, temp_before = 346, temp_after = 341
03-03 09:36:01.944   381   381 I (1)[381:kworker/1:9]QG-K: is_batt_id_valid: id_batt_id_valid project number=20671, battery id voltage=301
03-03 09:36:01.947   380   380 E (1)[380:kworker/1:8]QG-K: qg_get_parallel_current_now: parallel_isense = -1373
03-03 09:36:01.947   380   380 E         : (1)[380:kworker/1:8]get prop 249 is not supported in batt
03-03 09:36:01.963   362   362 E (1)[362:kworker/1:2]swjeita_noshake_lower_fcc: future_fcc=2200, now_swjeita_fcc=2200
03-03 09:36:01.963   362   362 I         : (1)[362:kworker/1:2][OPLUS_CHG][oplus_chg_check_status_full]0 0 0 1 1 0
03-03 09:36:01.963   362   362 I (1)[362:kworker/1:2][OPLUS_CHG][oplus_chg_check_ffc_status]route 1: fastchg_to_ffc[0] fastchg_ffc_status[0] ffc_temp_status[0] icharging[668] batt_volt[3714]
03-03 09:36:01.963   362   362 I         : (1)[362:kworker/1:2][OPLUS_CHG][oplus_chg_check_ffc_status]route 8
03-03 09:36:01.963   362   362 I         : (1)[362:kworker/1:2][OPLUS_CHG][oplus_chg_fast_switch_check]fastchg_started 0 reset_mcu_delay = 0
03-03 09:36:01.963   362   362 I (1)[362:kworker/1:2][OPLUS_CHG][oplus_chg_update_ui_soc]: 34,waiting_for_ffc:1,fastchg_to_ffc:1,fastchg_start:0,chg_type=0x0
03-03 09:36:01.963   362   362 I         : (1)[362:kworker/1:2][OPLUS_CHG][oplus_chg_print_log] CHGR[ 1 / 0 / 5 / 1 / 2 ], 			BAT[ 1 / 0 / 1 / 0 / 1 / 5 ], 			GAUGE[ 342 / 3714 / 3714 / 668 / 0 / 34 / 34 / 34 / 1700 ], STATUS[ 0x0 / 0 / 0 / 0 / 0 / 0x0 ], 			OTHER[ 0 / 1 / 101 / 2 / 0/ 0 / -2740], 			DEVICETREE[ 4100 / 0 / 0 / 0]
03-03 09:36:01.974   381   381 E (1)[381:kworker/1:9]QG-K: qg_get_battery_temp: pre_voltage_0 = 539
03-03 09:36:01.974   381   381 E (1)[381:kworker/1:9]QG-K: qg_get_battery_temp: v_temp = 543, ichg = 668, temp_before = 347, temp_after = 342
03-03 09:36:01.978   362   362 E (1)[362:kworker/1:2]QG-K: qg_get_parallel_current_now: parallel_isense = -1525
03-03 09:36:01.978   362   362 E         : (1)[362:kworker/1:2]get prop 249 is not supported in batt
03-03 09:36:01.984   381   381 I (1)[381:kworker/1:9]QG-K: is_batt_id_valid: id_batt_id_valid project number=20671, battery id voltage=302
03-03 09:36:01.985    89    89 E (1)[89:kworker/1:1]pmi632_charger: smblib_set_prop_system_temp_level: oplus_chg_get_voocphy_support return
03-03 09:36:01.985    89    89 E (1)[89:kworker/1:1]pmi632_charger: smblib_set_prop_system_temp_level: oplus_chg_get_voocphy_support return
03-03 09:36:01.985    89    89 E (1)[89:kworker/1:1]pmi632_charger: smblib_set_prop_system_temp_level: oplus_chg_get_voocphy_support return
03-03 09:36:01.985    89    89 E (1)[89:kworker/1:1]pmi632_charger: smblib_set_prop_system_temp_level: oplus_chg_get_voocphy_support return
03-03 09:36:01.987    89    89 E         : (1)[89:kworker/1:1]Error registering TZ zone:-19 for dt_ch:82
03-03 09:36:01.987   381   381 E (1)[381:kworker/1:9]QG-K: qg_get_battery_temp: pre_voltage_0 = 539
03-03 09:36:01.987   381   381 E (1)[381:kworker/1:9]QG-K: qg_get_battery_temp: v_temp = 543, ichg = 642, temp_before = 347, temp_after = 342
03-03 09:36:01.989    89    89 I (1)[89:kworker/1:1]tmc_etr_bam_init: setting SPS_BAM_SMMU_EN flag with (8048000.tmc)
03-03 09:36:01.989    89    89 I (1)[89:kworker/1:1]sps: BAM 0x0000000008064000 is registered.
03-03 09:36:01.989    89    89 I (1)[89:kworker/1:1]coresight-stm 8002000.stm: STM32 initialized
03-03 09:36:01.990    89    89 I (1)[89:kworker/1:1]msm-dwc3 4e00000.ssusb: Linked as a consumer to regulator.3
03-03 09:36:01.991    89    89 E (1)[89:kworker/1:1]dwc3 4e00000.dwc3: Failed to get clk 'ref': -2
03-03 09:36:01.991    89    89 I (1)[89:kworker/1:1]dwc3 4e00000.dwc3: changing max_speed on rev 00000000
